Archive member included to satisfy reference by file (symbol)

.build/obj_boardsource_unicorne_ethangamma24/serial_protocol.a(serial_protocol.o)
                              .build/obj_boardsource_unicorne_ethangamma24/quantum/split_common/transport.o (soft_serial_target_init)
.build/obj_boardsource_unicorne_ethangamma24/serial_vendor.a(serial_vendor.o)
                              .build/obj_boardsource_unicorne_ethangamma24/serial_protocol.a(serial_protocol.o) (serial_transport_driver_clear)
.build/obj_boardsource_unicorne_ethangamma24/i2c_master.a(i2c_master.o)
                              .build/obj_boardsource_unicorne_ethangamma24/oled_driver.o (i2c_init)
/opt/homebrew/Cellar/arm-none-eabi-gcc@8/8.5.0_2/lib/arm-none-eabi-gcc/8/gcc/arm-none-eabi/8.5.0/../../../../../../arm-none-eabi/lib/thumb/v6-m/nofp/libm.a(lib_a-wf_pow.o)
                              .build/obj_boardsource_unicorne_ethangamma24/quantum/process_keycode/process_audio.o (powf)
/opt/homebrew/Cellar/arm-none-eabi-gcc@8/8.5.0_2/lib/arm-none-eabi-gcc/8/gcc/arm-none-eabi/8.5.0/../../../../../../arm-none-eabi/lib/thumb/v6-m/nofp/libm.a(lib_a-ef_pow.o)
                              /opt/homebrew/Cellar/arm-none-eabi-gcc@8/8.5.0_2/lib/arm-none-eabi-gcc/8/gcc/arm-none-eabi/8.5.0/../../../../../../arm-none-eabi/lib/thumb/v6-m/nofp/libm.a(lib_a-wf_pow.o) (__ieee754_powf)
/opt/homebrew/Cellar/arm-none-eabi-gcc@8/8.5.0_2/lib/arm-none-eabi-gcc/8/gcc/arm-none-eabi/8.5.0/../../../../../../arm-none-eabi/lib/thumb/v6-m/nofp/libm.a(lib_a-ef_sqrt.o)
                              /opt/homebrew/Cellar/arm-none-eabi-gcc@8/8.5.0_2/lib/arm-none-eabi-gcc/8/gcc/arm-none-eabi/8.5.0/../../../../../../arm-none-eabi/lib/thumb/v6-m/nofp/libm.a(lib_a-ef_pow.o) (__ieee754_sqrtf)
/opt/homebrew/Cellar/arm-none-eabi-gcc@8/8.5.0_2/lib/arm-none-eabi-gcc/8/gcc/arm-none-eabi/8.5.0/../../../../../../arm-none-eabi/lib/thumb/v6-m/nofp/libm.a(lib_a-s_lib_ver.o)
                              /opt/homebrew/Cellar/arm-none-eabi-gcc@8/8.5.0_2/lib/arm-none-eabi-gcc/8/gcc/arm-none-eabi/8.5.0/../../../../../../arm-none-eabi/lib/thumb/v6-m/nofp/libm.a(lib_a-wf_pow.o) (__fdlib_version)
/opt/homebrew/Cellar/arm-none-eabi-gcc@8/8.5.0_2/lib/arm-none-eabi-gcc/8/gcc/arm-none-eabi/8.5.0/../../../../../../arm-none-eabi/lib/thumb/v6-m/nofp/libm.a(lib_a-sf_fabs.o)
                              /opt/homebrew/Cellar/arm-none-eabi-gcc@8/8.5.0_2/lib/arm-none-eabi-gcc/8/gcc/arm-none-eabi/8.5.0/../../../../../../arm-none-eabi/lib/thumb/v6-m/nofp/libm.a(lib_a-ef_pow.o) (fabsf)
/opt/homebrew/Cellar/arm-none-eabi-gcc@8/8.5.0_2/lib/arm-none-eabi-gcc/8/gcc/arm-none-eabi/8.5.0/../../../../../../arm-none-eabi/lib/thumb/v6-m/nofp/libm.a(lib_a-sf_finite.o)
                              /opt/homebrew/Cellar/arm-none-eabi-gcc@8/8.5.0_2/lib/arm-none-eabi-gcc/8/gcc/arm-none-eabi/8.5.0/../../../../../../arm-none-eabi/lib/thumb/v6-m/nofp/libm.a(lib_a-wf_pow.o) (finitef)
/opt/homebrew/Cellar/arm-none-eabi-gcc@8/8.5.0_2/lib/arm-none-eabi-gcc/8/gcc/arm-none-eabi/8.5.0/../../../../../../arm-none-eabi/lib/thumb/v6-m/nofp/libm.a(lib_a-sf_nan.o)
                              /opt/homebrew/Cellar/arm-none-eabi-gcc@8/8.5.0_2/lib/arm-none-eabi-gcc/8/gcc/arm-none-eabi/8.5.0/../../../../../../arm-none-eabi/lib/thumb/v6-m/nofp/libm.a(lib_a-ef_pow.o) (nanf)
/opt/homebrew/Cellar/arm-none-eabi-gcc@8/8.5.0_2/lib/arm-none-eabi-gcc/8/gcc/arm-none-eabi/8.5.0/../../../../../../arm-none-eabi/lib/thumb/v6-m/nofp/libm.a(lib_a-sf_rint.o)
                              /opt/homebrew/Cellar/arm-none-eabi-gcc@8/8.5.0_2/lib/arm-none-eabi-gcc/8/gcc/arm-none-eabi/8.5.0/../../../../../../arm-none-eabi/lib/thumb/v6-m/nofp/libm.a(lib_a-wf_pow.o) (rintf)
/opt/homebrew/Cellar/arm-none-eabi-gcc@8/8.5.0_2/lib/arm-none-eabi-gcc/8/gcc/arm-none-eabi/8.5.0/../../../../../../arm-none-eabi/lib/thumb/v6-m/nofp/libm.a(lib_a-sf_scalbn.o)
                              /opt/homebrew/Cellar/arm-none-eabi-gcc@8/8.5.0_2/lib/arm-none-eabi-gcc/8/gcc/arm-none-eabi/8.5.0/../../../../../../arm-none-eabi/lib/thumb/v6-m/nofp/libm.a(lib_a-ef_pow.o) (scalbnf)
/opt/homebrew/Cellar/arm-none-eabi-gcc@8/8.5.0_2/lib/arm-none-eabi-gcc/8/gcc/arm-none-eabi/8.5.0/thumb/v6-m/nofp/libgcc.a(_thumb1_case_sqi.o)
                              .build/obj_boardsource_unicorne_ethangamma24/protocol/chibios/usb_main.o (__gnu_thumb1_case_sqi)
/opt/homebrew/Cellar/arm-none-eabi-gcc@8/8.5.0_2/lib/arm-none-eabi-gcc/8/gcc/arm-none-eabi/8.5.0/thumb/v6-m/nofp/libgcc.a(_thumb1_case_uqi.o)
                              .build/obj_boardsource_unicorne_ethangamma24/keyboards/boardsource/unicorne/unicorne.o (__gnu_thumb1_case_uqi)
/opt/homebrew/Cellar/arm-none-eabi-gcc@8/8.5.0_2/lib/arm-none-eabi-gcc/8/gcc/arm-none-eabi/8.5.0/thumb/v6-m/nofp/libgcc.a(_thumb1_case_uhi.o)
                              .build/obj_boardsource_unicorne_ethangamma24/quantum/action.o (__gnu_thumb1_case_uhi)
[...]
Memory Configuration

Name             Origin             Length             Attributes
flash0           0x00000000         0x00004000         xr
flash1           0x10000000         0x00200000         xr
flash2           0x00000000         0x00000000         xr
flash3           0x00000000         0x00000000         xr
flash4           0x00000000         0x00000000         xr
flash5           0x00000000         0x00000000         xr
flash6           0x00000000         0x00000000         xr
flash7           0x00000000         0x00000000         xr
ram0             0x20000000         0x00040000         xw
ram1             0x00000000         0x00040000         xw
ram2             0x00000000         0x00000000         xw
ram3             0x00000000         0x00000000         xw
ram4             0x20040000         0x00001000         xw
ram5             0x20041000         0x00001000         xw
ram6             0x00000000         0x00000000         xw
ram7             0x20041f00         0x00000100         xw
*default*        0x00000000         0xffffffff

Linker script and memory map

LOAD .build/obj_boardsource_unicorne_ethangamma24/keyboards/boardsource/unicorne/unicorne.o
LOAD .build/obj_boardsource_unicorne_ethangamma24/.build/obj_boardsource_unicorne_ethangamma24/src/default_keyboard.o
LOAD .build/obj_boardsource_unicorne_ethangamma24/quantum/keymap_introspection.o
LOAD .build/obj_boardsource_unicorne_ethangamma24/quantum/quantum.o
LOAD .build/obj_boardsource_unicorne_ethangamma24/quantum/bitwise.o
LOAD .build/obj_boardsource_unicorne_ethangamma24/quantum/led.o
LOAD .build/obj_boardsource_unicorne_ethangamma24/quantum/action.o
LOAD .build/obj_boardsource_unicorne_ethangamma24/quantum/action_layer.o
LOAD .build/obj_boardsource_unicorne_ethangamma24/quantum/action_tapping.o
LOAD .build/obj_boardsource_unicorne_ethangamma24/quantum/action_util.o
LOAD .build/obj_boardsource_unicorne_ethangamma24/quantum/eeconfig.o
LOAD .build/obj_boardsource_unicorne_ethangamma24/quantum/keyboard.o
LOAD .build/obj_boardsource_unicorne_ethangamma24/quantum/keymap_common.o
LOAD .build/obj_boardsource_unicorne_ethangamma24/quantum/keycode_config.o
LOAD .build/obj_boardsource_unicorne_ethangamma24/quantum/sync_timer.o
LOAD .build/obj_boardsource_unicorne_ethangamma24/quantum/logging/debug.o
LOAD .build/obj_boardsource_unicorne_ethangamma24/quantum/logging/sendchar.o
LOAD .build/obj_boardsource_unicorne_ethangamma24/quantum/logging/print.o
LOAD .build/obj_boardsource_unicorne_ethangamma24/quantum/matrix_common.o
LOAD .build/obj_boardsource_unicorne_ethangamma24/quantum/matrix.o
LOAD .build/obj_boardsource_unicorne_ethangamma24/quantum/debounce/sym_defer_g.o
LOAD .build/obj_boardsource_unicorne_ethangamma24/quantum/split_common/split_util.o
LOAD .build/obj_boardsource_unicorne_ethangamma24/quantum/split_common/transport.o
LOAD .build/obj_boardsource_unicorne_ethangamma24/quantum/split_common/transactions.o
LOAD .build/obj_boardsource_unicorne_ethangamma24/quantum/main.o
LOAD .build/obj_boardsource_unicorne_ethangamma24/printf.o
LOAD .build/obj_boardsource_unicorne_ethangamma24/quantum/process_keycode/process_audio.o
LOAD .build/obj_boardsource_unicorne_ethangamma24/quantum/process_keycode/process_clicky.o
LOAD .build/obj_boardsource_unicorne_ethangamma24/quantum/audio/audio.o
LOAD .build/obj_boardsource_unicorne_ethangamma24/platforms/chibios/drivers/audio_pwm_hardware.o
LOAD .build/obj_boardsource_unicorne_ethangamma24/quantum/audio/voices.o
LOAD .build/obj_boardsource_unicorne_ethangamma24/quantum/audio/luts.o
LOAD .build/obj_boardsource_unicorne_ethangamma24/eeprom_driver.o
LOAD .build/obj_boardsource_unicorne_ethangamma24/eeprom_wear_leveling.o
LOAD .build/obj_boardsource_unicorne_ethangamma24/wear_leveling.o
LOAD .build/obj_boardsource_unicorne_ethangamma24/wear_leveling_rp2040_flash.o
LOAD .build/obj_boardsource_unicorne_ethangamma24/quantum/color.o
LOAD .build/obj_boardsource_unicorne_ethangamma24/quantum/rgb_matrix/rgb_matrix.o
LOAD .build/obj_boardsource_unicorne_ethangamma24/quantum/rgb_matrix/rgb_matrix_drivers.o
LOAD .build/obj_boardsource_unicorne_ethangamma24/quantum/process_keycode/process_rgb.o
LOAD .build/obj_boardsource_unicorne_ethangamma24/quantum/led_tables.o
LOAD .build/obj_boardsource_unicorne_ethangamma24/qmk_fnv_type_validation.o
LOAD .build/obj_boardsource_unicorne_ethangamma24/hash_32a.o
LOAD .build/obj_boardsource_unicorne_ethangamma24/hash_64a.o
LOAD .build/obj_boardsource_unicorne_ethangamma24/lib/lib8tion/lib8tion.o
LOAD .build/obj_boardsource_unicorne_ethangamma24/oled_driver.o
LOAD .build/obj_boardsource_unicorne_ethangamma24/quantum/encoder.o
LOAD .build/obj_boardsource_unicorne_ethangamma24/encoder_quadrature.o
LOAD .build/obj_boardsource_unicorne_ethangamma24/ws2812_vendor.o
LOAD .build/obj_boardsource_unicorne_ethangamma24/quantum/bootmagic/bootmagic.o
LOAD .build/obj_boardsource_unicorne_ethangamma24/quantum/crc.o
LOAD .build/obj_boardsource_unicorne_ethangamma24/quantum/process_keycode/process_grave_esc.o
LOAD .build/obj_boardsource_unicorne_ethangamma24/quantum/process_keycode/process_magic.o
LOAD .build/obj_boardsource_unicorne_ethangamma24/quantum/mousekey.o
LOAD .build/obj_boardsource_unicorne_ethangamma24/quantum/process_keycode/process_music.o
LOAD .build/obj_boardsource_unicorne_ethangamma24/quantum/send_string/send_string.o
LOAD .build/obj_boardsource_unicorne_ethangamma24/quantum/process_keycode/process_space_cadet.o
LOAD .build/obj_boardsource_unicorne_ethangamma24/protocol/host.o
LOAD .build/obj_boardsource_unicorne_ethangamma24/protocol/report.o
LOAD .build/obj_boardsource_unicorne_ethangamma24/protocol/usb_device_state.o
LOAD .build/obj_boardsource_unicorne_ethangamma24/protocol/usb_util.o
LOAD .build/obj_boardsource_unicorne_ethangamma24/platforms/suspend.o
LOAD .build/obj_boardsource_unicorne_ethangamma24/platforms/synchronization_util.o
LOAD .build/obj_boardsource_unicorne_ethangamma24/platforms/timer.o
LOAD .build/obj_boardsource_unicorne_ethangamma24/platforms/chibios/hardware_id.o
LOAD .build/obj_boardsource_unicorne_ethangamma24/platforms/chibios/platform.o
LOAD .build/obj_boardsource_unicorne_ethangamma24/platforms/chibios/suspend.o
LOAD .build/obj_boardsource_unicorne_ethangamma24/platforms/chibios/timer.o
LOAD .build/obj_boardsource_unicorne_ethangamma24/platforms/chibios/bootloaders/rp2040.o
LOAD .build/obj_boardsource_unicorne_ethangamma24/serial_protocol.a
LOAD .build/obj_boardsource_unicorne_ethangamma24/serial_vendor.a
LOAD .build/obj_boardsource_unicorne_ethangamma24/i2c_master.a
LOAD .build/obj_boardsource_unicorne_ethangamma24/./lib/chibios/os/common/startup/ARMCMx/compilers/GCC/crt0_v6m.o
LOAD .build/obj_boardsource_unicorne_ethangamma24/./lib/chibios/os/common/startup/ARMCMx/compilers/GCC/vectors.o
LOAD .build/obj_boardsource_unicorne_ethangamma24/./lib/chibios/os/common/ports/ARMv6-M-RP2/compilers/GCC/chcoreasm.o
LOAD .build/obj_boardsource_unicorne_ethangamma24/protocol/chibios/usb_main.o
LOAD .build/obj_boardsource_unicorne_ethangamma24/protocol/chibios/chibios.o
LOAD .build/obj_boardsource_unicorne_ethangamma24/usb_descriptor.o
LOAD .build/obj_boardsource_unicorne_ethangamma24/protocol/chibios/usb_driver.o
LOAD .build/obj_boardsource_unicorne_ethangamma24/protocol/chibios/usb_util.o
LOAD .build/obj_boardsource_unicorne_ethangamma24/./lib/chibios/os/oslib/src/chmboxes.o
LOAD .build/obj_boardsource_unicorne_ethangamma24/./lib/chibios/os/oslib/src/chmemcore.o
LOAD .build/obj_boardsource_unicorne_ethangamma24/./lib/chibios/os/oslib/src/chmemheaps.o
LOAD .build/obj_boardsource_unicorne_ethangamma24/./lib/chibios/os/oslib/src/chmempools.o
LOAD .build/obj_boardsource_unicorne_ethangamma24/./lib/chibios/os/oslib/src/chpipes.o
LOAD .build/obj_boardsource_unicorne_ethangamma24/./lib/chibios/os/oslib/src/chobjcaches.o
LOAD .build/obj_boardsource_unicorne_ethangamma24/./lib/chibios/os/oslib/src/chdelegates.o
LOAD .build/obj_boardsource_unicorne_ethangamma24/./lib/chibios/os/oslib/src/chfactory.o
LOAD .build/obj_boardsource_unicorne_ethangamma24/lib/chibios/os/common/startup/ARMCMx/compilers/GCC/crt1.o
LOAD .build/obj_boardsource_unicorne_ethangamma24/lib/chibios/os/rt/src/chsys.o
LOAD .build/obj_boardsource_unicorne_ethangamma24/lib/chibios/os/rt/src/chrfcu.o
LOAD .build/obj_boardsource_unicorne_ethangamma24/lib/chibios/os/rt/src/chdebug.o
LOAD .build/obj_boardsource_unicorne_ethangamma24/lib/chibios/os/rt/src/chtrace.o
LOAD .build/obj_boardsource_unicorne_ethangamma24/lib/chibios/os/rt/src/chvt.o
LOAD .build/obj_boardsource_unicorne_ethangamma24/lib/chibios/os/rt/src/chschd.o
LOAD .build/obj_boardsource_unicorne_ethangamma24/lib/chibios/os/rt/src/chinstances.o
LOAD .build/obj_boardsource_unicorne_ethangamma24/lib/chibios/os/rt/src/chthreads.o
LOAD .build/obj_boardsource_unicorne_ethangamma24/lib/chibios/os/rt/src/chtm.o
LOAD .build/obj_boardsource_unicorne_ethangamma24/lib/chibios/os/rt/src/chstats.o
LOAD .build/obj_boardsource_unicorne_ethangamma24/lib/chibios/os/rt/src/chregistry.o
LOAD .build/obj_boardsource_unicorne_ethangamma24/lib/chibios/os/rt/src/chsem.o
LOAD .build/obj_boardsource_unicorne_ethangamma24/lib/chibios/os/rt/src/chmtx.o
LOAD .build/obj_boardsource_unicorne_ethangamma24/lib/chibios/os/rt/src/chcond.o
LOAD .build/obj_boardsource_unicorne_ethangamma24/lib/chibios/os/rt/src/chevents.o
LOAD .build/obj_boardsource_unicorne_ethangamma24/lib/chibios/os/rt/src/chmsg.o
LOAD .build/obj_boardsource_unicorne_ethangamma24/lib/chibios/os/rt/src/chdynamic.o
LOAD .build/obj_boardsource_unicorne_ethangamma24/lib/chibios/os/common/ports/ARMv6-M-RP2/chcore.o
LOAD .build/obj_boardsource_unicorne_ethangamma24/lib/chibios/os/hal/osal/rt-nil/osal.o
LOAD .build/obj_boardsource_unicorne_ethangamma24/lib/chibios/os/hal/src/hal.o
LOAD .build/obj_boardsource_unicorne_ethangamma24/lib/chibios/os/hal/src/hal_st.o
LOAD .build/obj_boardsource_unicorne_ethangamma24/lib/chibios/os/hal/src/hal_buffers.o
LOAD .build/obj_boardsource_unicorne_ethangamma24/lib/chibios/os/hal/src/hal_queues.o
LOAD .build/obj_boardsource_unicorne_ethangamma24/lib/chibios/os/hal/src/hal_flash.o
LOAD .build/obj_boardsource_unicorne_ethangamma24/lib/chibios/os/hal/src/hal_mmcsd.o
LOAD .build/obj_boardsource_unicorne_ethangamma24/lib/chibios/os/hal/src/hal_adc.o
LOAD .build/obj_boardsource_unicorne_ethangamma24/lib/chibios/os/hal/src/hal_can.o
LOAD .build/obj_boardsource_unicorne_ethangamma24/lib/chibios/os/hal/src/hal_crypto.o
LOAD .build/obj_boardsource_unicorne_ethangamma24/lib/chibios/os/hal/src/hal_dac.o
LOAD .build/obj_boardsource_unicorne_ethangamma24/lib/chibios/os/hal/src/hal_efl.o
LOAD .build/obj_boardsource_unicorne_ethangamma24/lib/chibios/os/hal/src/hal_gpt.o
LOAD .build/obj_boardsource_unicorne_ethangamma24/lib/chibios/os/hal/src/hal_i2c.o
LOAD .build/obj_boardsource_unicorne_ethangamma24/lib/chibios/os/hal/src/hal_i2s.o
LOAD .build/obj_boardsource_unicorne_ethangamma24/lib/chibios/os/hal/src/hal_icu.o
LOAD .build/obj_boardsource_unicorne_ethangamma24/lib/chibios/os/hal/src/hal_mac.o
LOAD .build/obj_boardsource_unicorne_ethangamma24/lib/chibios/os/hal/src/hal_mmc_spi.o
LOAD .build/obj_boardsource_unicorne_ethangamma24/lib/chibios/os/hal/src/hal_pal.o
LOAD .build/obj_boardsource_unicorne_ethangamma24/lib/chibios/os/hal/src/hal_pwm.o
LOAD .build/obj_boardsource_unicorne_ethangamma24/lib/chibios/os/hal/src/hal_rtc.o
LOAD .build/obj_boardsource_unicorne_ethangamma24/lib/chibios/os/hal/src/hal_sdc.o
LOAD .build/obj_boardsource_unicorne_ethangamma24/lib/chibios/os/hal/src/hal_serial.o
LOAD .build/obj_boardsource_unicorne_ethangamma24/lib/chibios/os/hal/src/hal_serial_usb.o
LOAD .build/obj_boardsource_unicorne_ethangamma24/lib/chibios/os/hal/src/hal_sio.o
LOAD .build/obj_boardsource_unicorne_ethangamma24/lib/chibios/os/hal/src/hal_spi.o
LOAD .build/obj_boardsource_unicorne_ethangamma24/lib/chibios/os/hal/src/hal_trng.o
LOAD .build/obj_boardsource_unicorne_ethangamma24/lib/chibios/os/hal/src/hal_uart.o
LOAD .build/obj_boardsource_unicorne_ethangamma24/lib/chibios/os/hal/src/hal_usb.o
LOAD .build/obj_boardsource_unicorne_ethangamma24/lib/chibios/os/hal/src/hal_wdg.o
LOAD .build/obj_boardsource_unicorne_ethangamma24/lib/chibios/os/hal/src/hal_wspi.o
LOAD .build/obj_boardsource_unicorne_ethangamma24/lib/chibios/os/hal/ports/common/ARMCMx/nvic.o
LOAD .build/obj_boardsource_unicorne_ethangamma24/lib/chibios/os/hal/ports/RP/RP2040/rp_isr.o
LOAD .build/obj_boardsource_unicorne_ethangamma24/lib/chibios/os/hal/ports/RP/RP2040/hal_lld.o
LOAD .build/obj_boardsource_unicorne_ethangamma24/lib/chibios/os/hal/ports/RP/LLD/DMAv1/rp_dma.o
LOAD .build/obj_boardsource_unicorne_ethangamma24/lib/chibios/os/hal/ports/RP/LLD/GPIOv1/hal_pal_lld.o
LOAD .build/obj_boardsource_unicorne_ethangamma24/lib/chibios/os/hal/ports/RP/LLD/SPIv1/hal_spi_lld.o
LOAD .build/obj_boardsource_unicorne_ethangamma24/lib/chibios/os/hal/ports/RP/LLD/TIMERv1/hal_st_lld.o
LOAD .build/obj_boardsource_unicorne_ethangamma24/lib/chibios/os/hal/ports/RP/LLD/UARTv1/hal_sio_lld.o
LOAD .build/obj_boardsource_unicorne_ethangamma24/lib/chibios/os/hal/ports/RP/LLD/RTCv1/hal_rtc_lld.o
LOAD .build/obj_boardsource_unicorne_ethangamma24/lib/chibios/os/hal/ports/RP/LLD/WDGv1/hal_wdg_lld.o
LOAD .build/obj_boardsource_unicorne_ethangamma24/lib/chibios-contrib/os/hal/ports/RP/LLD/I2Cv1/hal_i2c_lld.o
LOAD .build/obj_boardsource_unicorne_ethangamma24/lib/chibios-contrib/os/hal/ports/RP/LLD/PWMv1/hal_pwm_lld.o
LOAD .build/obj_boardsource_unicorne_ethangamma24/lib/chibios-contrib/os/hal/ports/RP/LLD/ADCv1/hal_adc_lld.o
LOAD .build/obj_boardsource_unicorne_ethangamma24/lib/chibios-contrib/os/hal/ports/RP/LLD/USBDv1/hal_usb_lld.o
LOAD .build/obj_boardsource_unicorne_ethangamma24/lib/chibios/os/hal/boards/RP_PICO_RP2040/board.o
LOAD .build/obj_boardsource_unicorne_ethangamma24/lib/chibios/os/hal/lib/streams/chprintf.o
LOAD .build/obj_boardsource_unicorne_ethangamma24/lib/chibios/os/hal/lib/streams/chscanf.o
LOAD .build/obj_boardsource_unicorne_ethangamma24/lib/chibios/os/hal/lib/streams/memstreams.o
LOAD .build/obj_boardsource_unicorne_ethangamma24/lib/chibios/os/hal/lib/streams/nullstreams.o
LOAD .build/obj_boardsource_unicorne_ethangamma24/lib/chibios/os/hal/lib/streams/bufstreams.o
LOAD .build/obj_boardsource_unicorne_ethangamma24/lib/chibios/os/various/syscalls.o
LOAD .build/obj_boardsource_unicorne_ethangamma24/platforms/chibios/syscall-fallbacks.o
LOAD .build/obj_boardsource_unicorne_ethangamma24/platforms/chibios/wait.o
LOAD .build/obj_boardsource_unicorne_ethangamma24/platforms/chibios/synchronization_util.o
LOAD .build/obj_boardsource_unicorne_ethangamma24/platforms/chibios/interrupt_handlers.o
LOAD .build/obj_boardsource_unicorne_ethangamma24/./lib/pico-sdk/src/rp2_common/hardware_clocks/clocks.o
LOAD .build/obj_boardsource_unicorne_ethangamma24/./lib/pico-sdk/src/rp2_common/hardware_pll/pll.o
LOAD .build/obj_boardsource_unicorne_ethangamma24/./lib/pico-sdk/src/rp2_common/hardware_pio/pio.o
LOAD .build/obj_boardsource_unicorne_ethangamma24/./lib/pico-sdk/src/rp2_common/hardware_timer/timer.o
LOAD .build/obj_boardsource_unicorne_ethangamma24/./lib/pico-sdk/src/rp2_common/hardware_flash/flash.o
LOAD .build/obj_boardsource_unicorne_ethangamma24/./lib/pico-sdk/src/rp2_common/hardware_gpio/gpio.o
LOAD .build/obj_boardsource_unicorne_ethangamma24/./lib/pico-sdk/src/rp2_common/hardware_claim/claim.o
LOAD .build/obj_boardsource_unicorne_ethangamma24/./lib/pico-sdk/src/rp2_common/hardware_watchdog/watchdog.o
LOAD .build/obj_boardsource_unicorne_ethangamma24/./lib/pico-sdk/src/rp2_common/hardware_xosc/xosc.o
LOAD .build/obj_boardsource_unicorne_ethangamma24/./lib/pico-sdk/src/rp2_common/pico_bootrom/bootrom.o
LOAD .build/obj_boardsource_unicorne_ethangamma24/platforms/chibios/vendors/RP/stage2_bootloaders.o
LOAD .build/obj_boardsource_unicorne_ethangamma24/platforms/chibios/vendors/RP/pico_sdk_shims.o
LOAD .build/obj_boardsource_unicorne_ethangamma24/./lib/pico-sdk/src/rp2_common/pico_divider/divider.o
LOAD .build/obj_boardsource_unicorne_ethangamma24/./lib/pico-sdk/src/rp2_common/pico_int64_ops/pico_int64_ops_aeabi.o
                0x00000800                        __process_stack_size__ = 0x800
                0x00000400                        __main_stack_size__ = 0x400
LOAD /opt/homebrew/Cellar/arm-none-eabi-gcc@8/8.5.0_2/lib/arm-none-eabi-gcc/8/gcc/arm-none-eabi/8.5.0/../../../../../../arm-none-eabi/lib/thumb/v6-m/nofp/libm.a
START GROUP
LOAD /opt/homebrew/Cellar/arm-none-eabi-gcc@8/8.5.0_2/lib/arm-none-eabi-gcc/8/gcc/arm-none-eabi/8.5.0/thumb/v6-m/nofp/libgcc.a
LOAD /opt/homebrew/Cellar/arm-none-eabi-gcc@8/8.5.0_2/lib/arm-none-eabi-gcc/8/gcc/arm-none-eabi/8.5.0/../../../../../../arm-none-eabi/lib/thumb/v6-m/nofp/libg_nano.a
LOAD /opt/homebrew/Cellar/arm-none-eabi-gcc@8/8.5.0_2/lib/arm-none-eabi-gcc/8/gcc/arm-none-eabi/8.5.0/../../../../../../arm-none-eabi/lib/thumb/v6-m/nofp/libc_nano.a
END GROUP
START GROUP
LOAD /opt/homebrew/Cellar/arm-none-eabi-gcc@8/8.5.0_2/lib/arm-none-eabi-gcc/8/gcc/arm-none-eabi/8.5.0/thumb/v6-m/nofp/libgcc.a
LOAD /opt/homebrew/Cellar/arm-none-eabi-gcc@8/8.5.0_2/lib/arm-none-eabi-gcc/8/gcc/arm-none-eabi/8.5.0/../../../../../../arm-none-eabi/lib/thumb/v6-m/nofp/libc_nano.a
END GROUP

.flash_begin    0x10000000        0x0
                0x10000000                        __flash_binary_start = .

.boot2          0x10000000      0x100
                0x10000000                        __boot2_start__ = .
 *(.boot2)
 .boot2         0x10000000      0x100 .build/obj_boardsource_unicorne_ethangamma24/platforms/chibios/vendors/RP/stage2_bootloaders.o
                0x10000000                BOOT2_ROM
                0x10000100                        __boot2_end__ = .

.mstack         0x20040000      0x400
                0x20040000                        . = ALIGN (0x8)
                0x20040000                        __main_stack_base__ = .
                0x20040400                        . = (. + __main_stack_size__)
 *fill*         0x20040000      0x400 
                0x20040400                        . = ALIGN (0x8)
                0x20040400                        __main_stack_end__ = .

.pstack         0x20040400      0x800
                0x20040400                        . = ALIGN (0x8)
                0x20040400                        __process_stack_base__ = .
                0x20040400                        __main_thread_stack_base__ = .
                0x20040c00                        . = (. + __process_stack_size__)
 *fill*         0x20040400      0x800 
                0x20040c00                        . = ALIGN (0x8)
                0x20040c00                        __process_stack_end__ = .
                0x20040c00                        __main_thread_stack_end__ = .
                0x00000400                        __c1_main_stack_size__ = __main_stack_size__
                0x00000800                        __c1_process_stack_size__ = __process_stack_size__

.c1_mstack      0x20041000      0x400
                0x20041000                        . = ALIGN (0x8)
                0x20041000                        __c1_main_stack_base__ = .
                0x20041400                        . = (. + __c1_main_stack_size__)
 *fill*         0x20041000      0x400 
                0x20041400                        . = ALIGN (0x8)
                0x20041400                        __c1_main_stack_end__ = .

.c1_pstack      0x20041400      0x800
                0x20041400                        . = ALIGN (0x8)
                0x20041400                        __c1_process_stack_base__ = .
                0x20041400                        __c1_main_thread_stack_base__ = .
                0x20041c00                        . = (. + __c1_process_stack_size__)
 *fill*         0x20041400      0x800 
                0x20041c00                        . = ALIGN (0x8)
                0x20041c00                        __c1_process_stack_end__ = .
                0x20041c00                        __c1_main_thread_stack_end__ = .

.vectors        0x10000100       0xc0
                0x10000100                        __textvectors_base__ = LOADADDR (.vectors)
                0x10000100                        __vectors_base__ = .
 *(.vectors)
 .vectors       0x10000100       0xc0 .build/obj_boardsource_unicorne_ethangamma24/./lib/chibios/os/common/startup/ARMCMx/compilers/GCC/vectors.o
                0x10000100                _vectors
                0x100001c0                        __vectors_end__ = .

.xtors          0x100001c0        0x0
                0x100001c0                        __init_array_base__ = .
 *(SORT_BY_NAME(.init_array.*))
 *(.init_array)
                0x100001c0                        __init_array_end__ = .
                0x100001c0                        __fini_array_base__ = .
 *(.fini_array)
 *(SORT_BY_NAME(.fini_array.*))
                0x100001c0                        __fini_array_end__ = .

.text           0x100001c0     0xb710
                0x100001c0                        __text_base__ = .
 *(.text)
 .text          0x100001c0      0x104 .build/obj_boardsource_unicorne_ethangamma24/./lib/chibios/os/common/startup/ARMCMx/compilers/GCC/crt0_v6m.o
                0x100001c0                _crt0_entry
 .text          0x100002c4        0x8 .build/obj_boardsource_unicorne_ethangamma24/./lib/chibios/os/common/startup/ARMCMx/compilers/GCC/vectors.o
                0x100002c4                Reset_Handler
                0x100002c6                Vector9C
                0x100002c6                VectorAC
                0x100002c6                DebugMon_Handler
                0x100002c6                HardFault_Handler
                0x100002c6                Vector8C
                0x100002c6                SysTick_Handler
                0x100002c6                PendSV_Handler
                0x100002c6                Vector94
                0x100002c6                VectorA8
                0x100002c6                VectorB4
                0x100002c6                Vector74
                0x100002c6                UsageFault_Handler
                0x100002c6                VectorBC
                0x100002c6                Vector64
                0x100002c6                Vector24
                0x100002c6                Vector84
                0x100002c6                SecureFault_Handler
                0x100002c6                MemManage_Handler
                0x100002c6                SVC_Handler
                0x100002c6                VectorB0
                0x100002c6                Vector90
                0x100002c6                Vector60
                0x100002c6                Vector68
                0x100002c6                Vector78
                0x100002c6                Vector20
                0x100002c6                Vector58
                0x100002c6                Vector88
                0x100002c6                BusFault_Handler
                0x100002c6                Vector28
                0x100002c6                VectorB8
                0x100002c6                Vector34
                0x100002c6                VectorA4
                0x100002ca                _unhandled_exception
 .text          0x100002cc       0x48 .build/obj_boardsource_unicorne_ethangamma24/./lib/chibios/os/common/ports/ARMv6-M-RP2/compilers/GCC/chcoreasm.o
                0x100002cc                __port_switch
                0x100002ec                __port_thread_start
                0x100002fe                __port_switch_from_isr
                0x10000302                __port_exit_from_isr
 .text          0x10000314      0x11c /opt/homebrew/Cellar/arm-none-eabi-gcc@8/8.5.0_2/lib/arm-none-eabi-gcc/8/gcc/arm-none-eabi/8.5.0/../../../../../../arm-none-eabi/lib/thumb/v6-m/nofp/libm.a(lib_a-wf_pow.o)
                0x10000314                powf
 .text          0x10000430      0x740 /opt/homebrew/Cellar/arm-none-eabi-gcc@8/8.5.0_2/lib/arm-none-eabi-gcc/8/gcc/arm-none-eabi/8.5.0/../../../../../../arm-none-eabi/lib/thumb/v6-m/nofp/libm.a(lib_a-ef_pow.o)
                0x10000430                __ieee754_powf
 .text          0x10000b70       0xb4 /opt/homebrew/Cellar/arm-none-eabi-gcc@8/8.5.0_2/lib/arm-none-eabi-gcc/8/gcc/arm-none-eabi/8.5.0/../../../../../../arm-none-eabi/lib/thumb/v6-m/nofp/libm.a(lib_a-ef_sqrt.o)
                0x10000b70                __ieee754_sqrtf
 .text          0x10000c24        0x8 /opt/homebrew/Cellar/arm-none-eabi-gcc@8/8.5.0_2/lib/arm-none-eabi-gcc/8/gcc/arm-none-eabi/8.5.0/../../../../../../arm-none-eabi/lib/thumb/v6-m/nofp/libm.a(lib_a-sf_fabs.o)
                0x10000c24                fabsf
 .text          0x10000c2c       0x14 /opt/homebrew/Cellar/arm-none-eabi-gcc@8/8.5.0_2/lib/arm-none-eabi-gcc/8/gcc/arm-none-eabi/8.5.0/../../../../../../arm-none-eabi/lib/thumb/v6-m/nofp/libm.a(lib_a-sf_finite.o)
                0x10000c2c                finitef
 .text          0x10000c40        0x8 /opt/homebrew/Cellar/arm-none-eabi-gcc@8/8.5.0_2/lib/arm-none-eabi-gcc/8/gcc/arm-none-eabi/8.5.0/../../../../../../arm-none-eabi/lib/thumb/v6-m/nofp/libm.a(lib_a-sf_nan.o)
                0x10000c40                nanf
 .text          0x10000c48       0xa0 /opt/homebrew/Cellar/arm-none-eabi-gcc@8/8.5.0_2/lib/arm-none-eabi-gcc/8/gcc/arm-none-eabi/8.5.0/../../../../../../arm-none-eabi/lib/thumb/v6-m/nofp/libm.a(lib_a-sf_rint.o)
                0x10000c48                rintf
 .text          0x10000ce8       0xc0 /opt/homebrew/Cellar/arm-none-eabi-gcc@8/8.5.0_2/lib/arm-none-eabi-gcc/8/gcc/arm-none-eabi/8.5.0/../../../../../../arm-none-eabi/lib/thumb/v6-m/nofp/libm.a(lib_a-sf_scalbn.o)
                0x10000ce8                scalbnf
 .text          0x10000da8       0x14 /opt/homebrew/Cellar/arm-none-eabi-gcc@8/8.5.0_2/lib/arm-none-eabi-gcc/8/gcc/arm-none-eabi/8.5.0/thumb/v6-m/nofp/libgcc.a(_thumb1_case_sqi.o)
                0x10000da8                __gnu_thumb1_case_sqi
 .text          0x10000dbc       0x14 /opt/homebrew/Cellar/arm-none-eabi-gcc@8/8.5.0_2/lib/arm-none-eabi-gcc/8/gcc/arm-none-eabi/8.5.0/thumb/v6-m/nofp/libgcc.a(_thumb1_case_uqi.o)
                0x10000dbc                __gnu_thumb1_case_uqi
 .text          0x10000dd0       0x14 /opt/homebrew/Cellar/arm-none-eabi-gcc@8/8.5.0_2/lib/arm-none-eabi-gcc/8/gcc/arm-none-eabi/8.5.0/thumb/v6-m/nofp/libgcc.a(_thumb1_case_uhi.o)
                0x10000dd0                __gnu_thumb1_case_uhi
 .text          0x10000de4        0x4 /opt/homebrew/Cellar/arm-none-eabi-gcc@8/8.5.0_2/lib/arm-none-eabi-gcc/8/gcc/arm-none-eabi/8.5.0/thumb/v6-m/nofp/libgcc.a(_dvmd_tls.o)
                0x10000de4                __aeabi_ldiv0
                0x10000de4                __aeabi_idiv0
 .text          0x10000de8       0x74 /opt/homebrew/Cellar/arm-none-eabi-gcc@8/8.5.0_2/lib/arm-none-eabi-gcc/8/gcc/arm-none-eabi/8.5.0/thumb/v6-m/nofp/libgcc.a(_arm_cmpsf2.o)
                0x10000de8                __aeabi_cfrcmple
                0x10000df0                __aeabi_cfcmple
                0x10000df0                __aeabi_cfcmpeq
                0x10000e00                __aeabi_fcmpeq
                0x10000e0c                __aeabi_fcmplt
                0x10000e20                __aeabi_fcmple
                0x10000e34                __aeabi_fcmpgt
                0x10000e48                __aeabi_fcmpge
 .text          0x10000e5c       0x40 /opt/homebrew/Cellar/arm-none-eabi-gcc@8/8.5.0_2/lib/arm-none-eabi-gcc/8/gcc/arm-none-eabi/8.5.0/thumb/v6-m/nofp/libgcc.a(_ctzsi2.o)
                0x10000e5c                __ctzsi2
 .text          0x10000e9c       0x30 /opt/homebrew/Cellar/arm-none-eabi-gcc@8/8.5.0_2/lib/arm-none-eabi-gcc/8/gcc/arm-none-eabi/8.5.0/thumb/v6-m/nofp/libgcc.a(_fixunssfsi.o)
                0x10000e9c                __aeabi_f2uiz
                0x10000e9c                __fixunssfsi
 .text          0x10000ecc      0x2f0 /opt/homebrew/Cellar/arm-none-eabi-gcc@8/8.5.0_2/lib/arm-none-eabi-gcc/8/gcc/arm-none-eabi/8.5.0/thumb/v6-m/nofp/libgcc.a(addsf3.o)
                0x10000ecc                __aeabi_fadd
 .text          0x100011bc      0x230 /opt/homebrew/Cellar/arm-none-eabi-gcc@8/8.5.0_2/lib/arm-none-eabi-gcc/8/gcc/arm-none-eabi/8.5.0/thumb/v6-m/nofp/libgcc.a(divsf3.o)
                0x100011bc                __aeabi_fdiv
 .text          0x100013ec       0x50 /opt/homebrew/Cellar/arm-none-eabi-gcc@8/8.5.0_2/lib/arm-none-eabi-gcc/8/gcc/arm-none-eabi/8.5.0/thumb/v6-m/nofp/libgcc.a(eqsf2.o)
                0x100013ec                __nesf2
                0x100013ec                __eqsf2
 .text          0x1000143c       0x98 /opt/homebrew/Cellar/arm-none-eabi-gcc@8/8.5.0_2/lib/arm-none-eabi-gcc/8/gcc/arm-none-eabi/8.5.0/thumb/v6-m/nofp/libgcc.a(gesf2.o)
                0x1000143c                __gtsf2
                0x1000143c                __gesf2
 .text          0x100014d4       0x94 /opt/homebrew/Cellar/arm-none-eabi-gcc@8/8.5.0_2/lib/arm-none-eabi-gcc/8/gcc/arm-none-eabi/8.5.0/thumb/v6-m/nofp/libgcc.a(lesf2.o)
                0x100014d4                __lesf2
                0x100014d4                __ltsf2
 .text          0x10001568      0x22c /opt/homebrew/Cellar/arm-none-eabi-gcc@8/8.5.0_2/lib/arm-none-eabi-gcc/8/gcc/arm-none-eabi/8.5.0/thumb/v6-m/nofp/libgcc.a(mulsf3.o)
                0x10001568                __aeabi_fmul
 .text          0x10001794      0x344 /opt/homebrew/Cellar/arm-none-eabi-gcc@8/8.5.0_2/lib/arm-none-eabi-gcc/8/gcc/arm-none-eabi/8.5.0/thumb/v6-m/nofp/libgcc.a(subsf3.o)
                0x10001794                __aeabi_fsub
 .text          0x10001ad8       0x2c /opt/homebrew/Cellar/arm-none-eabi-gcc@8/8.5.0_2/lib/arm-none-eabi-gcc/8/gcc/arm-none-eabi/8.5.0/thumb/v6-m/nofp/libgcc.a(unordsf2.o)
                0x10001ad8                __aeabi_fcmpun
 .text          0x10001b04       0x40 /opt/homebrew/Cellar/arm-none-eabi-gcc@8/8.5.0_2/lib/arm-none-eabi-gcc/8/gcc/arm-none-eabi/8.5.0/thumb/v6-m/nofp/libgcc.a(fixsfsi.o)
                0x10001b04                __aeabi_f2iz
 .text          0x10001b44       0x94 /opt/homebrew/Cellar/arm-none-eabi-gcc@8/8.5.0_2/lib/arm-none-eabi-gcc/8/gcc/arm-none-eabi/8.5.0/thumb/v6-m/nofp/libgcc.a(floatsisf.o)
                0x10001b44                __aeabi_i2f
 .text          0x10001bd8       0x80 /opt/homebrew/Cellar/arm-none-eabi-gcc@8/8.5.0_2/lib/arm-none-eabi-gcc/8/gcc/arm-none-eabi/8.5.0/thumb/v6-m/nofp/libgcc.a(floatunsisf.o)
                0x10001bd8                __aeabi_ui2f
 .text          0x10001c58       0x3c /opt/homebrew/Cellar/arm-none-eabi-gcc@8/8.5.0_2/lib/arm-none-eabi-gcc/8/gcc/arm-none-eabi/8.5.0/thumb/v6-m/nofp/libgcc.a(_clzsi2.o)
                0x10001c58                __clzsi2
 .text          0x10001c94        0xc /opt/homebrew/Cellar/arm-none-eabi-gcc@8/8.5.0_2/lib/arm-none-eabi-gcc/8/gcc/arm-none-eabi/8.5.0/../../../../../../arm-none-eabi/lib/thumb/v6-m/nofp/libg_nano.a(lib_a-errno.o)
                0x10001c94                __errno
 .text          0x10001ca0       0x50 /opt/homebrew/Cellar/arm-none-eabi-gcc@8/8.5.0_2/lib/arm-none-eabi-gcc/8/gcc/arm-none-eabi/8.5.0/../../../../../../arm-none-eabi/lib/thumb/v6-m/nofp/libg_nano.a(lib_a-memcmp.o)
                0x10001ca0                memcmp
 .text          0x10001cf0       0xa8 /opt/homebrew/Cellar/arm-none-eabi-gcc@8/8.5.0_2/lib/arm-none-eabi-gcc/8/gcc/arm-none-eabi/8.5.0/../../../../../../arm-none-eabi/lib/thumb/v6-m/nofp/libg_nano.a(lib_a-memcpy-stub.o)
                0x10001cf0                memcpy
 .text          0x10001d98       0xa8 /opt/homebrew/Cellar/arm-none-eabi-gcc@8/8.5.0_2/lib/arm-none-eabi-gcc/8/gcc/arm-none-eabi/8.5.0/../../../../../../arm-none-eabi/lib/thumb/v6-m/nofp/libg_nano.a(lib_a-memset.o)
                0x10001d98                memset
 *(.text.*)
 .text.oled_init_kb
                0x10001e40       0x12 .build/obj_boardsource_unicorne_ethangamma24/keyboards/boardsource/unicorne/unicorne.o
                0x10001e40                oled_init_kb
 *fill*         0x10001e52        0x2 
 .text.oled_task_kb
                0x10001e54       0x60 .build/obj_boardsource_unicorne_ethangamma24/keyboards/boardsource/unicorne/unicorne.o
                0x10001e54                oled_task_kb
 .text.keycode_at_keymap_location_raw
                0x10001eb4       0x2c .build/obj_boardsource_unicorne_ethangamma24/quantum/keymap_introspection.o
                0x10001eb4                keycode_at_keymap_location_raw
 .text.keycode_at_keymap_location
                0x10001ee0        0x8 .build/obj_boardsource_unicorne_ethangamma24/quantum/keymap_introspection.o
                0x10001ee0                keycode_at_keymap_location
 .text.pre_process_record_user
                0x10001ee8        0x4 .build/obj_boardsource_unicorne_ethangamma24/quantum/quantum.o
                0x10001ee8                pre_process_record_user
 .text.pre_process_record_kb
                0x10001eec        0x8 .build/obj_boardsource_unicorne_ethangamma24/quantum/quantum.o
                0x10001eec                pre_process_record_kb
 .text.process_action_kb
                0x10001ef4        0x4 .build/obj_boardsource_unicorne_ethangamma24/quantum/quantum.o
                0x10001ef4                process_action_kb
 .text.process_record_user
                0x10001ef8        0x4 .build/obj_boardsource_unicorne_ethangamma24/quantum/quantum.o
                0x10001ef8                process_record_user
 .text.process_record_kb
                0x10001efc        0x8 .build/obj_boardsource_unicorne_ethangamma24/quantum/quantum.o
                0x10001efc                process_record_kb
 .text.post_process_record_user
                0x10001f04        0x2 .build/obj_boardsource_unicorne_ethangamma24/quantum/quantum.o
                0x10001f04                post_process_record_user
 .text.post_process_record_kb
                0x10001f06        0x8 .build/obj_boardsource_unicorne_ethangamma24/quantum/quantum.o
                0x10001f06                post_process_record_kb
 *fill*         0x10001f0e        0x2 
 .text.get_event_keycode
                0x10001f10       0x4c .build/obj_boardsource_unicorne_ethangamma24/quantum/quantum.o
                0x10001f10                get_event_keycode
 .text.get_record_keycode
                0x10001f5c       0x16 .build/obj_boardsource_unicorne_ethangamma24/quantum/quantum.o
                0x10001f5c                get_record_keycode
 .text.pre_process_record_quantum
                0x10001f72       0x12 .build/obj_boardsource_unicorne_ethangamma24/quantum/quantum.o
                0x10001f72                pre_process_record_quantum
 .text.post_process_record_quantum
                0x10001f84       0x12 .build/obj_boardsource_unicorne_ethangamma24/quantum/quantum.o
                0x10001f84                post_process_record_quantum
 .text.shutdown_user
                0x10001f96        0x4 .build/obj_boardsource_unicorne_ethangamma24/quantum/quantum.o
                0x10001f96                shutdown_user
 .text.shutdown_kb
                0x10001f9a        0x8 .build/obj_boardsource_unicorne_ethangamma24/quantum/quantum.o
                0x10001f9a                shutdown_kb
 *fill*         0x10001fa2        0x2 
 .text.shutdown_quantum
                0x10001fa4       0x44 .build/obj_boardsource_unicorne_ethangamma24/quantum/quantum.o
                0x10001fa4                shutdown_quantum
 .text.reset_keyboard
                0x10001fe8        0xe .build/obj_boardsource_unicorne_ethangamma24/quantum/quantum.o
                0x10001fe8                reset_keyboard
 .text.soft_reset_keyboard
                0x10001ff6        0xe .build/obj_boardsource_unicorne_ethangamma24/quantum/quantum.o
                0x10001ff6                soft_reset_keyboard
 .text.process_record_quantum
                0x10002004       0xcc .build/obj_boardsource_unicorne_ethangamma24/quantum/quantum.o
                0x10002004                process_record_quantum
 .text.suspend_power_down_quantum
                0x100020d0       0x1e .build/obj_boardsource_unicorne_ethangamma24/quantum/quantum.o
                0x100020d0                suspend_power_down_quantum
 .text.suspend_wakeup_init_quantum
                0x100020ee       0x12 .build/obj_boardsource_unicorne_ethangamma24/quantum/quantum.o
                0x100020ee                suspend_wakeup_init_quantum
 .text.biton16  0x10002100       0x2c .build/obj_boardsource_unicorne_ethangamma24/quantum/bitwise.o
                0x10002100                biton16
 .text.led_set_user
                0x1000212c        0x2 .build/obj_boardsource_unicorne_ethangamma24/quantum/led.o
                0x1000212c                led_set_user
 .text.led_update_user
                0x1000212e        0x4 .build/obj_boardsource_unicorne_ethangamma24/quantum/led.o
                0x1000212e                led_update_user
 .text.led_update_ports
                0x10002132        0x2 .build/obj_boardsource_unicorne_ethangamma24/quantum/led.o
                0x10002132                led_update_ports
 .text.led_update_kb
                0x10002134       0x16 .build/obj_boardsource_unicorne_ethangamma24/quantum/led.o
                0x10002134                led_update_kb
 .text.led_init_ports
                0x1000214a        0x2 .build/obj_boardsource_unicorne_ethangamma24/quantum/led.o
                0x1000214a                led_init_ports
 .text.led_set  0x1000214c       0x10 .build/obj_boardsource_unicorne_ethangamma24/quantum/led.o
                0x1000214c                led_set
 .text.led_suspend
                0x1000215c        0xa .build/obj_boardsource_unicorne_ethangamma24/quantum/led.o
                0x1000215c                led_suspend
 .text.led_wakeup
                0x10002166        0xc .build/obj_boardsource_unicorne_ethangamma24/quantum/led.o
                0x10002166                led_wakeup
 *fill*         0x10002172        0x2 
 .text.led_task
                0x10002174       0x2c .build/obj_boardsource_unicorne_ethangamma24/quantum/led.o
                0x10002174                led_task
 .text.action_exec
                0x100021a0       0x42 .build/obj_boardsource_unicorne_ethangamma24/quantum/action.o
                0x100021a0                action_exec
 .text.process_record_tap_hint
                0x100021e2       0x10 .build/obj_boardsource_unicorne_ethangamma24/quantum/action.o
                0x100021e2                process_record_tap_hint
 .text.register_mouse
                0x100021f2       0x16 .build/obj_boardsource_unicorne_ethangamma24/quantum/action.o
                0x100021f2                register_mouse
 .text.register_code
                0x10002208       0x8c .build/obj_boardsource_unicorne_ethangamma24/quantum/action.o
                0x10002208                register_code
 .text.unregister_code
                0x10002294       0x6a .build/obj_boardsource_unicorne_ethangamma24/quantum/action.o
                0x10002294                unregister_code
 *fill*         0x100022fe        0x2 
 .text.tap_code_delay
                0x10002300       0x44 .build/obj_boardsource_unicorne_ethangamma24/quantum/action.o
                0x10002300                tap_code_delay
 .text.tap_code
                0x10002344       0x10 .build/obj_boardsource_unicorne_ethangamma24/quantum/action.o
                0x10002344                tap_code
 .text.register_mods
                0x10002354       0x10 .build/obj_boardsource_unicorne_ethangamma24/quantum/action.o
                0x10002354                register_mods
 .text.unregister_mods
                0x10002364       0x10 .build/obj_boardsource_unicorne_ethangamma24/quantum/action.o
                0x10002364                unregister_mods
 .text.process_action
                0x10002374      0x3c4 .build/obj_boardsource_unicorne_ethangamma24/quantum/action.o
                0x10002374                process_action
 .text.process_record_handler
                0x10002738       0x20 .build/obj_boardsource_unicorne_ethangamma24/quantum/action.o
                0x10002738                process_record_handler
 .text.process_record
                0x10002758       0x44 .build/obj_boardsource_unicorne_ethangamma24/quantum/action.o
                0x10002758                process_record
 .text.clear_keyboard_but_mods_and_keys
                0x1000279c       0x20 .build/obj_boardsource_unicorne_ethangamma24/quantum/action.o
                0x1000279c                clear_keyboard_but_mods_and_keys
 .text.clear_keyboard_but_mods
                0x100027bc        0xc .build/obj_boardsource_unicorne_ethangamma24/quantum/action.o
                0x100027bc                clear_keyboard_but_mods
 .text.clear_keyboard
                0x100027c8        0xc .build/obj_boardsource_unicorne_ethangamma24/quantum/action.o
                0x100027c8                clear_keyboard
 .text.is_tap_action
                0x100027d4       0x4c .build/obj_boardsource_unicorne_ethangamma24/quantum/action.o
                0x100027d4                is_tap_action
 .text.is_tap_record
                0x10002820       0x18 .build/obj_boardsource_unicorne_ethangamma24/quantum/action.o
                0x10002820                is_tap_record
 .text.debug_event
                0x10002838        0x6 .build/obj_boardsource_unicorne_ethangamma24/quantum/action.o
                0x10002838                debug_event
 .text.debug_record
                0x1000283e        0x6 .build/obj_boardsource_unicorne_ethangamma24/quantum/action.o
                0x1000283e                debug_record
 .text.default_layer_state_set_user
                0x10002844        0x2 .build/obj_boardsource_unicorne_ethangamma24/quantum/action_layer.o
                0x10002844                default_layer_state_set_user
 .text.default_layer_state_set_kb
                0x10002846        0x8 .build/obj_boardsource_unicorne_ethangamma24/quantum/action_layer.o
                0x10002846                default_layer_state_set_kb
 *fill*         0x1000284e        0x2 
 .text.default_layer_state_set
                0x10002850       0x10 .build/obj_boardsource_unicorne_ethangamma24/quantum/action_layer.o
 .text.default_layer_debug
                0x10002860        0x2 .build/obj_boardsource_unicorne_ethangamma24/quantum/action_layer.o
                0x10002860                default_layer_debug
 .text.default_layer_set
                0x10002862        0x8 .build/obj_boardsource_unicorne_ethangamma24/quantum/action_layer.o
                0x10002862                default_layer_set
 *fill*         0x1000286a        0x2 
 .text.default_layer_or
                0x1000286c       0x14 .build/obj_boardsource_unicorne_ethangamma24/quantum/action_layer.o
                0x1000286c                default_layer_or
 .text.default_layer_and
                0x10002880       0x14 .build/obj_boardsource_unicorne_ethangamma24/quantum/action_layer.o
                0x10002880                default_layer_and
 .text.default_layer_xor
                0x10002894       0x14 .build/obj_boardsource_unicorne_ethangamma24/quantum/action_layer.o
                0x10002894                default_layer_xor
 .text.layer_state_set_user
                0x100028a8        0x2 .build/obj_boardsource_unicorne_ethangamma24/quantum/action_layer.o
                0x100028a8                layer_state_set_user
 .text.layer_state_set_kb
                0x100028aa        0x8 .build/obj_boardsource_unicorne_ethangamma24/quantum/action_layer.o
                0x100028aa                layer_state_set_kb
 *fill*         0x100028b2        0x2 
 .text.layer_state_set
                0x100028b4       0x10 .build/obj_boardsource_unicorne_ethangamma24/quantum/action_layer.o
                0x100028b4                layer_state_set
 .text.layer_clear
                0x100028c4        0xa .build/obj_boardsource_unicorne_ethangamma24/quantum/action_layer.o
                0x100028c4                layer_clear
 .text.layer_move
                0x100028ce        0xe .build/obj_boardsource_unicorne_ethangamma24/quantum/action_layer.o
                0x100028ce                layer_move
 .text.layer_on
                0x100028dc       0x18 .build/obj_boardsource_unicorne_ethangamma24/quantum/action_layer.o
                0x100028dc                layer_on
 .text.layer_off
                0x100028f4       0x18 .build/obj_boardsource_unicorne_ethangamma24/quantum/action_layer.o
                0x100028f4                layer_off
 .text.layer_invert
                0x1000290c       0x18 .build/obj_boardsource_unicorne_ethangamma24/quantum/action_layer.o
                0x1000290c                layer_invert
 .text.layer_or
                0x10002924       0x14 .build/obj_boardsource_unicorne_ethangamma24/quantum/action_layer.o
                0x10002924                layer_or
 .text.layer_and
                0x10002938       0x14 .build/obj_boardsource_unicorne_ethangamma24/quantum/action_layer.o
                0x10002938                layer_and
 .text.layer_xor
                0x1000294c       0x14 .build/obj_boardsource_unicorne_ethangamma24/quantum/action_layer.o
                0x1000294c                layer_xor
 .text.layer_debug
                0x10002960        0x2 .build/obj_boardsource_unicorne_ethangamma24/quantum/action_layer.o
                0x10002960                layer_debug
 .text.update_source_layers_cache_impl
                0x10002962       0x30 .build/obj_boardsource_unicorne_ethangamma24/quantum/action_layer.o
                0x10002962                update_source_layers_cache_impl
 .text.read_source_layers_cache_impl
                0x10002992       0x26 .build/obj_boardsource_unicorne_ethangamma24/quantum/action_layer.o
                0x10002992                read_source_layers_cache_impl
 .text.update_source_layers_cache
                0x100029b8       0x28 .build/obj_boardsource_unicorne_ethangamma24/quantum/action_layer.o
                0x100029b8                update_source_layers_cache
 .text.read_source_layers_cache
                0x100029e0       0x28 .build/obj_boardsource_unicorne_ethangamma24/quantum/action_layer.o
                0x100029e0                read_source_layers_cache
 .text.layer_switch_get_layer
                0x10002a08       0x44 .build/obj_boardsource_unicorne_ethangamma24/quantum/action_layer.o
                0x10002a08                layer_switch_get_layer
 .text.layer_switch_get_action
                0x10002a4c       0x14 .build/obj_boardsource_unicorne_ethangamma24/quantum/action_layer.o
                0x10002a4c                layer_switch_get_action
 .text.store_or_get_action
                0x10002a60       0x44 .build/obj_boardsource_unicorne_ethangamma24/quantum/action_layer.o
                0x10002a60                store_or_get_action
 .text.debug_waiting_buffer
                0x10002aa4       0x40 .build/obj_boardsource_unicorne_ethangamma24/quantum/action_tapping.o
 .text.debug_tapping_key
                0x10002ae4       0x20 .build/obj_boardsource_unicorne_ethangamma24/quantum/action_tapping.o
 .text.waiting_buffer_scan_tap
                0x10002b04       0x80 .build/obj_boardsource_unicorne_ethangamma24/quantum/action_tapping.o
 .text.waiting_buffer_typed.isra.2.constprop.4
                0x10002b84       0x40 .build/obj_boardsource_unicorne_ethangamma24/quantum/action_tapping.o
 .text.process_tapping
                0x10002bc4      0x2b8 .build/obj_boardsource_unicorne_ethangamma24/quantum/action_tapping.o
 .text.action_tapping_process
                0x10002e7c       0xbc .build/obj_boardsource_unicorne_ethangamma24/quantum/action_tapping.o
                0x10002e7c                action_tapping_process
 .text.get_oneshot_layer
                0x10002f38        0xc .build/obj_boardsource_unicorne_ethangamma24/quantum/action_util.o
                0x10002f38                get_oneshot_layer
 .text.get_oneshot_layer_state
                0x10002f44       0x10 .build/obj_boardsource_unicorne_ethangamma24/quantum/action_util.o
                0x10002f44                get_oneshot_layer_state
 .text.is_oneshot_layer_active
                0x10002f54       0x14 .build/obj_boardsource_unicorne_ethangamma24/quantum/action_util.o
                0x10002f54                is_oneshot_layer_active
 .text.get_mods
                0x10002f68        0xc .build/obj_boardsource_unicorne_ethangamma24/quantum/action_util.o
                0x10002f68                get_mods
 .text.add_mods
                0x10002f74       0x10 .build/obj_boardsource_unicorne_ethangamma24/quantum/action_util.o
                0x10002f74                add_mods
 .text.del_mods
                0x10002f84       0x10 .build/obj_boardsource_unicorne_ethangamma24/quantum/action_util.o
                0x10002f84                del_mods
 .text.clear_mods
                0x10002f94        0xc .build/obj_boardsource_unicorne_ethangamma24/quantum/action_util.o
                0x10002f94                clear_mods
 .text.add_weak_mods
                0x10002fa0       0x10 .build/obj_boardsource_unicorne_ethangamma24/quantum/action_util.o
                0x10002fa0                add_weak_mods
 .text.del_weak_mods
                0x10002fb0       0x10 .build/obj_boardsource_unicorne_ethangamma24/quantum/action_util.o
                0x10002fb0                del_weak_mods
 .text.clear_weak_mods
                0x10002fc0        0xc .build/obj_boardsource_unicorne_ethangamma24/quantum/action_util.o
                0x10002fc0                clear_weak_mods
 .text.oneshot_locked_mods_changed_user
                0x10002fcc        0x2 .build/obj_boardsource_unicorne_ethangamma24/quantum/action_util.o
                0x10002fcc                oneshot_locked_mods_changed_user
 .text.oneshot_locked_mods_changed_kb
                0x10002fce        0x8 .build/obj_boardsource_unicorne_ethangamma24/quantum/action_util.o
                0x10002fce                oneshot_locked_mods_changed_kb
 *fill*         0x10002fd6        0x2 
 .text.del_oneshot_locked_mods
                0x10002fd8       0x1c .build/obj_boardsource_unicorne_ethangamma24/quantum/action_util.o
                0x10002fd8                del_oneshot_locked_mods
 .text.oneshot_mods_changed_user
                0x10002ff4        0x2 .build/obj_boardsource_unicorne_ethangamma24/quantum/action_util.o
                0x10002ff4                oneshot_mods_changed_user
 .text.oneshot_mods_changed_kb
                0x10002ff6        0x8 .build/obj_boardsource_unicorne_ethangamma24/quantum/action_util.o
                0x10002ff6                oneshot_mods_changed_kb
 *fill*         0x10002ffe        0x2 
 .text.add_oneshot_mods
                0x10003000       0x1c .build/obj_boardsource_unicorne_ethangamma24/quantum/action_util.o
                0x10003000                add_oneshot_mods
 .text.del_oneshot_mods
                0x1000301c       0x1c .build/obj_boardsource_unicorne_ethangamma24/quantum/action_util.o
                0x1000301c                del_oneshot_mods
 .text.clear_oneshot_mods
                0x10003038       0x18 .build/obj_boardsource_unicorne_ethangamma24/quantum/action_util.o
                0x10003038                clear_oneshot_mods
 .text.get_mods_for_report
                0x10003050       0x34 .build/obj_boardsource_unicorne_ethangamma24/quantum/action_util.o
 .text.send_6kro_report
                0x10003084       0x38 .build/obj_boardsource_unicorne_ethangamma24/quantum/action_util.o
                0x10003084                send_6kro_report
 .text.send_nkro_report
                0x100030bc       0x38 .build/obj_boardsource_unicorne_ethangamma24/quantum/action_util.o
                0x100030bc                send_nkro_report
 .text.send_keyboard_report
                0x100030f4       0x28 .build/obj_boardsource_unicorne_ethangamma24/quantum/action_util.o
                0x100030f4                send_keyboard_report
 .text.oneshot_layer_changed_user
                0x1000311c        0x2 .build/obj_boardsource_unicorne_ethangamma24/quantum/action_util.o
                0x1000311c                oneshot_layer_changed_user
 .text.oneshot_layer_changed_kb
                0x1000311e        0x8 .build/obj_boardsource_unicorne_ethangamma24/quantum/action_util.o
                0x1000311e                oneshot_layer_changed_kb
 *fill*         0x10003126        0x2 
 .text.set_oneshot_layer
                0x10003128       0x30 .build/obj_boardsource_unicorne_ethangamma24/quantum/action_util.o
                0x10003128                set_oneshot_layer
 .text.reset_oneshot_layer
                0x10003158       0x14 .build/obj_boardsource_unicorne_ethangamma24/quantum/action_util.o
                0x10003158                reset_oneshot_layer
 .text.clear_oneshot_layer_state
                0x1000316c       0x30 .build/obj_boardsource_unicorne_ethangamma24/quantum/action_util.o
                0x1000316c                clear_oneshot_layer_state
 .text.oneshot_set
                0x1000319c       0x30 .build/obj_boardsource_unicorne_ethangamma24/quantum/action_util.o
                0x1000319c                oneshot_set
 .text.oneshot_toggle
                0x100031cc       0x18 .build/obj_boardsource_unicorne_ethangamma24/quantum/action_util.o
                0x100031cc                oneshot_toggle
 .text.oneshot_enable
                0x100031e4        0xa .build/obj_boardsource_unicorne_ethangamma24/quantum/action_util.o
                0x100031e4                oneshot_enable
 .text.oneshot_disable
                0x100031ee        0xa .build/obj_boardsource_unicorne_ethangamma24/quantum/action_util.o
                0x100031ee                oneshot_disable
 .text.eeconfig_disable
                0x100031f8       0x14 .build/obj_boardsource_unicorne_ethangamma24/quantum/eeconfig.o
                0x100031f8                eeconfig_disable
 .text.eeconfig_is_enabled
                0x1000320c       0x18 .build/obj_boardsource_unicorne_ethangamma24/quantum/eeconfig.o
                0x1000320c                eeconfig_is_enabled
 .text.eeconfig_read_debug
                0x10003224        0xa .build/obj_boardsource_unicorne_ethangamma24/quantum/eeconfig.o
                0x10003224                eeconfig_read_debug
 .text.eeconfig_read_default_layer
                0x1000322e        0xa .build/obj_boardsource_unicorne_ethangamma24/quantum/eeconfig.o
                0x1000322e                eeconfig_read_default_layer
 .text.eeconfig_read_keymap
                0x10003238        0xa .build/obj_boardsource_unicorne_ethangamma24/quantum/eeconfig.o
                0x10003238                eeconfig_read_keymap
 .text.eeconfig_update_keymap
                0x10003242        0xc .build/obj_boardsource_unicorne_ethangamma24/quantum/eeconfig.o
                0x10003242                eeconfig_update_keymap
 .text.eeconfig_read_audio
                0x1000324e        0xa .build/obj_boardsource_unicorne_ethangamma24/quantum/eeconfig.o
                0x1000324e                eeconfig_read_audio
 .text.eeconfig_update_audio
                0x10003258        0xc .build/obj_boardsource_unicorne_ethangamma24/quantum/eeconfig.o
                0x10003258                eeconfig_update_audio
 .text.eeconfig_update_kb
                0x10003264        0xc .build/obj_boardsource_unicorne_ethangamma24/quantum/eeconfig.o
                0x10003264                eeconfig_update_kb
 .text.eeconfig_update_user
                0x10003270        0xc .build/obj_boardsource_unicorne_ethangamma24/quantum/eeconfig.o
                0x10003270                eeconfig_update_user
 .text.eeconfig_init_user
                0x1000327c        0xa .build/obj_boardsource_unicorne_ethangamma24/quantum/eeconfig.o
                0x1000327c                eeconfig_init_user
 .text.eeconfig_init_kb
                0x10003286        0xe .build/obj_boardsource_unicorne_ethangamma24/quantum/eeconfig.o
                0x10003286                eeconfig_init_kb
 .text.eeconfig_init_quantum
                0x10003294       0x8c .build/obj_boardsource_unicorne_ethangamma24/quantum/eeconfig.o
                0x10003294                eeconfig_init_quantum
 .text.eeconfig_init
                0x10003320        0x8 .build/obj_boardsource_unicorne_ethangamma24/quantum/eeconfig.o
                0x10003320                eeconfig_init
 .text.eeconfig_update_handedness
                0x10003328        0xc .build/obj_boardsource_unicorne_ethangamma24/quantum/eeconfig.o
                0x10003328                eeconfig_update_handedness
 .text.generate_tick_event
                0x10003334       0x30 .build/obj_boardsource_unicorne_ethangamma24/quantum/keyboard.o
 .text.last_matrix_activity_trigger
                0x10003364       0x18 .build/obj_boardsource_unicorne_ethangamma24/quantum/keyboard.o
                0x10003364                last_matrix_activity_trigger
 .text.last_encoder_activity_trigger
                0x1000337c       0x18 .build/obj_boardsource_unicorne_ethangamma24/quantum/keyboard.o
                0x1000337c                last_encoder_activity_trigger
 .text.matrix_setup
                0x10003394        0x2 .build/obj_boardsource_unicorne_ethangamma24/quantum/keyboard.o
                0x10003394                matrix_setup
 .text.keyboard_pre_init_user
                0x10003396        0x2 .build/obj_boardsource_unicorne_ethangamma24/quantum/keyboard.o
                0x10003396                keyboard_pre_init_user
 .text.keyboard_pre_init_kb
                0x10003398        0x8 .build/obj_boardsource_unicorne_ethangamma24/quantum/keyboard.o
                0x10003398                keyboard_pre_init_kb
 .text.keyboard_post_init_user
                0x100033a0        0x2 .build/obj_boardsource_unicorne_ethangamma24/quantum/keyboard.o
                0x100033a0                keyboard_post_init_user
 .text.keyboard_post_init_kb
                0x100033a2        0x8 .build/obj_boardsource_unicorne_ethangamma24/quantum/keyboard.o
                0x100033a2                keyboard_post_init_kb
 .text.matrix_can_read
                0x100033aa        0x4 .build/obj_boardsource_unicorne_ethangamma24/quantum/keyboard.o
                0x100033aa                matrix_can_read
 *fill*         0x100033ae        0x2 
 .text.keyboard_setup
                0x100033b0       0x1c .build/obj_boardsource_unicorne_ethangamma24/quantum/keyboard.o
                0x100033b0                keyboard_setup
 .text.should_process_keypress
                0x100033cc        0x8 .build/obj_boardsource_unicorne_ethangamma24/quantum/keyboard.o
                0x100033cc                should_process_keypress
 .text.housekeeping_task_kb
                0x100033d4        0x2 .build/obj_boardsource_unicorne_ethangamma24/quantum/keyboard.o
                0x100033d4                housekeeping_task_kb
 .text.housekeeping_task_user
                0x100033d6        0x2 .build/obj_boardsource_unicorne_ethangamma24/quantum/keyboard.o
                0x100033d6                housekeeping_task_user
 .text.housekeeping_task
                0x100033d8        0xc .build/obj_boardsource_unicorne_ethangamma24/quantum/keyboard.o
                0x100033d8                housekeeping_task
 .text.quantum_init
                0x100033e4       0x44 .build/obj_boardsource_unicorne_ethangamma24/quantum/keyboard.o
                0x100033e4                quantum_init
 .text.keyboard_init
                0x10003428       0x3a .build/obj_boardsource_unicorne_ethangamma24/quantum/keyboard.o
                0x10003428                keyboard_init
 *fill*         0x10003462        0x2 
 .text.quantum_task
                0x10003464       0x44 .build/obj_boardsource_unicorne_ethangamma24/quantum/keyboard.o
                0x10003464                quantum_task
 .text.keyboard_task
                0x100034a8      0x10c .build/obj_boardsource_unicorne_ethangamma24/quantum/keyboard.o
                0x100034a8                keyboard_task
 .text.action_for_keycode
                0x100035b4      0x1d8 .build/obj_boardsource_unicorne_ethangamma24/quantum/keymap_common.o
                0x100035b4                action_for_keycode
 .text.keymap_key_to_keycode
                0x1000378c       0x20 .build/obj_boardsource_unicorne_ethangamma24/quantum/keymap_common.o
                0x1000378c                keymap_key_to_keycode
 .text.action_for_key
                0x100037ac       0x12 .build/obj_boardsource_unicorne_ethangamma24/quantum/keymap_common.o
                0x100037ac                action_for_key
 *fill*         0x100037be        0x2 
 .text.keycode_config
                0x100037c0      0x108 .build/obj_boardsource_unicorne_ethangamma24/quantum/keycode_config.o
                0x100037c0                keycode_config
 .text.mod_config
                0x100038c8       0x98 .build/obj_boardsource_unicorne_ethangamma24/quantum/keycode_config.o
                0x100038c8                mod_config
 .text.sync_timer_init
                0x10003960        0xc .build/obj_boardsource_unicorne_ethangamma24/quantum/sync_timer.o
                0x10003960                sync_timer_init
 .text.sync_timer_update
                0x1000396c       0x1c .build/obj_boardsource_unicorne_ethangamma24/quantum/sync_timer.o
                0x1000396c                sync_timer_update
 .text.sync_timer_read32
                0x10003988       0x20 .build/obj_boardsource_unicorne_ethangamma24/quantum/sync_timer.o
                0x10003988                sync_timer_read32
 .text.sync_timer_elapsed32
                0x100039a8       0x1c .build/obj_boardsource_unicorne_ethangamma24/quantum/sync_timer.o
                0x100039a8                sync_timer_elapsed32
 .text.sendchar
                0x100039c4        0x4 .build/obj_boardsource_unicorne_ethangamma24/quantum/logging/sendchar.o
                0x100039c4                sendchar
 .text.null_sendchar_func
                0x100039c8        0x4 .build/obj_boardsource_unicorne_ethangamma24/quantum/logging/print.o
 .text.print_set_sendchar
                0x100039cc        0xc .build/obj_boardsource_unicorne_ethangamma24/quantum/logging/print.o
                0x100039cc                print_set_sendchar
 .text.matrix_init_user
                0x100039d8        0x2 .build/obj_boardsource_unicorne_ethangamma24/quantum/matrix_common.o
                0x100039d8                matrix_init_user
 .text.matrix_init_kb
                0x100039da        0x8 .build/obj_boardsource_unicorne_ethangamma24/quantum/matrix_common.o
                0x100039da                matrix_init_kb
 .text.matrix_scan_user
                0x100039e2        0x2 .build/obj_boardsource_unicorne_ethangamma24/quantum/matrix_common.o
                0x100039e2                matrix_scan_user
 .text.matrix_scan_kb
                0x100039e4        0x8 .build/obj_boardsource_unicorne_ethangamma24/quantum/matrix_common.o
                0x100039e4                matrix_scan_kb
 .text.matrix_get_row
                0x100039ec        0xc .build/obj_boardsource_unicorne_ethangamma24/quantum/matrix_common.o
                0x100039ec                matrix_get_row
 .text.matrix_print
                0x100039f8        0x2 .build/obj_boardsource_unicorne_ethangamma24/quantum/matrix_common.o
                0x100039f8                matrix_print
 .text.matrix_io_delay
                0x100039fa        0xa .build/obj_boardsource_unicorne_ethangamma24/quantum/matrix_common.o
                0x100039fa                matrix_io_delay
 .text.matrix_output_select_delay
                0x10003a04      0x190 .build/obj_boardsource_unicorne_ethangamma24/quantum/matrix_common.o
                0x10003a04                matrix_output_select_delay
 .text.matrix_output_unselect_delay
                0x10003b94        0x8 .build/obj_boardsource_unicorne_ethangamma24/quantum/matrix_common.o
                0x10003b94                matrix_output_unselect_delay
 .text.matrix_slave_scan_user
                0x10003b9c        0x2 .build/obj_boardsource_unicorne_ethangamma24/quantum/matrix_common.o
                0x10003b9c                matrix_slave_scan_user
 .text.matrix_slave_scan_kb
                0x10003b9e        0x8 .build/obj_boardsource_unicorne_ethangamma24/quantum/matrix_common.o
                0x10003b9e                matrix_slave_scan_kb
 *fill*         0x10003ba6        0x2 
 .text.matrix_post_scan
                0x10003ba8       0x80 .build/obj_boardsource_unicorne_ethangamma24/quantum/matrix_common.o
                0x10003ba8                matrix_post_scan
 .text.setPinInputHigh_atomic
                0x10003c28       0x44 .build/obj_boardsource_unicorne_ethangamma24/quantum/matrix.o
 .text.matrix_init_pins
                0x10003c6c       0x38 .build/obj_boardsource_unicorne_ethangamma24/quantum/matrix.o
                0x10003c6c                matrix_init_pins
 .text.matrix_read_cols_on_row
                0x10003ca4       0xb8 .build/obj_boardsource_unicorne_ethangamma24/quantum/matrix.o
                0x10003ca4                matrix_read_cols_on_row
 .text.matrix_init
                0x10003d5c       0x54 .build/obj_boardsource_unicorne_ethangamma24/quantum/matrix.o
                0x10003d5c                matrix_init
 .text.matrix_scan
                0x10003db0       0x6c .build/obj_boardsource_unicorne_ethangamma24/quantum/matrix.o
                0x10003db0                matrix_scan
 .text.debounce_init
                0x10003e1c        0x2 .build/obj_boardsource_unicorne_ethangamma24/quantum/debounce/sym_defer_g.o
                0x10003e1c                debounce_init
 *fill*         0x10003e1e        0x2 
 .text.debounce
                0x10003e20       0x5c .build/obj_boardsource_unicorne_ethangamma24/quantum/debounce/sym_defer_g.o
                0x10003e20                debounce
 .text.is_keyboard_master_impl
                0x10003e7c       0x28 .build/obj_boardsource_unicorne_ethangamma24/quantum/split_common/split_util.o
                0x10003e7c                is_keyboard_master_impl
 .text.is_keyboard_left
                0x10003ea4        0xc .build/obj_boardsource_unicorne_ethangamma24/quantum/split_common/split_util.o
                0x10003ea4                is_keyboard_left
 .text.is_keyboard_master
                0x10003eb0        0xc .build/obj_boardsource_unicorne_ethangamma24/quantum/split_common/split_util.o
                0x10003eb0                is_keyboard_master
 .text.is_keyboard_left_impl
                0x10003ebc        0x8 .build/obj_boardsource_unicorne_ethangamma24/quantum/split_common/split_util.o
                0x10003ebc                is_keyboard_left_impl
 .text.split_pre_init
                0x10003ec4       0x30 .build/obj_boardsource_unicorne_ethangamma24/quantum/split_common/split_util.o
                0x10003ec4                split_pre_init
 .text.split_post_init
                0x10003ef4       0x10 .build/obj_boardsource_unicorne_ethangamma24/quantum/split_common/split_util.o
                0x10003ef4                split_post_init
 .text.is_transport_connected
                0x10003f04       0x14 .build/obj_boardsource_unicorne_ethangamma24/quantum/split_common/split_util.o
                0x10003f04                is_transport_connected
 .text.transport_master_if_connected
                0x10003f18       0x64 .build/obj_boardsource_unicorne_ethangamma24/quantum/split_common/split_util.o
                0x10003f18                transport_master_if_connected
 .text.transport_master_init
                0x10003f7c        0x8 .build/obj_boardsource_unicorne_ethangamma24/quantum/split_common/transport.o
                0x10003f7c                transport_master_init
 .text.transport_slave_init
                0x10003f84        0x8 .build/obj_boardsource_unicorne_ethangamma24/quantum/split_common/transport.o
                0x10003f84                transport_slave_init
 .text.transport_execute_transaction
                0x10003f8c       0x6c .build/obj_boardsource_unicorne_ethangamma24/quantum/split_common/transport.o
                0x10003f8c                transport_execute_transaction
 .text.transport_master
                0x10003ff8        0x8 .build/obj_boardsource_unicorne_ethangamma24/quantum/split_common/transport.o
                0x10003ff8                transport_master
 .text.transport_slave
                0x10004000        0x8 .build/obj_boardsource_unicorne_ethangamma24/quantum/split_common/transport.o
                0x10004000                transport_slave
 .text.encoder_handlers_slave_reset
                0x10004008        0xa .build/obj_boardsource_unicorne_ethangamma24/quantum/split_common/transactions.o
 .text.read_if_checksum_mismatch
                0x10004012       0x7a .build/obj_boardsource_unicorne_ethangamma24/quantum/split_common/transactions.o
 .text.encoder_handlers_master
                0x1000408c       0x4c .build/obj_boardsource_unicorne_ethangamma24/quantum/split_common/transactions.o
 .text.slave_matrix_handlers_master
                0x100040d8       0x4c .build/obj_boardsource_unicorne_ethangamma24/quantum/split_common/transactions.o
 .text.send_if_condition
                0x10004124       0x3e .build/obj_boardsource_unicorne_ethangamma24/quantum/split_common/transactions.o
 *fill*         0x10004162        0x2 
 .text.layer_state_handlers_master
                0x10004164       0x54 .build/obj_boardsource_unicorne_ethangamma24/quantum/split_common/transactions.o
 .text.sync_timer_handlers_master
                0x100041b8       0x3c .build/obj_boardsource_unicorne_ethangamma24/quantum/split_common/transactions.o
 .text.transaction_handler_master.isra.4
                0x100041f4       0x46 .build/obj_boardsource_unicorne_ethangamma24/quantum/split_common/transactions.o
 *fill*         0x1000423a        0x2 
 .text.rgb_matrix_handlers_master
                0x1000423c       0x4c .build/obj_boardsource_unicorne_ethangamma24/quantum/split_common/transactions.o
 .text.transactions_master
                0x10004288       0x60 .build/obj_boardsource_unicorne_ethangamma24/quantum/split_common/transactions.o
                0x10004288                transactions_master
 .text.transactions_slave
                0x100042e8       0xa0 .build/obj_boardsource_unicorne_ethangamma24/quantum/split_common/transactions.o
                0x100042e8                transactions_slave
 .text.protocol_init
                0x10004388       0x10 .build/obj_boardsource_unicorne_ethangamma24/quantum/main.o
                0x10004388                protocol_init
 .text.protocol_task
                0x10004398       0x10 .build/obj_boardsource_unicorne_ethangamma24/quantum/main.o
                0x10004398                protocol_task
 .text.startup.main
                0x100043a8       0x1c .build/obj_boardsource_unicorne_ethangamma24/quantum/main.o
                0x100043a8                main
 .text.compute_freq_for_midi_note
                0x100043c4       0x28 .build/obj_boardsource_unicorne_ethangamma24/quantum/process_keycode/process_audio.o
                0x100043c4                compute_freq_for_midi_note
 .text.process_audio
                0x100043ec       0x90 .build/obj_boardsource_unicorne_ethangamma24/quantum/process_keycode/process_audio.o
                0x100043ec                process_audio
 .text.process_audio_noteon
                0x1000447c        0xc .build/obj_boardsource_unicorne_ethangamma24/quantum/process_keycode/process_audio.o
                0x1000447c                process_audio_noteon
 .text.process_audio_noteoff
                0x10004488        0xc .build/obj_boardsource_unicorne_ethangamma24/quantum/process_keycode/process_audio.o
                0x10004488                process_audio_noteoff
 .text.process_audio_all_notes_off
                0x10004494        0x8 .build/obj_boardsource_unicorne_ethangamma24/quantum/process_keycode/process_audio.o
                0x10004494                process_audio_all_notes_off
 .text.eeconfig_update_audio_default
                0x1000449c       0x18 .build/obj_boardsource_unicorne_ethangamma24/quantum/audio/audio.o
                0x1000449c                eeconfig_update_audio_default
 .text.audio_is_on
                0x100044b4       0x10 .build/obj_boardsource_unicorne_ethangamma24/quantum/audio/audio.o
                0x100044b4                audio_is_on
 .text.audio_stop_all
                0x100044c4       0x58 .build/obj_boardsource_unicorne_ethangamma24/quantum/audio/audio.o
                0x100044c4                audio_stop_all
 .text.audio_init
                0x1000451c       0x50 .build/obj_boardsource_unicorne_ethangamma24/quantum/audio/audio.o
                0x1000451c                audio_init
 .text.audio_stop_tone
                0x1000456c       0xb0 .build/obj_boardsource_unicorne_ethangamma24/quantum/audio/audio.o
                0x1000456c                audio_stop_tone
 .text.audio_play_note
                0x1000461c      0x104 .build/obj_boardsource_unicorne_ethangamma24/quantum/audio/audio.o
                0x1000461c                audio_play_note
 .text.audio_play_tone
                0x10004720       0x10 .build/obj_boardsource_unicorne_ethangamma24/quantum/audio/audio.o
                0x10004720                audio_play_tone
 .text.audio_get_processed_frequency
                0x10004730       0x3c .build/obj_boardsource_unicorne_ethangamma24/quantum/audio/audio.o
                0x10004730                audio_get_processed_frequency
 .text.audio_duration_to_ms
                0x1000476c       0x1c .build/obj_boardsource_unicorne_ethangamma24/quantum/audio/audio.o
                0x1000476c                audio_duration_to_ms
 .text.audio_play_melody
                0x10004788       0xb0 .build/obj_boardsource_unicorne_ethangamma24/quantum/audio/audio.o
                0x10004788                audio_play_melody
 .text.audio_startup
                0x10004838       0x2c .build/obj_boardsource_unicorne_ethangamma24/quantum/audio/audio.o
                0x10004838                audio_startup
 .text.audio_update_state
                0x10004864      0x1c4 .build/obj_boardsource_unicorne_ethangamma24/quantum/audio/audio.o
                0x10004864                audio_update_state
 .text.audio_on_user
                0x10004a28        0x2 .build/obj_boardsource_unicorne_ethangamma24/quantum/audio/audio.o
                0x10004a28                audio_on_user
 *fill*         0x10004a2a        0x2 
 .text.audio_on
                0x10004a2c       0x28 .build/obj_boardsource_unicorne_ethangamma24/quantum/audio/audio.o
                0x10004a2c                audio_on
 .text.audio_off_user
                0x10004a54        0x2 .build/obj_boardsource_unicorne_ethangamma24/quantum/audio/audio.o
                0x10004a54                audio_off_user
 *fill*         0x10004a56        0x2 
 .text.audio_off
                0x10004a58       0x38 .build/obj_boardsource_unicorne_ethangamma24/quantum/audio/audio.o
                0x10004a58                audio_off
 .text.port_spinlock_take
                0x10004a90       0x14 .build/obj_boardsource_unicorne_ethangamma24/platforms/chibios/drivers/audio_pwm_hardware.o
 .text.port_unlock
                0x10004aa4       0x12 .build/obj_boardsource_unicorne_ethangamma24/platforms/chibios/drivers/audio_pwm_hardware.o
 *fill*         0x10004ab6        0x2 
 .text.chVTResetI.constprop.7
                0x10004ab8       0x14 .build/obj_boardsource_unicorne_ethangamma24/platforms/chibios/drivers/audio_pwm_hardware.o
 .text.channel_1_set_frequency
                0x10004acc       0x7c .build/obj_boardsource_unicorne_ethangamma24/platforms/chibios/drivers/audio_pwm_hardware.o
                0x10004acc                channel_1_set_frequency
 .text.audio_callback
                0x10004b48       0x3c .build/obj_boardsource_unicorne_ethangamma24/platforms/chibios/drivers/audio_pwm_hardware.o
 .text.channel_1_start
                0x10004b84       0x1c .build/obj_boardsource_unicorne_ethangamma24/platforms/chibios/drivers/audio_pwm_hardware.o
                0x10004b84                channel_1_start
 .text.channel_1_stop
                0x10004ba0       0x10 .build/obj_boardsource_unicorne_ethangamma24/platforms/chibios/drivers/audio_pwm_hardware.o
                0x10004ba0                channel_1_stop
 .text.audio_driver_initialize
                0x10004bb0       0x3c .build/obj_boardsource_unicorne_ethangamma24/platforms/chibios/drivers/audio_pwm_hardware.o
                0x10004bb0                audio_driver_initialize
 .text.audio_driver_start
                0x10004bec       0x5c .build/obj_boardsource_unicorne_ethangamma24/platforms/chibios/drivers/audio_pwm_hardware.o
                0x10004bec                audio_driver_start
 .text.audio_driver_stop
                0x10004c48       0x16 .build/obj_boardsource_unicorne_ethangamma24/platforms/chibios/drivers/audio_pwm_hardware.o
                0x10004c48                audio_driver_stop
 *fill*         0x10004c5e        0x2 
 .text.voice_iterate
                0x10004c60        0xc .build/obj_boardsource_unicorne_ethangamma24/quantum/audio/voices.o
                0x10004c60                voice_iterate
 .text.voice_deiterate
                0x10004c6c        0xc .build/obj_boardsource_unicorne_ethangamma24/quantum/audio/voices.o
                0x10004c6c                voice_deiterate
 .text.voice_envelope
                0x10004c78       0x18 .build/obj_boardsource_unicorne_ethangamma24/quantum/audio/voices.o
                0x10004c78                voice_envelope
 .text.eeprom_read_byte
                0x10004c90       0x18 .build/obj_boardsource_unicorne_ethangamma24/eeprom_driver.o
                0x10004c90                eeprom_read_byte
 .text.eeprom_read_word
                0x10004ca8       0x18 .build/obj_boardsource_unicorne_ethangamma24/eeprom_driver.o
                0x10004ca8                eeprom_read_word
 .text.eeprom_read_dword
                0x10004cc0       0x14 .build/obj_boardsource_unicorne_ethangamma24/eeprom_driver.o
                0x10004cc0                eeprom_read_dword
 .text.eeprom_write_byte
                0x10004cd4       0x14 .build/obj_boardsource_unicorne_ethangamma24/eeprom_driver.o
                0x10004cd4                eeprom_write_byte
 .text.eeprom_write_word
                0x10004ce8       0x14 .build/obj_boardsource_unicorne_ethangamma24/eeprom_driver.o
                0x10004ce8                eeprom_write_word
 .text.eeprom_write_dword
                0x10004cfc       0x10 .build/obj_boardsource_unicorne_ethangamma24/eeprom_driver.o
                0x10004cfc                eeprom_write_dword
 .text.eeprom_update_block
                0x10004d0c       0x3a .build/obj_boardsource_unicorne_ethangamma24/eeprom_driver.o
                0x10004d0c                eeprom_update_block
 .text.eeprom_update_byte
                0x10004d46       0x18 .build/obj_boardsource_unicorne_ethangamma24/eeprom_driver.o
                0x10004d46                eeprom_update_byte
 .text.eeprom_update_word
                0x10004d5e       0x18 .build/obj_boardsource_unicorne_ethangamma24/eeprom_driver.o
                0x10004d5e                eeprom_update_word
 .text.eeprom_update_dword
                0x10004d76       0x18 .build/obj_boardsource_unicorne_ethangamma24/eeprom_driver.o
                0x10004d76                eeprom_update_dword
 .text.eeprom_driver_init
                0x10004d8e        0x8 .build/obj_boardsource_unicorne_ethangamma24/eeprom_wear_leveling.o
                0x10004d8e                eeprom_driver_init
 .text.eeprom_driver_erase
                0x10004d96        0x8 .build/obj_boardsource_unicorne_ethangamma24/eeprom_wear_leveling.o
                0x10004d96                eeprom_driver_erase
 .text.eeprom_read_block
                0x10004d9e        0xe .build/obj_boardsource_unicorne_ethangamma24/eeprom_wear_leveling.o
                0x10004d9e                eeprom_read_block
 .text.eeprom_write_block
                0x10004dac        0xe .build/obj_boardsource_unicorne_ethangamma24/eeprom_wear_leveling.o
                0x10004dac                eeprom_write_block
 *fill*         0x10004dba        0x2 
 .text.wear_leveling_clear_cache
                0x10004dbc       0x20 .build/obj_boardsource_unicorne_ethangamma24/wear_leveling.o
 .text.wear_leveling_unlock
                0x10004ddc       0x24 .build/obj_boardsource_unicorne_ethangamma24/wear_leveling.o
 .text.wear_leveling_lock
                0x10004e00       0x28 .build/obj_boardsource_unicorne_ethangamma24/wear_leveling.o
 .text.wear_leveling_erase
                0x10004e28       0x2e .build/obj_boardsource_unicorne_ethangamma24/wear_leveling.o
                0x10004e28                wear_leveling_erase
 *fill*         0x10004e56        0x2 
 .text.wear_leveling_read
                0x10004e58       0x24 .build/obj_boardsource_unicorne_ethangamma24/wear_leveling.o
                0x10004e58                wear_leveling_read
 .text.wear_leveling_write_consolidated
                0x10004e7c       0x5c .build/obj_boardsource_unicorne_ethangamma24/wear_leveling.o
 .text.wear_leveling_consolidate_if_needed
                0x10004ed8       0x34 .build/obj_boardsource_unicorne_ethangamma24/wear_leveling.o
 .text.wear_leveling_append_raw
                0x10004f0c       0x28 .build/obj_boardsource_unicorne_ethangamma24/wear_leveling.o
 .text.wear_leveling_write
                0x10004f34      0x1a0 .build/obj_boardsource_unicorne_ethangamma24/wear_leveling.o
                0x10004f34                wear_leveling_write
 .text.wear_leveling_init
                0x100050d4      0x198 .build/obj_boardsource_unicorne_ethangamma24/wear_leveling.o
                0x100050d4                wear_leveling_init
 .text.backing_store_init
                0x1000526c       0x1c .build/obj_boardsource_unicorne_ethangamma24/wear_leveling_rp2040_flash.o
                0x1000526c                backing_store_init
 .text.backing_store_unlock
                0x10005288        0x4 .build/obj_boardsource_unicorne_ethangamma24/wear_leveling_rp2040_flash.o
                0x10005288                backing_store_unlock
 .text.backing_store_erase
                0x1000528c       0x28 .build/obj_boardsource_unicorne_ethangamma24/wear_leveling_rp2040_flash.o
                0x1000528c                backing_store_erase
 .text.backing_store_write_bulk
                0x100052b4       0x24 .build/obj_boardsource_unicorne_ethangamma24/wear_leveling_rp2040_flash.o
                0x100052b4                backing_store_write_bulk
 .text.backing_store_write
                0x100052d8       0x12 .build/obj_boardsource_unicorne_ethangamma24/wear_leveling_rp2040_flash.o
                0x100052d8                backing_store_write
 .text.backing_store_lock
                0x100052ea        0x4 .build/obj_boardsource_unicorne_ethangamma24/wear_leveling_rp2040_flash.o
                0x100052ea                backing_store_lock
 *fill*         0x100052ee        0x2 
 .text.backing_store_read_bulk
                0x100052f0       0x20 .build/obj_boardsource_unicorne_ethangamma24/wear_leveling_rp2040_flash.o
                0x100052f0                backing_store_read_bulk
 .text.backing_store_read
                0x10005310        0xa .build/obj_boardsource_unicorne_ethangamma24/wear_leveling_rp2040_flash.o
                0x10005310                backing_store_read
 *fill*         0x1000531a        0x2 
 .text.hsv_to_rgb_impl
                0x1000531c       0xc0 .build/obj_boardsource_unicorne_ethangamma24/quantum/color.o
                0x1000531c                hsv_to_rgb_impl
 .text.hsv_to_rgb
                0x100053dc       0x2c .build/obj_boardsource_unicorne_ethangamma24/quantum/color.o
                0x100053dc                hsv_to_rgb
 .text.sin8_C   0x10005408       0x44 .build/obj_boardsource_unicorne_ethangamma24/quantum/rgb_matrix/rgb_matrix.o
 .text.BAND_SAT_math
                0x1000544c       0x54 .build/obj_boardsource_unicorne_ethangamma24/quantum/rgb_matrix/rgb_matrix.o
 .text.BAND_VAL_math
                0x100054a0       0x50 .build/obj_boardsource_unicorne_ethangamma24/quantum/rgb_matrix/rgb_matrix.o
 .text.eeconfig_flag_rgb_matrix
                0x100054f0       0x10 .build/obj_boardsource_unicorne_ethangamma24/quantum/rgb_matrix/rgb_matrix.o
 .text.rgb_matrix_check_finished_leds
                0x10005500       0x1a .build/obj_boardsource_unicorne_ethangamma24/quantum/rgb_matrix/rgb_matrix.o
 *fill*         0x1000551a        0x2 
 .text.eeconfig_init_rgb_matrix
                0x1000551c       0x20 .build/obj_boardsource_unicorne_ethangamma24/quantum/rgb_matrix/rgb_matrix.o
 .text.eeconfig_flush_rgb_matrix.part.0
                0x1000553c       0x1c .build/obj_boardsource_unicorne_ethangamma24/quantum/rgb_matrix/rgb_matrix.o
 .text.rgb_matrix_hsv_to_rgb
                0x10005558       0x28 .build/obj_boardsource_unicorne_ethangamma24/quantum/rgb_matrix/rgb_matrix.o
                0x10005558                rgb_matrix_hsv_to_rgb
 .text.eeconfig_update_rgb_matrix_default
                0x10005580       0x28 .build/obj_boardsource_unicorne_ethangamma24/quantum/rgb_matrix/rgb_matrix.o
                0x10005580                eeconfig_update_rgb_matrix_default
 .text.rgb_matrix_update_pwm_buffers
                0x100055a8       0x10 .build/obj_boardsource_unicorne_ethangamma24/quantum/rgb_matrix/rgb_matrix.o
                0x100055a8                rgb_matrix_update_pwm_buffers
 .text.rgb_matrix_set_color
                0x100055b8       0x10 .build/obj_boardsource_unicorne_ethangamma24/quantum/rgb_matrix/rgb_matrix.o
                0x100055b8                rgb_matrix_set_color
 .text.rgb_matrix_set_color_all
                0x100055c8       0x1e .build/obj_boardsource_unicorne_ethangamma24/quantum/rgb_matrix/rgb_matrix.o
                0x100055c8                rgb_matrix_set_color_all
 .text.process_rgb_matrix
                0x100055e6        0x2 .build/obj_boardsource_unicorne_ethangamma24/quantum/rgb_matrix/rgb_matrix.o
                0x100055e6                process_rgb_matrix
 .text.rgb_matrix_indicators_user
                0x100055e8        0x4 .build/obj_boardsource_unicorne_ethangamma24/quantum/rgb_matrix/rgb_matrix.o
                0x100055e8                rgb_matrix_indicators_user
 .text.rgb_matrix_indicators_kb
                0x100055ec        0x8 .build/obj_boardsource_unicorne_ethangamma24/quantum/rgb_matrix/rgb_matrix.o
                0x100055ec                rgb_matrix_indicators_kb
 .text.rgb_matrix_get_limits
                0x100055f4       0x46 .build/obj_boardsource_unicorne_ethangamma24/quantum/rgb_matrix/rgb_matrix.o
                0x100055f4                rgb_matrix_get_limits
 *fill*         0x1000563a        0x2 
 .text.effect_runner_i
                0x1000563c       0xa0 .build/obj_boardsource_unicorne_ethangamma24/quantum/rgb_matrix/rgb_matrix.o
                0x1000563c                effect_runner_i
 .text.BAND_SAT
                0x100056dc       0x10 .build/obj_boardsource_unicorne_ethangamma24/quantum/rgb_matrix/rgb_matrix.o
                0x100056dc                BAND_SAT
 .text.BAND_VAL
                0x100056ec       0x10 .build/obj_boardsource_unicorne_ethangamma24/quantum/rgb_matrix/rgb_matrix.o
                0x100056ec                BAND_VAL
 .text.SOLID_COLOR
                0x100056fc       0x6c .build/obj_boardsource_unicorne_ethangamma24/quantum/rgb_matrix/rgb_matrix.o
                0x100056fc                SOLID_COLOR
 .text.ALPHAS_MODS
                0x10005768       0xa4 .build/obj_boardsource_unicorne_ethangamma24/quantum/rgb_matrix/rgb_matrix.o
                0x10005768                ALPHAS_MODS
 .text.GRADIENT_UP_DOWN
                0x1000580c       0x90 .build/obj_boardsource_unicorne_ethangamma24/quantum/rgb_matrix/rgb_matrix.o
                0x1000580c                GRADIENT_UP_DOWN
 .text.GRADIENT_LEFT_RIGHT
                0x1000589c       0x90 .build/obj_boardsource_unicorne_ethangamma24/quantum/rgb_matrix/rgb_matrix.o
                0x1000589c                GRADIENT_LEFT_RIGHT
 .text.BREATHING
                0x1000592c       0xac .build/obj_boardsource_unicorne_ethangamma24/quantum/rgb_matrix/rgb_matrix.o
                0x1000592c                BREATHING
 .text.rgb_task_render
                0x100059d8       0xcc .build/obj_boardsource_unicorne_ethangamma24/quantum/rgb_matrix/rgb_matrix.o
 .text.rgb_matrix_indicators_advanced_user
                0x10005aa4        0x4 .build/obj_boardsource_unicorne_ethangamma24/quantum/rgb_matrix/rgb_matrix.o
                0x10005aa4                rgb_matrix_indicators_advanced_user
 .text.rgb_matrix_indicators_advanced_kb
                0x10005aa8        0x8 .build/obj_boardsource_unicorne_ethangamma24/quantum/rgb_matrix/rgb_matrix.o
                0x10005aa8                rgb_matrix_indicators_advanced_kb
 .text.rgb_matrix_indicators_advanced
                0x10005ab0       0x18 .build/obj_boardsource_unicorne_ethangamma24/quantum/rgb_matrix/rgb_matrix.o
                0x10005ab0                rgb_matrix_indicators_advanced
 .text.rgb_matrix_task
                0x10005ac8       0xb8 .build/obj_boardsource_unicorne_ethangamma24/quantum/rgb_matrix/rgb_matrix.o
                0x10005ac8                rgb_matrix_task
 .text.rgb_matrix_init
                0x10005b80       0x28 .build/obj_boardsource_unicorne_ethangamma24/quantum/rgb_matrix/rgb_matrix.o
                0x10005b80                rgb_matrix_init
 .text.rgb_matrix_set_suspend_state
                0x10005ba8       0x48 .build/obj_boardsource_unicorne_ethangamma24/quantum/rgb_matrix/rgb_matrix.o
                0x10005ba8                rgb_matrix_set_suspend_state
 .text.rgb_matrix_get_suspend_state
                0x10005bf0        0xc .build/obj_boardsource_unicorne_ethangamma24/quantum/rgb_matrix/rgb_matrix.o
                0x10005bf0                rgb_matrix_get_suspend_state
 .text.rgb_matrix_toggle_eeprom_helper
                0x10005bfc       0x20 .build/obj_boardsource_unicorne_ethangamma24/quantum/rgb_matrix/rgb_matrix.o
                0x10005bfc                rgb_matrix_toggle_eeprom_helper
 .text.rgb_matrix_toggle
                0x10005c1c        0xa .build/obj_boardsource_unicorne_ethangamma24/quantum/rgb_matrix/rgb_matrix.o
                0x10005c1c                rgb_matrix_toggle
 *fill*         0x10005c26        0x2 
 .text.rgb_matrix_mode_eeprom_helper
                0x10005c28       0x3c .build/obj_boardsource_unicorne_ethangamma24/quantum/rgb_matrix/rgb_matrix.o
                0x10005c28                rgb_matrix_mode_eeprom_helper
 .text.rgb_matrix_mode
                0x10005c64        0xa .build/obj_boardsource_unicorne_ethangamma24/quantum/rgb_matrix/rgb_matrix.o
                0x10005c64                rgb_matrix_mode
 *fill*         0x10005c6e        0x2 
 .text.rgb_matrix_step_helper
                0x10005c70       0x1c .build/obj_boardsource_unicorne_ethangamma24/quantum/rgb_matrix/rgb_matrix.o
                0x10005c70                rgb_matrix_step_helper
 .text.rgb_matrix_step
                0x10005c8c        0xa .build/obj_boardsource_unicorne_ethangamma24/quantum/rgb_matrix/rgb_matrix.o
                0x10005c8c                rgb_matrix_step
 *fill*         0x10005c96        0x2 
 .text.rgb_matrix_step_reverse_helper
                0x10005c98       0x20 .build/obj_boardsource_unicorne_ethangamma24/quantum/rgb_matrix/rgb_matrix.o
                0x10005c98                rgb_matrix_step_reverse_helper
 .text.rgb_matrix_step_reverse
                0x10005cb8        0xa .build/obj_boardsource_unicorne_ethangamma24/quantum/rgb_matrix/rgb_matrix.o
                0x10005cb8                rgb_matrix_step_reverse
 *fill*         0x10005cc2        0x2 
 .text.rgb_matrix_sethsv_eeprom_helper
                0x10005cc4       0x2c .build/obj_boardsource_unicorne_ethangamma24/quantum/rgb_matrix/rgb_matrix.o
                0x10005cc4                rgb_matrix_sethsv_eeprom_helper
 .text.rgb_matrix_increase_hue_helper
                0x10005cf0       0x18 .build/obj_boardsource_unicorne_ethangamma24/quantum/rgb_matrix/rgb_matrix.o
                0x10005cf0                rgb_matrix_increase_hue_helper
 .text.rgb_matrix_increase_hue
                0x10005d08        0xa .build/obj_boardsource_unicorne_ethangamma24/quantum/rgb_matrix/rgb_matrix.o
                0x10005d08                rgb_matrix_increase_hue
 *fill*         0x10005d12        0x2 
 .text.rgb_matrix_decrease_hue_helper
                0x10005d14       0x1c .build/obj_boardsource_unicorne_ethangamma24/quantum/rgb_matrix/rgb_matrix.o
                0x10005d14                rgb_matrix_decrease_hue_helper
 .text.rgb_matrix_decrease_hue
                0x10005d30        0xa .build/obj_boardsource_unicorne_ethangamma24/quantum/rgb_matrix/rgb_matrix.o
                0x10005d30                rgb_matrix_decrease_hue
 *fill*         0x10005d3a        0x2 
 .text.rgb_matrix_increase_sat_helper
                0x10005d3c       0x24 .build/obj_boardsource_unicorne_ethangamma24/quantum/rgb_matrix/rgb_matrix.o
                0x10005d3c                rgb_matrix_increase_sat_helper
 .text.rgb_matrix_increase_sat
                0x10005d60        0xa .build/obj_boardsource_unicorne_ethangamma24/quantum/rgb_matrix/rgb_matrix.o
                0x10005d60                rgb_matrix_increase_sat
 *fill*         0x10005d6a        0x2 
 .text.rgb_matrix_decrease_sat_helper
                0x10005d6c       0x24 .build/obj_boardsource_unicorne_ethangamma24/quantum/rgb_matrix/rgb_matrix.o
                0x10005d6c                rgb_matrix_decrease_sat_helper
 .text.rgb_matrix_decrease_sat
                0x10005d90        0xa .build/obj_boardsource_unicorne_ethangamma24/quantum/rgb_matrix/rgb_matrix.o
                0x10005d90                rgb_matrix_decrease_sat
 *fill*         0x10005d9a        0x2 
 .text.rgb_matrix_increase_val_helper
                0x10005d9c       0x24 .build/obj_boardsource_unicorne_ethangamma24/quantum/rgb_matrix/rgb_matrix.o
                0x10005d9c                rgb_matrix_increase_val_helper
 .text.rgb_matrix_increase_val
                0x10005dc0        0xa .build/obj_boardsource_unicorne_ethangamma24/quantum/rgb_matrix/rgb_matrix.o
                0x10005dc0                rgb_matrix_increase_val
 *fill*         0x10005dca        0x2 
 .text.rgb_matrix_decrease_val_helper
                0x10005dcc       0x24 .build/obj_boardsource_unicorne_ethangamma24/quantum/rgb_matrix/rgb_matrix.o
                0x10005dcc                rgb_matrix_decrease_val_helper
 .text.rgb_matrix_decrease_val
                0x10005df0        0xa .build/obj_boardsource_unicorne_ethangamma24/quantum/rgb_matrix/rgb_matrix.o