Archive member included to satisfy reference by file (symbol)

.build/obj_boardsource_unicorne_via/serial_protocol.a(serial_protocol.o)
                              .build/obj_boardsource_unicorne_via/quantum/split_common/transport.o (soft_serial_target_init)
.build/obj_boardsource_unicorne_via/serial_vendor.a(serial_vendor.o)
                              .build/obj_boardsource_unicorne_via/serial_protocol.a(serial_protocol.o) (serial_transport_driver_clear)
.build/obj_boardsource_unicorne_via/analog.a(analog.o)
                              .build/obj_boardsource_unicorne_via/drivers/sensors/analog_joystick.o (analogReadPin)
.build/obj_boardsource_unicorne_via/i2c_master.a(i2c_master.o)
                              .build/obj_boardsource_unicorne_via/oled_driver.o (i2c_init)
/opt/homebrew/Cellar/arm-none-eabi-gcc@8/8.5.0_2/lib/arm-none-eabi-gcc/8/gcc/arm-none-eabi/8.5.0/../../../../../../arm-none-eabi/lib/thumb/v6-m/nofp/libm.a(lib_a-wf_pow.o)
                              .build/obj_boardsource_unicorne_via/quantum/process_keycode/process_audio.o (powf)
/opt/homebrew/Cellar/arm-none-eabi-gcc@8/8.5.0_2/lib/arm-none-eabi-gcc/8/gcc/arm-none-eabi/8.5.0/../../../../../../arm-none-eabi/lib/thumb/v6-m/nofp/libm.a(lib_a-ef_pow.o)
                              /opt/homebrew/Cellar/arm-none-eabi-gcc@8/8.5.0_2/lib/arm-none-eabi-gcc/8/gcc/arm-none-eabi/8.5.0/../../../../../../arm-none-eabi/lib/thumb/v6-m/nofp/libm.a(lib_a-wf_pow.o) (__ieee754_powf)
/opt/homebrew/Cellar/arm-none-eabi-gcc@8/8.5.0_2/lib/arm-none-eabi-gcc/8/gcc/arm-none-eabi/8.5.0/../../../../../../arm-none-eabi/lib/thumb/v6-m/nofp/libm.a(lib_a-ef_sqrt.o)
                              /opt/homebrew/Cellar/arm-none-eabi-gcc@8/8.5.0_2/lib/arm-none-eabi-gcc/8/gcc/arm-none-eabi/8.5.0/../../../../../../arm-none-eabi/lib/thumb/v6-m/nofp/libm.a(lib_a-ef_pow.o) (__ieee754_sqrtf)
/opt/homebrew/Cellar/arm-none-eabi-gcc@8/8.5.0_2/lib/arm-none-eabi-gcc/8/gcc/arm-none-eabi/8.5.0/../../../../../../arm-none-eabi/lib/thumb/v6-m/nofp/libm.a(lib_a-s_lib_ver.o)
                              /opt/homebrew/Cellar/arm-none-eabi-gcc@8/8.5.0_2/lib/arm-none-eabi-gcc/8/gcc/arm-none-eabi/8.5.0/../../../../../../arm-none-eabi/lib/thumb/v6-m/nofp/libm.a(lib_a-wf_pow.o) (__fdlib_version)
/opt/homebrew/Cellar/arm-none-eabi-gcc@8/8.5.0_2/lib/arm-none-eabi-gcc/8/gcc/arm-none-eabi/8.5.0/../../../../../../arm-none-eabi/lib/thumb/v6-m/nofp/libm.a(lib_a-sf_fabs.o)
                              /opt/homebrew/Cellar/arm-none-eabi-gcc@8/8.5.0_2/lib/arm-none-eabi-gcc/8/gcc/arm-none-eabi/8.5.0/../../../../../../arm-none-eabi/lib/thumb/v6-m/nofp/libm.a(lib_a-ef_pow.o) (fabsf)
/opt/homebrew/Cellar/arm-none-eabi-gcc@8/8.5.0_2/lib/arm-none-eabi-gcc/8/gcc/arm-none-eabi/8.5.0/../../../../../../arm-none-eabi/lib/thumb/v6-m/nofp/libm.a(lib_a-sf_finite.o)
                              /opt/homebrew/Cellar/arm-none-eabi-gcc@8/8.5.0_2/lib/arm-none-eabi-gcc/8/gcc/arm-none-eabi/8.5.0/../../../../../../arm-none-eabi/lib/thumb/v6-m/nofp/libm.a(lib_a-wf_pow.o) (finitef)
/opt/homebrew/Cellar/arm-none-eabi-gcc@8/8.5.0_2/lib/arm-none-eabi-gcc/8/gcc/arm-none-eabi/8.5.0/../../../../../../arm-none-eabi/lib/thumb/v6-m/nofp/libm.a(lib_a-sf_nan.o)
                              /opt/homebrew/Cellar/arm-none-eabi-gcc@8/8.5.0_2/lib/arm-none-eabi-gcc/8/gcc/arm-none-eabi/8.5.0/../../../../../../arm-none-eabi/lib/thumb/v6-m/nofp/libm.a(lib_a-ef_pow.o) (nanf)
/opt/homebrew/Cellar/arm-none-eabi-gcc@8/8.5.0_2/lib/arm-none-eabi-gcc/8/gcc/arm-none-eabi/8.5.0/../../../../../../arm-none-eabi/lib/thumb/v6-m/nofp/libm.a(lib_a-sf_rint.o)
                              /opt/homebrew/Cellar/arm-none-eabi-gcc@8/8.5.0_2/lib/arm-none-eabi-gcc/8/gcc/arm-none-eabi/8.5.0/../../../../../../arm-none-eabi/lib/thumb/v6-m/nofp/libm.a(lib_a-wf_pow.o) (rintf)
/opt/homebrew/Cellar/arm-none-eabi-gcc@8/8.5.0_2/lib/arm-none-eabi-gcc/8/gcc/arm-none-eabi/8.5.0/../../../../../../arm-none-eabi/lib/thumb/v6-m/nofp/libm.a(lib_a-sf_scalbn.o)
                              /opt/homebrew/Cellar/arm-none-eabi-gcc@8/8.5.0_2/lib/arm-none-eabi-gcc/8/gcc/arm-none-eabi/8.5.0/../../../../../../arm-none-eabi/lib/thumb/v6-m/nofp/libm.a(lib_a-ef_pow.o) (scalbnf)
/opt/homebrew/Cellar/arm-none-eabi-gcc@8/8.5.0_2/lib/arm-none-eabi-gcc/8/gcc/arm-none-eabi/8.5.0/thumb/v6-m/nofp/libgcc.a(_thumb1_case_sqi.o)
                              .build/obj_boardsource_unicorne_via/protocol/chibios/usb_main.o (__gnu_thumb1_case_sqi)
/opt/homebrew/Cellar/arm-none-eabi-gcc@8/8.5.0_2/lib/arm-none-eabi-gcc/8/gcc/arm-none-eabi/8.5.0/thumb/v6-m/nofp/libgcc.a(_thumb1_case_uqi.o)
                              .build/obj_boardsource_unicorne_via/keyboards/boardsource/unicorne/unicorne.o (__gnu_thumb1_case_uqi)
/opt/homebrew/Cellar/arm-none-eabi-gcc@8/8.5.0_2/lib/arm-none-eabi-gcc/8/gcc/arm-none-eabi/8.5.0/thumb/v6-m/nofp/libgcc.a(_thumb1_case_uhi.o)
                              .build/obj_boardsource_unicorne_via/quantum/action.o (__gnu_thumb1_case_uhi)
[...]
Memory Configuration

Name             Origin             Length             Attributes
flash0           0x00000000         0x00004000         xr
flash1           0x10000000         0x00200000         xr
flash2           0x00000000         0x00000000         xr
flash3           0x00000000         0x00000000         xr
flash4           0x00000000         0x00000000         xr
flash5           0x00000000         0x00000000         xr
flash6           0x00000000         0x00000000         xr
flash7           0x00000000         0x00000000         xr
ram0             0x20000000         0x00040000         xw
ram1             0x00000000         0x00040000         xw
ram2             0x00000000         0x00000000         xw
ram3             0x00000000         0x00000000         xw
ram4             0x20040000         0x00001000         xw
ram5             0x20041000         0x00001000         xw
ram6             0x00000000         0x00000000         xw
ram7             0x20041f00         0x00000100         xw
*default*        0x00000000         0xffffffff

Linker script and memory map

LOAD .build/obj_boardsource_unicorne_via/keyboards/boardsource/unicorne/unicorne.o
LOAD .build/obj_boardsource_unicorne_via/.build/obj_boardsource_unicorne_via/src/default_keyboard.o
LOAD .build/obj_boardsource_unicorne_via/quantum/keymap_introspection.o
LOAD .build/obj_boardsource_unicorne_via/quantum/quantum.o
LOAD .build/obj_boardsource_unicorne_via/quantum/bitwise.o
LOAD .build/obj_boardsource_unicorne_via/quantum/led.o
LOAD .build/obj_boardsource_unicorne_via/quantum/action.o
LOAD .build/obj_boardsource_unicorne_via/quantum/action_layer.o
LOAD .build/obj_boardsource_unicorne_via/quantum/action_tapping.o
LOAD .build/obj_boardsource_unicorne_via/quantum/action_util.o
LOAD .build/obj_boardsource_unicorne_via/quantum/eeconfig.o
LOAD .build/obj_boardsource_unicorne_via/quantum/keyboard.o
LOAD .build/obj_boardsource_unicorne_via/quantum/keymap_common.o
LOAD .build/obj_boardsource_unicorne_via/quantum/keycode_config.o
LOAD .build/obj_boardsource_unicorne_via/quantum/sync_timer.o
LOAD .build/obj_boardsource_unicorne_via/quantum/logging/debug.o
LOAD .build/obj_boardsource_unicorne_via/quantum/logging/sendchar.o
LOAD .build/obj_boardsource_unicorne_via/quantum/logging/print.o
LOAD .build/obj_boardsource_unicorne_via/quantum/matrix_common.o
LOAD .build/obj_boardsource_unicorne_via/quantum/matrix.o
LOAD .build/obj_boardsource_unicorne_via/quantum/debounce/sym_defer_g.o
LOAD .build/obj_boardsource_unicorne_via/quantum/split_common/split_util.o
LOAD .build/obj_boardsource_unicorne_via/quantum/split_common/transport.o
LOAD .build/obj_boardsource_unicorne_via/quantum/split_common/transactions.o
LOAD .build/obj_boardsource_unicorne_via/quantum/main.o
LOAD .build/obj_boardsource_unicorne_via/printf.o
LOAD .build/obj_boardsource_unicorne_via/quantum/process_keycode/process_audio.o
LOAD .build/obj_boardsource_unicorne_via/quantum/process_keycode/process_clicky.o
LOAD .build/obj_boardsource_unicorne_via/quantum/audio/audio.o
LOAD .build/obj_boardsource_unicorne_via/platforms/chibios/drivers/audio_pwm_hardware.o
LOAD .build/obj_boardsource_unicorne_via/quantum/audio/voices.o
LOAD .build/obj_boardsource_unicorne_via/quantum/audio/luts.o
LOAD .build/obj_boardsource_unicorne_via/quantum/pointing_device/pointing_device.o
LOAD .build/obj_boardsource_unicorne_via/quantum/pointing_device/pointing_device_drivers.o
LOAD .build/obj_boardsource_unicorne_via/quantum/pointing_device/pointing_device_auto_mouse.o
LOAD .build/obj_boardsource_unicorne_via/drivers/sensors/analog_joystick.o
LOAD .build/obj_boardsource_unicorne_via/eeprom_driver.o
LOAD .build/obj_boardsource_unicorne_via/eeprom_wear_leveling.o
LOAD .build/obj_boardsource_unicorne_via/wear_leveling.o
LOAD .build/obj_boardsource_unicorne_via/wear_leveling_rp2040_flash.o
LOAD .build/obj_boardsource_unicorne_via/quantum/color.o
LOAD .build/obj_boardsource_unicorne_via/quantum/rgb_matrix/rgb_matrix.o
LOAD .build/obj_boardsource_unicorne_via/quantum/rgb_matrix/rgb_matrix_drivers.o
LOAD .build/obj_boardsource_unicorne_via/quantum/process_keycode/process_rgb.o
LOAD .build/obj_boardsource_unicorne_via/quantum/led_tables.o
LOAD .build/obj_boardsource_unicorne_via/qmk_fnv_type_validation.o
LOAD .build/obj_boardsource_unicorne_via/hash_32a.o
LOAD .build/obj_boardsource_unicorne_via/hash_64a.o
LOAD .build/obj_boardsource_unicorne_via/lib/lib8tion/lib8tion.o
LOAD .build/obj_boardsource_unicorne_via/oled_driver.o
LOAD .build/obj_boardsource_unicorne_via/quantum/encoder.o
LOAD .build/obj_boardsource_unicorne_via/encoder_quadrature.o
LOAD .build/obj_boardsource_unicorne_via/ws2812_vendor.o
LOAD .build/obj_boardsource_unicorne_via/quantum/bootmagic/bootmagic.o
LOAD .build/obj_boardsource_unicorne_via/quantum/crc.o
LOAD .build/obj_boardsource_unicorne_via/quantum/dynamic_keymap.o
LOAD .build/obj_boardsource_unicorne_via/quantum/process_keycode/process_grave_esc.o
LOAD .build/obj_boardsource_unicorne_via/quantum/process_keycode/process_magic.o
LOAD .build/obj_boardsource_unicorne_via/quantum/mousekey.o
LOAD .build/obj_boardsource_unicorne_via/quantum/process_keycode/process_music.o
LOAD .build/obj_boardsource_unicorne_via/quantum/send_string/send_string.o
LOAD .build/obj_boardsource_unicorne_via/quantum/process_keycode/process_space_cadet.o
LOAD .build/obj_boardsource_unicorne_via/quantum/process_keycode/process_tri_layer.o
LOAD .build/obj_boardsource_unicorne_via/quantum/tri_layer.o
LOAD .build/obj_boardsource_unicorne_via/quantum/via.o
LOAD .build/obj_boardsource_unicorne_via/protocol/host.o
LOAD .build/obj_boardsource_unicorne_via/protocol/report.o
LOAD .build/obj_boardsource_unicorne_via/protocol/usb_device_state.o
LOAD .build/obj_boardsource_unicorne_via/protocol/usb_util.o
LOAD .build/obj_boardsource_unicorne_via/platforms/suspend.o
LOAD .build/obj_boardsource_unicorne_via/platforms/synchronization_util.o
LOAD .build/obj_boardsource_unicorne_via/platforms/timer.o
LOAD .build/obj_boardsource_unicorne_via/platforms/chibios/hardware_id.o
LOAD .build/obj_boardsource_unicorne_via/platforms/chibios/platform.o
LOAD .build/obj_boardsource_unicorne_via/platforms/chibios/suspend.o
LOAD .build/obj_boardsource_unicorne_via/platforms/chibios/timer.o
LOAD .build/obj_boardsource_unicorne_via/platforms/chibios/bootloaders/rp2040.o
LOAD .build/obj_boardsource_unicorne_via/serial_protocol.a
LOAD .build/obj_boardsource_unicorne_via/serial_vendor.a
LOAD .build/obj_boardsource_unicorne_via/analog.a
LOAD .build/obj_boardsource_unicorne_via/i2c_master.a
LOAD .build/obj_boardsource_unicorne_via/./lib/chibios/os/common/startup/ARMCMx/compilers/GCC/crt0_v6m.o
LOAD .build/obj_boardsource_unicorne_via/./lib/chibios/os/common/startup/ARMCMx/compilers/GCC/vectors.o
LOAD .build/obj_boardsource_unicorne_via/./lib/chibios/os/common/ports/ARMv6-M-RP2/compilers/GCC/chcoreasm.o
LOAD .build/obj_boardsource_unicorne_via/protocol/chibios/usb_main.o
LOAD .build/obj_boardsource_unicorne_via/protocol/chibios/chibios.o
LOAD .build/obj_boardsource_unicorne_via/usb_descriptor.o
LOAD .build/obj_boardsource_unicorne_via/protocol/chibios/usb_driver.o
LOAD .build/obj_boardsource_unicorne_via/protocol/chibios/usb_util.o
LOAD .build/obj_boardsource_unicorne_via/./lib/chibios/os/oslib/src/chmboxes.o
LOAD .build/obj_boardsource_unicorne_via/./lib/chibios/os/oslib/src/chmemcore.o
LOAD .build/obj_boardsource_unicorne_via/./lib/chibios/os/oslib/src/chmemheaps.o
LOAD .build/obj_boardsource_unicorne_via/./lib/chibios/os/oslib/src/chmempools.o
LOAD .build/obj_boardsource_unicorne_via/./lib/chibios/os/oslib/src/chpipes.o
LOAD .build/obj_boardsource_unicorne_via/./lib/chibios/os/oslib/src/chobjcaches.o
LOAD .build/obj_boardsource_unicorne_via/./lib/chibios/os/oslib/src/chdelegates.o
LOAD .build/obj_boardsource_unicorne_via/./lib/chibios/os/oslib/src/chfactory.o
LOAD .build/obj_boardsource_unicorne_via/lib/chibios/os/common/startup/ARMCMx/compilers/GCC/crt1.o
LOAD .build/obj_boardsource_unicorne_via/lib/chibios/os/rt/src/chsys.o
LOAD .build/obj_boardsource_unicorne_via/lib/chibios/os/rt/src/chrfcu.o
LOAD .build/obj_boardsource_unicorne_via/lib/chibios/os/rt/src/chdebug.o
LOAD .build/obj_boardsource_unicorne_via/lib/chibios/os/rt/src/chtrace.o
LOAD .build/obj_boardsource_unicorne_via/lib/chibios/os/rt/src/chvt.o
LOAD .build/obj_boardsource_unicorne_via/lib/chibios/os/rt/src/chschd.o
LOAD .build/obj_boardsource_unicorne_via/lib/chibios/os/rt/src/chinstances.o
LOAD .build/obj_boardsource_unicorne_via/lib/chibios/os/rt/src/chthreads.o
LOAD .build/obj_boardsource_unicorne_via/lib/chibios/os/rt/src/chtm.o
LOAD .build/obj_boardsource_unicorne_via/lib/chibios/os/rt/src/chstats.o
LOAD .build/obj_boardsource_unicorne_via/lib/chibios/os/rt/src/chregistry.o
LOAD .build/obj_boardsource_unicorne_via/lib/chibios/os/rt/src/chsem.o
LOAD .build/obj_boardsource_unicorne_via/lib/chibios/os/rt/src/chmtx.o
LOAD .build/obj_boardsource_unicorne_via/lib/chibios/os/rt/src/chcond.o
LOAD .build/obj_boardsource_unicorne_via/lib/chibios/os/rt/src/chevents.o
LOAD .build/obj_boardsource_unicorne_via/lib/chibios/os/rt/src/chmsg.o
LOAD .build/obj_boardsource_unicorne_via/lib/chibios/os/rt/src/chdynamic.o
LOAD .build/obj_boardsource_unicorne_via/lib/chibios/os/common/ports/ARMv6-M-RP2/chcore.o
LOAD .build/obj_boardsource_unicorne_via/lib/chibios/os/hal/osal/rt-nil/osal.o
LOAD .build/obj_boardsource_unicorne_via/lib/chibios/os/hal/src/hal.o
LOAD .build/obj_boardsource_unicorne_via/lib/chibios/os/hal/src/hal_st.o
LOAD .build/obj_boardsource_unicorne_via/lib/chibios/os/hal/src/hal_buffers.o
LOAD .build/obj_boardsource_unicorne_via/lib/chibios/os/hal/src/hal_queues.o
LOAD .build/obj_boardsource_unicorne_via/lib/chibios/os/hal/src/hal_flash.o
LOAD .build/obj_boardsource_unicorne_via/lib/chibios/os/hal/src/hal_mmcsd.o
LOAD .build/obj_boardsource_unicorne_via/lib/chibios/os/hal/src/hal_adc.o
LOAD .build/obj_boardsource_unicorne_via/lib/chibios/os/hal/src/hal_can.o
LOAD .build/obj_boardsource_unicorne_via/lib/chibios/os/hal/src/hal_crypto.o
LOAD .build/obj_boardsource_unicorne_via/lib/chibios/os/hal/src/hal_dac.o
LOAD .build/obj_boardsource_unicorne_via/lib/chibios/os/hal/src/hal_efl.o
LOAD .build/obj_boardsource_unicorne_via/lib/chibios/os/hal/src/hal_gpt.o
LOAD .build/obj_boardsource_unicorne_via/lib/chibios/os/hal/src/hal_i2c.o
LOAD .build/obj_boardsource_unicorne_via/lib/chibios/os/hal/src/hal_i2s.o
LOAD .build/obj_boardsource_unicorne_via/lib/chibios/os/hal/src/hal_icu.o
LOAD .build/obj_boardsource_unicorne_via/lib/chibios/os/hal/src/hal_mac.o
LOAD .build/obj_boardsource_unicorne_via/lib/chibios/os/hal/src/hal_mmc_spi.o
LOAD .build/obj_boardsource_unicorne_via/lib/chibios/os/hal/src/hal_pal.o
LOAD .build/obj_boardsource_unicorne_via/lib/chibios/os/hal/src/hal_pwm.o
LOAD .build/obj_boardsource_unicorne_via/lib/chibios/os/hal/src/hal_rtc.o
LOAD .build/obj_boardsource_unicorne_via/lib/chibios/os/hal/src/hal_sdc.o
LOAD .build/obj_boardsource_unicorne_via/lib/chibios/os/hal/src/hal_serial.o
LOAD .build/obj_boardsource_unicorne_via/lib/chibios/os/hal/src/hal_serial_usb.o
LOAD .build/obj_boardsource_unicorne_via/lib/chibios/os/hal/src/hal_sio.o
LOAD .build/obj_boardsource_unicorne_via/lib/chibios/os/hal/src/hal_spi.o
LOAD .build/obj_boardsource_unicorne_via/lib/chibios/os/hal/src/hal_trng.o
LOAD .build/obj_boardsource_unicorne_via/lib/chibios/os/hal/src/hal_uart.o
LOAD .build/obj_boardsource_unicorne_via/lib/chibios/os/hal/src/hal_usb.o
LOAD .build/obj_boardsource_unicorne_via/lib/chibios/os/hal/src/hal_wdg.o
LOAD .build/obj_boardsource_unicorne_via/lib/chibios/os/hal/src/hal_wspi.o
LOAD .build/obj_boardsource_unicorne_via/lib/chibios/os/hal/ports/common/ARMCMx/nvic.o
LOAD .build/obj_boardsource_unicorne_via/lib/chibios/os/hal/ports/RP/RP2040/rp_isr.o
LOAD .build/obj_boardsource_unicorne_via/lib/chibios/os/hal/ports/RP/RP2040/hal_lld.o
LOAD .build/obj_boardsource_unicorne_via/lib/chibios/os/hal/ports/RP/LLD/DMAv1/rp_dma.o
LOAD .build/obj_boardsource_unicorne_via/lib/chibios/os/hal/ports/RP/LLD/GPIOv1/hal_pal_lld.o
LOAD .build/obj_boardsource_unicorne_via/lib/chibios/os/hal/ports/RP/LLD/SPIv1/hal_spi_lld.o
LOAD .build/obj_boardsource_unicorne_via/lib/chibios/os/hal/ports/RP/LLD/TIMERv1/hal_st_lld.o
LOAD .build/obj_boardsource_unicorne_via/lib/chibios/os/hal/ports/RP/LLD/UARTv1/hal_sio_lld.o
LOAD .build/obj_boardsource_unicorne_via/lib/chibios/os/hal/ports/RP/LLD/RTCv1/hal_rtc_lld.o
LOAD .build/obj_boardsource_unicorne_via/lib/chibios/os/hal/ports/RP/LLD/WDGv1/hal_wdg_lld.o
LOAD .build/obj_boardsource_unicorne_via/lib/chibios-contrib/os/hal/ports/RP/LLD/I2Cv1/hal_i2c_lld.o
LOAD .build/obj_boardsource_unicorne_via/lib/chibios-contrib/os/hal/ports/RP/LLD/PWMv1/hal_pwm_lld.o
LOAD .build/obj_boardsource_unicorne_via/lib/chibios-contrib/os/hal/ports/RP/LLD/ADCv1/hal_adc_lld.o
LOAD .build/obj_boardsource_unicorne_via/lib/chibios-contrib/os/hal/ports/RP/LLD/USBDv1/hal_usb_lld.o
LOAD .build/obj_boardsource_unicorne_via/lib/chibios/os/hal/boards/RP_PICO_RP2040/board.o
LOAD .build/obj_boardsource_unicorne_via/lib/chibios/os/hal/lib/streams/chprintf.o
LOAD .build/obj_boardsource_unicorne_via/lib/chibios/os/hal/lib/streams/chscanf.o
LOAD .build/obj_boardsource_unicorne_via/lib/chibios/os/hal/lib/streams/memstreams.o
LOAD .build/obj_boardsource_unicorne_via/lib/chibios/os/hal/lib/streams/nullstreams.o
LOAD .build/obj_boardsource_unicorne_via/lib/chibios/os/hal/lib/streams/bufstreams.o
LOAD .build/obj_boardsource_unicorne_via/lib/chibios/os/various/syscalls.o
LOAD .build/obj_boardsource_unicorne_via/platforms/chibios/syscall-fallbacks.o
LOAD .build/obj_boardsource_unicorne_via/platforms/chibios/wait.o
LOAD .build/obj_boardsource_unicorne_via/platforms/chibios/synchronization_util.o
LOAD .build/obj_boardsource_unicorne_via/platforms/chibios/interrupt_handlers.o
LOAD .build/obj_boardsource_unicorne_via/./lib/pico-sdk/src/rp2_common/hardware_clocks/clocks.o
LOAD .build/obj_boardsource_unicorne_via/./lib/pico-sdk/src/rp2_common/hardware_pll/pll.o
LOAD .build/obj_boardsource_unicorne_via/./lib/pico-sdk/src/rp2_common/hardware_pio/pio.o
LOAD .build/obj_boardsource_unicorne_via/./lib/pico-sdk/src/rp2_common/hardware_timer/timer.o
LOAD .build/obj_boardsource_unicorne_via/./lib/pico-sdk/src/rp2_common/hardware_flash/flash.o
LOAD .build/obj_boardsource_unicorne_via/./lib/pico-sdk/src/rp2_common/hardware_gpio/gpio.o
LOAD .build/obj_boardsource_unicorne_via/./lib/pico-sdk/src/rp2_common/hardware_claim/claim.o
LOAD .build/obj_boardsource_unicorne_via/./lib/pico-sdk/src/rp2_common/hardware_watchdog/watchdog.o
LOAD .build/obj_boardsource_unicorne_via/./lib/pico-sdk/src/rp2_common/hardware_xosc/xosc.o
LOAD .build/obj_boardsource_unicorne_via/./lib/pico-sdk/src/rp2_common/pico_bootrom/bootrom.o
LOAD .build/obj_boardsource_unicorne_via/platforms/chibios/vendors/RP/stage2_bootloaders.o
LOAD .build/obj_boardsource_unicorne_via/platforms/chibios/vendors/RP/pico_sdk_shims.o
LOAD .build/obj_boardsource_unicorne_via/./lib/pico-sdk/src/rp2_common/pico_divider/divider.o
LOAD .build/obj_boardsource_unicorne_via/./lib/pico-sdk/src/rp2_common/pico_int64_ops/pico_int64_ops_aeabi.o
                0x00000800                        __process_stack_size__ = 0x800
                0x00000400                        __main_stack_size__ = 0x400
LOAD /opt/homebrew/Cellar/arm-none-eabi-gcc@8/8.5.0_2/lib/arm-none-eabi-gcc/8/gcc/arm-none-eabi/8.5.0/../../../../../../arm-none-eabi/lib/thumb/v6-m/nofp/libm.a
START GROUP
LOAD /opt/homebrew/Cellar/arm-none-eabi-gcc@8/8.5.0_2/lib/arm-none-eabi-gcc/8/gcc/arm-none-eabi/8.5.0/thumb/v6-m/nofp/libgcc.a
LOAD /opt/homebrew/Cellar/arm-none-eabi-gcc@8/8.5.0_2/lib/arm-none-eabi-gcc/8/gcc/arm-none-eabi/8.5.0/../../../../../../arm-none-eabi/lib/thumb/v6-m/nofp/libg_nano.a
LOAD /opt/homebrew/Cellar/arm-none-eabi-gcc@8/8.5.0_2/lib/arm-none-eabi-gcc/8/gcc/arm-none-eabi/8.5.0/../../../../../../arm-none-eabi/lib/thumb/v6-m/nofp/libc_nano.a
END GROUP
START GROUP
LOAD /opt/homebrew/Cellar/arm-none-eabi-gcc@8/8.5.0_2/lib/arm-none-eabi-gcc/8/gcc/arm-none-eabi/8.5.0/thumb/v6-m/nofp/libgcc.a
LOAD /opt/homebrew/Cellar/arm-none-eabi-gcc@8/8.5.0_2/lib/arm-none-eabi-gcc/8/gcc/arm-none-eabi/8.5.0/../../../../../../arm-none-eabi/lib/thumb/v6-m/nofp/libc_nano.a
END GROUP

.flash_begin    0x10000000        0x0
                0x10000000                        __flash_binary_start = .

.boot2          0x10000000      0x100
                0x10000000                        __boot2_start__ = .
 *(.boot2)
 .boot2         0x10000000      0x100 .build/obj_boardsource_unicorne_via/platforms/chibios/vendors/RP/stage2_bootloaders.o
                0x10000000                BOOT2_ROM
                0x10000100                        __boot2_end__ = .

.mstack         0x20040000      0x400
                0x20040000                        . = ALIGN (0x8)
                0x20040000                        __main_stack_base__ = .
                0x20040400                        . = (. + __main_stack_size__)
 *fill*         0x20040000      0x400 
                0x20040400                        . = ALIGN (0x8)
                0x20040400                        __main_stack_end__ = .

.pstack         0x20040400      0x800
                0x20040400                        . = ALIGN (0x8)
                0x20040400                        __process_stack_base__ = .
                0x20040400                        __main_thread_stack_base__ = .
                0x20040c00                        . = (. + __process_stack_size__)
 *fill*         0x20040400      0x800 
                0x20040c00                        . = ALIGN (0x8)
                0x20040c00                        __process_stack_end__ = .
                0x20040c00                        __main_thread_stack_end__ = .
                0x00000400                        __c1_main_stack_size__ = __main_stack_size__
                0x00000800                        __c1_process_stack_size__ = __process_stack_size__

.c1_mstack      0x20041000      0x400
                0x20041000                        . = ALIGN (0x8)
                0x20041000                        __c1_main_stack_base__ = .
                0x20041400                        . = (. + __c1_main_stack_size__)
 *fill*         0x20041000      0x400 
                0x20041400                        . = ALIGN (0x8)
                0x20041400                        __c1_main_stack_end__ = .

.c1_pstack      0x20041400      0x800
                0x20041400                        . = ALIGN (0x8)
                0x20041400                        __c1_process_stack_base__ = .
                0x20041400                        __c1_main_thread_stack_base__ = .
                0x20041c00                        . = (. + __c1_process_stack_size__)
 *fill*         0x20041400      0x800 
                0x20041c00                        . = ALIGN (0x8)
                0x20041c00                        __c1_process_stack_end__ = .
                0x20041c00                        __c1_main_thread_stack_end__ = .

.vectors        0x10000100       0xc0
                0x10000100                        __textvectors_base__ = LOADADDR (.vectors)
                0x10000100                        __vectors_base__ = .
 *(.vectors)
 .vectors       0x10000100       0xc0 .build/obj_boardsource_unicorne_via/./lib/chibios/os/common/startup/ARMCMx/compilers/GCC/vectors.o
                0x10000100                _vectors
                0x100001c0                        __vectors_end__ = .

.xtors          0x100001c0        0x0
                0x100001c0                        __init_array_base__ = .
 *(SORT_BY_NAME(.init_array.*))
 *(.init_array)
                0x100001c0                        __init_array_end__ = .
                0x100001c0                        __fini_array_base__ = .
 *(.fini_array)
 *(SORT_BY_NAME(.fini_array.*))
                0x100001c0                        __fini_array_end__ = .

.text           0x100001c0     0xd010
                0x100001c0                        __text_base__ = .
 *(.text)
 .text          0x100001c0      0x104 .build/obj_boardsource_unicorne_via/./lib/chibios/os/common/startup/ARMCMx/compilers/GCC/crt0_v6m.o
                0x100001c0                _crt0_entry
 .text          0x100002c4        0x8 .build/obj_boardsource_unicorne_via/./lib/chibios/os/common/startup/ARMCMx/compilers/GCC/vectors.o
                0x100002c4                Reset_Handler
                0x100002c6                Vector9C
                0x100002c6                VectorAC
                0x100002c6                DebugMon_Handler
                0x100002c6                HardFault_Handler
                0x100002c6                Vector8C
                0x100002c6                SysTick_Handler
                0x100002c6                PendSV_Handler
                0x100002c6                Vector94
                0x100002c6                VectorA8
                0x100002c6                VectorB4
                0x100002c6                Vector74
                0x100002c6                UsageFault_Handler
                0x100002c6                VectorBC
                0x100002c6                Vector64
                0x100002c6                Vector24
                0x100002c6                Vector84
                0x100002c6                SecureFault_Handler
                0x100002c6                MemManage_Handler
                0x100002c6                SVC_Handler
                0x100002c6                VectorB0
                0x100002c6                Vector90
                0x100002c6                Vector60
                0x100002c6                Vector68
                0x100002c6                Vector78
                0x100002c6                Vector20
                0x100002c6                Vector58
                0x100002c6                Vector88
                0x100002c6                BusFault_Handler
                0x100002c6                Vector28
                0x100002c6                VectorB8
                0x100002c6                Vector34
                0x100002c6                VectorA4
                0x100002ca                _unhandled_exception
 .text          0x100002cc       0x48 .build/obj_boardsource_unicorne_via/./lib/chibios/os/common/ports/ARMv6-M-RP2/compilers/GCC/chcoreasm.o
                0x100002cc                __port_switch
                0x100002ec                __port_thread_start
                0x100002fe                __port_switch_from_isr
                0x10000302                __port_exit_from_isr
 .text          0x10000314      0x11c /opt/homebrew/Cellar/arm-none-eabi-gcc@8/8.5.0_2/lib/arm-none-eabi-gcc/8/gcc/arm-none-eabi/8.5.0/../../../../../../arm-none-eabi/lib/thumb/v6-m/nofp/libm.a(lib_a-wf_pow.o)
                0x10000314                powf
 .text          0x10000430      0x740 /opt/homebrew/Cellar/arm-none-eabi-gcc@8/8.5.0_2/lib/arm-none-eabi-gcc/8/gcc/arm-none-eabi/8.5.0/../../../../../../arm-none-eabi/lib/thumb/v6-m/nofp/libm.a(lib_a-ef_pow.o)
                0x10000430                __ieee754_powf
 .text          0x10000b70       0xb4 /opt/homebrew/Cellar/arm-none-eabi-gcc@8/8.5.0_2/lib/arm-none-eabi-gcc/8/gcc/arm-none-eabi/8.5.0/../../../../../../arm-none-eabi/lib/thumb/v6-m/nofp/libm.a(lib_a-ef_sqrt.o)
                0x10000b70                __ieee754_sqrtf
 .text          0x10000c24        0x8 /opt/homebrew/Cellar/arm-none-eabi-gcc@8/8.5.0_2/lib/arm-none-eabi-gcc/8/gcc/arm-none-eabi/8.5.0/../../../../../../arm-none-eabi/lib/thumb/v6-m/nofp/libm.a(lib_a-sf_fabs.o)
                0x10000c24                fabsf
 .text          0x10000c2c       0x14 /opt/homebrew/Cellar/arm-none-eabi-gcc@8/8.5.0_2/lib/arm-none-eabi-gcc/8/gcc/arm-none-eabi/8.5.0/../../../../../../arm-none-eabi/lib/thumb/v6-m/nofp/libm.a(lib_a-sf_finite.o)
                0x10000c2c                finitef
 .text          0x10000c40        0x8 /opt/homebrew/Cellar/arm-none-eabi-gcc@8/8.5.0_2/lib/arm-none-eabi-gcc/8/gcc/arm-none-eabi/8.5.0/../../../../../../arm-none-eabi/lib/thumb/v6-m/nofp/libm.a(lib_a-sf_nan.o)
                0x10000c40                nanf
 .text          0x10000c48       0xa0 /opt/homebrew/Cellar/arm-none-eabi-gcc@8/8.5.0_2/lib/arm-none-eabi-gcc/8/gcc/arm-none-eabi/8.5.0/../../../../../../arm-none-eabi/lib/thumb/v6-m/nofp/libm.a(lib_a-sf_rint.o)
                0x10000c48                rintf
 .text          0x10000ce8       0xc0 /opt/homebrew/Cellar/arm-none-eabi-gcc@8/8.5.0_2/lib/arm-none-eabi-gcc/8/gcc/arm-none-eabi/8.5.0/../../../../../../arm-none-eabi/lib/thumb/v6-m/nofp/libm.a(lib_a-sf_scalbn.o)
                0x10000ce8                scalbnf
 .text          0x10000da8       0x14 /opt/homebrew/Cellar/arm-none-eabi-gcc@8/8.5.0_2/lib/arm-none-eabi-gcc/8/gcc/arm-none-eabi/8.5.0/thumb/v6-m/nofp/libgcc.a(_thumb1_case_sqi.o)
                0x10000da8                __gnu_thumb1_case_sqi
 .text          0x10000dbc       0x14 /opt/homebrew/Cellar/arm-none-eabi-gcc@8/8.5.0_2/lib/arm-none-eabi-gcc/8/gcc/arm-none-eabi/8.5.0/thumb/v6-m/nofp/libgcc.a(_thumb1_case_uqi.o)
                0x10000dbc                __gnu_thumb1_case_uqi
 .text          0x10000dd0       0x14 /opt/homebrew/Cellar/arm-none-eabi-gcc@8/8.5.0_2/lib/arm-none-eabi-gcc/8/gcc/arm-none-eabi/8.5.0/thumb/v6-m/nofp/libgcc.a(_thumb1_case_uhi.o)
                0x10000dd0                __gnu_thumb1_case_uhi
 .text          0x10000de4        0x4 /opt/homebrew/Cellar/arm-none-eabi-gcc@8/8.5.0_2/lib/arm-none-eabi-gcc/8/gcc/arm-none-eabi/8.5.0/thumb/v6-m/nofp/libgcc.a(_dvmd_tls.o)
                0x10000de4                __aeabi_ldiv0
                0x10000de4                __aeabi_idiv0
 .text          0x10000de8       0x74 /opt/homebrew/Cellar/arm-none-eabi-gcc@8/8.5.0_2/lib/arm-none-eabi-gcc/8/gcc/arm-none-eabi/8.5.0/thumb/v6-m/nofp/libgcc.a(_arm_cmpsf2.o)
                0x10000de8                __aeabi_cfrcmple
                0x10000df0                __aeabi_cfcmple
                0x10000df0                __aeabi_cfcmpeq
                0x10000e00                __aeabi_fcmpeq
                0x10000e0c                __aeabi_fcmplt
                0x10000e20                __aeabi_fcmple
                0x10000e34                __aeabi_fcmpgt
                0x10000e48                __aeabi_fcmpge
 .text          0x10000e5c       0x40 /opt/homebrew/Cellar/arm-none-eabi-gcc@8/8.5.0_2/lib/arm-none-eabi-gcc/8/gcc/arm-none-eabi/8.5.0/thumb/v6-m/nofp/libgcc.a(_ctzsi2.o)
                0x10000e5c                __ctzsi2
 .text          0x10000e9c       0x30 /opt/homebrew/Cellar/arm-none-eabi-gcc@8/8.5.0_2/lib/arm-none-eabi-gcc/8/gcc/arm-none-eabi/8.5.0/thumb/v6-m/nofp/libgcc.a(_fixunssfsi.o)
                0x10000e9c                __aeabi_f2uiz
                0x10000e9c                __fixunssfsi
 .text          0x10000ecc      0x2f0 /opt/homebrew/Cellar/arm-none-eabi-gcc@8/8.5.0_2/lib/arm-none-eabi-gcc/8/gcc/arm-none-eabi/8.5.0/thumb/v6-m/nofp/libgcc.a(addsf3.o)
                0x10000ecc                __aeabi_fadd
 .text          0x100011bc      0x230 /opt/homebrew/Cellar/arm-none-eabi-gcc@8/8.5.0_2/lib/arm-none-eabi-gcc/8/gcc/arm-none-eabi/8.5.0/thumb/v6-m/nofp/libgcc.a(divsf3.o)
                0x100011bc                __aeabi_fdiv
 .text          0x100013ec       0x50 /opt/homebrew/Cellar/arm-none-eabi-gcc@8/8.5.0_2/lib/arm-none-eabi-gcc/8/gcc/arm-none-eabi/8.5.0/thumb/v6-m/nofp/libgcc.a(eqsf2.o)
                0x100013ec                __nesf2
                0x100013ec                __eqsf2
 .text          0x1000143c       0x98 /opt/homebrew/Cellar/arm-none-eabi-gcc@8/8.5.0_2/lib/arm-none-eabi-gcc/8/gcc/arm-none-eabi/8.5.0/thumb/v6-m/nofp/libgcc.a(gesf2.o)
                0x1000143c                __gtsf2
                0x1000143c                __gesf2
 .text          0x100014d4       0x94 /opt/homebrew/Cellar/arm-none-eabi-gcc@8/8.5.0_2/lib/arm-none-eabi-gcc/8/gcc/arm-none-eabi/8.5.0/thumb/v6-m/nofp/libgcc.a(lesf2.o)
                0x100014d4                __lesf2
                0x100014d4                __ltsf2
 .text          0x10001568      0x22c /opt/homebrew/Cellar/arm-none-eabi-gcc@8/8.5.0_2/lib/arm-none-eabi-gcc/8/gcc/arm-none-eabi/8.5.0/thumb/v6-m/nofp/libgcc.a(mulsf3.o)
                0x10001568                __aeabi_fmul
 .text          0x10001794      0x344 /opt/homebrew/Cellar/arm-none-eabi-gcc@8/8.5.0_2/lib/arm-none-eabi-gcc/8/gcc/arm-none-eabi/8.5.0/thumb/v6-m/nofp/libgcc.a(subsf3.o)
                0x10001794                __aeabi_fsub
 .text          0x10001ad8       0x2c /opt/homebrew/Cellar/arm-none-eabi-gcc@8/8.5.0_2/lib/arm-none-eabi-gcc/8/gcc/arm-none-eabi/8.5.0/thumb/v6-m/nofp/libgcc.a(unordsf2.o)
                0x10001ad8                __aeabi_fcmpun
 .text          0x10001b04       0x40 /opt/homebrew/Cellar/arm-none-eabi-gcc@8/8.5.0_2/lib/arm-none-eabi-gcc/8/gcc/arm-none-eabi/8.5.0/thumb/v6-m/nofp/libgcc.a(fixsfsi.o)
                0x10001b04                __aeabi_f2iz
 .text          0x10001b44       0x94 /opt/homebrew/Cellar/arm-none-eabi-gcc@8/8.5.0_2/lib/arm-none-eabi-gcc/8/gcc/arm-none-eabi/8.5.0/thumb/v6-m/nofp/libgcc.a(floatsisf.o)
                0x10001b44                __aeabi_i2f
 .text          0x10001bd8       0x80 /opt/homebrew/Cellar/arm-none-eabi-gcc@8/8.5.0_2/lib/arm-none-eabi-gcc/8/gcc/arm-none-eabi/8.5.0/thumb/v6-m/nofp/libgcc.a(floatunsisf.o)
                0x10001bd8                __aeabi_ui2f
 .text          0x10001c58       0x3c /opt/homebrew/Cellar/arm-none-eabi-gcc@8/8.5.0_2/lib/arm-none-eabi-gcc/8/gcc/arm-none-eabi/8.5.0/thumb/v6-m/nofp/libgcc.a(_clzsi2.o)
                0x10001c58                __clzsi2
 .text          0x10001c94        0xc /opt/homebrew/Cellar/arm-none-eabi-gcc@8/8.5.0_2/lib/arm-none-eabi-gcc/8/gcc/arm-none-eabi/8.5.0/../../../../../../arm-none-eabi/lib/thumb/v6-m/nofp/libg_nano.a(lib_a-errno.o)
                0x10001c94                __errno
 .text          0x10001ca0       0x50 /opt/homebrew/Cellar/arm-none-eabi-gcc@8/8.5.0_2/lib/arm-none-eabi-gcc/8/gcc/arm-none-eabi/8.5.0/../../../../../../arm-none-eabi/lib/thumb/v6-m/nofp/libg_nano.a(lib_a-memcmp.o)
                0x10001ca0                memcmp
 .text          0x10001cf0       0xa8 /opt/homebrew/Cellar/arm-none-eabi-gcc@8/8.5.0_2/lib/arm-none-eabi-gcc/8/gcc/arm-none-eabi/8.5.0/../../../../../../arm-none-eabi/lib/thumb/v6-m/nofp/libg_nano.a(lib_a-memcpy-stub.o)
                0x10001cf0                memcpy
 .text          0x10001d98       0xa8 /opt/homebrew/Cellar/arm-none-eabi-gcc@8/8.5.0_2/lib/arm-none-eabi-gcc/8/gcc/arm-none-eabi/8.5.0/../../../../../../arm-none-eabi/lib/thumb/v6-m/nofp/libg_nano.a(lib_a-memset.o)
                0x10001d98                memset
 *(.text.*)
 .text.oled_init_kb
                0x10001e40       0x12 .build/obj_boardsource_unicorne_via/keyboards/boardsource/unicorne/unicorne.o
                0x10001e40                oled_init_kb
 *fill*         0x10001e52        0x2 
 .text.oled_task_kb
                0x10001e54       0x60 .build/obj_boardsource_unicorne_via/keyboards/boardsource/unicorne/unicorne.o
                0x10001e54                oled_task_kb
 .text.keycode_at_keymap_location_raw
                0x10001eb4       0x2c .build/obj_boardsource_unicorne_via/quantum/keymap_introspection.o
                0x10001eb4                keycode_at_keymap_location_raw
 .text.pre_process_record_user
                0x10001ee0        0x4 .build/obj_boardsource_unicorne_via/quantum/quantum.o
                0x10001ee0                pre_process_record_user
 .text.pre_process_record_kb
                0x10001ee4        0x8 .build/obj_boardsource_unicorne_via/quantum/quantum.o
                0x10001ee4                pre_process_record_kb
 .text.process_action_kb
                0x10001eec        0x4 .build/obj_boardsource_unicorne_via/quantum/quantum.o
                0x10001eec                process_action_kb
 .text.process_record_user
                0x10001ef0        0x4 .build/obj_boardsource_unicorne_via/quantum/quantum.o
                0x10001ef0                process_record_user
 .text.process_record_kb
                0x10001ef4        0x8 .build/obj_boardsource_unicorne_via/quantum/quantum.o
                0x10001ef4                process_record_kb
 .text.post_process_record_user
                0x10001efc        0x2 .build/obj_boardsource_unicorne_via/quantum/quantum.o
                0x10001efc                post_process_record_user
 .text.post_process_record_kb
                0x10001efe        0x8 .build/obj_boardsource_unicorne_via/quantum/quantum.o
                0x10001efe                post_process_record_kb
 *fill*         0x10001f06        0x2 
 .text.get_event_keycode
                0x10001f08       0x4c .build/obj_boardsource_unicorne_via/quantum/quantum.o
                0x10001f08                get_event_keycode
 .text.get_record_keycode
                0x10001f54       0x16 .build/obj_boardsource_unicorne_via/quantum/quantum.o
                0x10001f54                get_record_keycode
 .text.pre_process_record_quantum
                0x10001f6a       0x12 .build/obj_boardsource_unicorne_via/quantum/quantum.o
                0x10001f6a                pre_process_record_quantum
 .text.post_process_record_quantum
                0x10001f7c       0x12 .build/obj_boardsource_unicorne_via/quantum/quantum.o
                0x10001f7c                post_process_record_quantum
 .text.shutdown_user
                0x10001f8e        0x4 .build/obj_boardsource_unicorne_via/quantum/quantum.o
                0x10001f8e                shutdown_user
 .text.shutdown_kb
                0x10001f92        0x8 .build/obj_boardsource_unicorne_via/quantum/quantum.o
                0x10001f92                shutdown_kb
 *fill*         0x10001f9a        0x2 
 .text.shutdown_quantum
                0x10001f9c       0x44 .build/obj_boardsource_unicorne_via/quantum/quantum.o
                0x10001f9c                shutdown_quantum
 .text.reset_keyboard
                0x10001fe0        0xe .build/obj_boardsource_unicorne_via/quantum/quantum.o
                0x10001fe0                reset_keyboard
 .text.soft_reset_keyboard
                0x10001fee        0xe .build/obj_boardsource_unicorne_via/quantum/quantum.o
                0x10001fee                soft_reset_keyboard
 .text.process_record_quantum
                0x10001ffc       0xe4 .build/obj_boardsource_unicorne_via/quantum/quantum.o
                0x10001ffc                process_record_quantum
 .text.suspend_power_down_quantum
                0x100020e0       0x22 .build/obj_boardsource_unicorne_via/quantum/quantum.o
                0x100020e0                suspend_power_down_quantum
 .text.suspend_wakeup_init_quantum
                0x10002102       0x12 .build/obj_boardsource_unicorne_via/quantum/quantum.o
                0x10002102                suspend_wakeup_init_quantum
 .text.biton    0x10002114       0x1e .build/obj_boardsource_unicorne_via/quantum/bitwise.o
                0x10002114                biton
 .text.led_set_user
                0x10002132        0x2 .build/obj_boardsource_unicorne_via/quantum/led.o
                0x10002132                led_set_user
 .text.led_update_user
                0x10002134        0x4 .build/obj_boardsource_unicorne_via/quantum/led.o
                0x10002134                led_update_user
 .text.led_update_ports
                0x10002138        0x2 .build/obj_boardsource_unicorne_via/quantum/led.o
                0x10002138                led_update_ports
 .text.led_update_kb
                0x1000213a       0x16 .build/obj_boardsource_unicorne_via/quantum/led.o
                0x1000213a                led_update_kb
 .text.led_init_ports
                0x10002150        0x2 .build/obj_boardsource_unicorne_via/quantum/led.o
                0x10002150                led_init_ports
 .text.led_set  0x10002152       0x10 .build/obj_boardsource_unicorne_via/quantum/led.o
                0x10002152                led_set
 .text.led_suspend
                0x10002162        0xa .build/obj_boardsource_unicorne_via/quantum/led.o
                0x10002162                led_suspend
 .text.led_wakeup
                0x1000216c        0xc .build/obj_boardsource_unicorne_via/quantum/led.o
                0x1000216c                led_wakeup
 .text.led_task
                0x10002178       0x2c .build/obj_boardsource_unicorne_via/quantum/led.o
                0x10002178                led_task
 .text.action_exec
                0x100021a4       0x42 .build/obj_boardsource_unicorne_via/quantum/action.o
                0x100021a4                action_exec
 .text.process_record_tap_hint
                0x100021e6       0x10 .build/obj_boardsource_unicorne_via/quantum/action.o
                0x100021e6                process_record_tap_hint
 .text.register_mouse
                0x100021f6       0x2a .build/obj_boardsource_unicorne_via/quantum/action.o
                0x100021f6                register_mouse
 .text.register_code
                0x10002220       0x8c .build/obj_boardsource_unicorne_via/quantum/action.o
                0x10002220                register_code
 .text.unregister_code
                0x100022ac       0x68 .build/obj_boardsource_unicorne_via/quantum/action.o
                0x100022ac                unregister_code
 .text.tap_code_delay
                0x10002314       0x44 .build/obj_boardsource_unicorne_via/quantum/action.o
                0x10002314                tap_code_delay
 .text.tap_code
                0x10002358       0x10 .build/obj_boardsource_unicorne_via/quantum/action.o
                0x10002358                tap_code
 .text.register_mods
                0x10002368       0x10 .build/obj_boardsource_unicorne_via/quantum/action.o
                0x10002368                register_mods
 .text.unregister_mods
                0x10002378       0x10 .build/obj_boardsource_unicorne_via/quantum/action.o
                0x10002378                unregister_mods
 .text.process_action
                0x10002388      0x3c4 .build/obj_boardsource_unicorne_via/quantum/action.o
                0x10002388                process_action
 .text.process_record_handler
                0x1000274c       0x20 .build/obj_boardsource_unicorne_via/quantum/action.o
                0x1000274c                process_record_handler
 .text.process_record
                0x1000276c       0x44 .build/obj_boardsource_unicorne_via/quantum/action.o
                0x1000276c                process_record
 .text.clear_keyboard_but_mods_and_keys
                0x100027b0       0x20 .build/obj_boardsource_unicorne_via/quantum/action.o
                0x100027b0                clear_keyboard_but_mods_and_keys
 .text.clear_keyboard_but_mods
                0x100027d0        0xc .build/obj_boardsource_unicorne_via/quantum/action.o
                0x100027d0                clear_keyboard_but_mods
 .text.clear_keyboard
                0x100027dc        0xc .build/obj_boardsource_unicorne_via/quantum/action.o
                0x100027dc                clear_keyboard
 .text.is_tap_action
                0x100027e8       0x4c .build/obj_boardsource_unicorne_via/quantum/action.o
                0x100027e8                is_tap_action
 .text.is_tap_record
                0x10002834       0x18 .build/obj_boardsource_unicorne_via/quantum/action.o
                0x10002834                is_tap_record
 .text.debug_event
                0x1000284c        0x6 .build/obj_boardsource_unicorne_via/quantum/action.o
                0x1000284c                debug_event
 .text.debug_record
                0x10002852        0x6 .build/obj_boardsource_unicorne_via/quantum/action.o
                0x10002852                debug_record
 .text.default_layer_state_set_user
                0x10002858        0x2 .build/obj_boardsource_unicorne_via/quantum/action_layer.o
                0x10002858                default_layer_state_set_user
 .text.default_layer_state_set_kb
                0x1000285a        0x8 .build/obj_boardsource_unicorne_via/quantum/action_layer.o
                0x1000285a                default_layer_state_set_kb
 *fill*         0x10002862        0x2 
 .text.default_layer_state_set
                0x10002864       0x10 .build/obj_boardsource_unicorne_via/quantum/action_layer.o
 .text.default_layer_debug
                0x10002874        0x2 .build/obj_boardsource_unicorne_via/quantum/action_layer.o
                0x10002874                default_layer_debug
 .text.default_layer_set
                0x10002876        0x8 .build/obj_boardsource_unicorne_via/quantum/action_layer.o
                0x10002876                default_layer_set
 *fill*         0x1000287e        0x2 
 .text.default_layer_or
                0x10002880       0x14 .build/obj_boardsource_unicorne_via/quantum/action_layer.o
                0x10002880                default_layer_or
 .text.default_layer_and
                0x10002894       0x14 .build/obj_boardsource_unicorne_via/quantum/action_layer.o
                0x10002894                default_layer_and
 .text.default_layer_xor
                0x100028a8       0x14 .build/obj_boardsource_unicorne_via/quantum/action_layer.o
                0x100028a8                default_layer_xor
 .text.layer_state_set_user
                0x100028bc        0x2 .build/obj_boardsource_unicorne_via/quantum/action_layer.o
                0x100028bc                layer_state_set_user
 .text.layer_state_set_kb
                0x100028be        0x8 .build/obj_boardsource_unicorne_via/quantum/action_layer.o
                0x100028be                layer_state_set_kb
 *fill*         0x100028c6        0x2 
 .text.layer_state_set
                0x100028c8       0x10 .build/obj_boardsource_unicorne_via/quantum/action_layer.o
                0x100028c8                layer_state_set
 .text.layer_clear
                0x100028d8        0xa .build/obj_boardsource_unicorne_via/quantum/action_layer.o
                0x100028d8                layer_clear
 .text.layer_move
                0x100028e2        0xe .build/obj_boardsource_unicorne_via/quantum/action_layer.o
                0x100028e2                layer_move
 .text.layer_on
                0x100028f0       0x18 .build/obj_boardsource_unicorne_via/quantum/action_layer.o
                0x100028f0                layer_on
 .text.layer_off
                0x10002908       0x18 .build/obj_boardsource_unicorne_via/quantum/action_layer.o
                0x10002908                layer_off
 .text.layer_invert
                0x10002920       0x18 .build/obj_boardsource_unicorne_via/quantum/action_layer.o
                0x10002920                layer_invert
 .text.layer_or
                0x10002938       0x14 .build/obj_boardsource_unicorne_via/quantum/action_layer.o
                0x10002938                layer_or
 .text.layer_and
                0x1000294c       0x14 .build/obj_boardsource_unicorne_via/quantum/action_layer.o
                0x1000294c                layer_and
 .text.layer_xor
                0x10002960       0x14 .build/obj_boardsource_unicorne_via/quantum/action_layer.o
                0x10002960                layer_xor
 .text.layer_debug
                0x10002974        0x2 .build/obj_boardsource_unicorne_via/quantum/action_layer.o
                0x10002974                layer_debug
 .text.update_source_layers_cache_impl
                0x10002976       0x32 .build/obj_boardsource_unicorne_via/quantum/action_layer.o
                0x10002976                update_source_layers_cache_impl
 .text.read_source_layers_cache_impl
                0x100029a8       0x28 .build/obj_boardsource_unicorne_via/quantum/action_layer.o
                0x100029a8                read_source_layers_cache_impl
 .text.update_source_layers_cache
                0x100029d0       0x28 .build/obj_boardsource_unicorne_via/quantum/action_layer.o
                0x100029d0                update_source_layers_cache
 .text.read_source_layers_cache
                0x100029f8       0x28 .build/obj_boardsource_unicorne_via/quantum/action_layer.o
                0x100029f8                read_source_layers_cache
 .text.layer_switch_get_layer
                0x10002a20       0x44 .build/obj_boardsource_unicorne_via/quantum/action_layer.o
                0x10002a20                layer_switch_get_layer
 .text.layer_switch_get_action
                0x10002a64       0x14 .build/obj_boardsource_unicorne_via/quantum/action_layer.o
                0x10002a64                layer_switch_get_action
 .text.store_or_get_action
                0x10002a78       0x44 .build/obj_boardsource_unicorne_via/quantum/action_layer.o
                0x10002a78                store_or_get_action
 .text.update_tri_layer_state
                0x10002abc       0x2a .build/obj_boardsource_unicorne_via/quantum/action_layer.o
                0x10002abc                update_tri_layer_state
 *fill*         0x10002ae6        0x2 
 .text.update_tri_layer
                0x10002ae8       0x1c .build/obj_boardsource_unicorne_via/quantum/action_layer.o
                0x10002ae8                update_tri_layer
 .text.debug_waiting_buffer
                0x10002b04       0x40 .build/obj_boardsource_unicorne_via/quantum/action_tapping.o
 .text.debug_tapping_key
                0x10002b44       0x20 .build/obj_boardsource_unicorne_via/quantum/action_tapping.o
 .text.waiting_buffer_scan_tap
                0x10002b64       0x80 .build/obj_boardsource_unicorne_via/quantum/action_tapping.o
 .text.waiting_buffer_typed.isra.2.constprop.4
                0x10002be4       0x40 .build/obj_boardsource_unicorne_via/quantum/action_tapping.o
 .text.process_tapping
                0x10002c24      0x2b8 .build/obj_boardsource_unicorne_via/quantum/action_tapping.o
 .text.action_tapping_process
                0x10002edc       0xbc .build/obj_boardsource_unicorne_via/quantum/action_tapping.o
                0x10002edc                action_tapping_process
 .text.get_oneshot_layer
                0x10002f98        0xc .build/obj_boardsource_unicorne_via/quantum/action_util.o
                0x10002f98                get_oneshot_layer
 .text.get_oneshot_layer_state
                0x10002fa4       0x10 .build/obj_boardsource_unicorne_via/quantum/action_util.o
                0x10002fa4                get_oneshot_layer_state
 .text.is_oneshot_layer_active
                0x10002fb4       0x14 .build/obj_boardsource_unicorne_via/quantum/action_util.o
                0x10002fb4                is_oneshot_layer_active
 .text.get_mods
                0x10002fc8        0xc .build/obj_boardsource_unicorne_via/quantum/action_util.o
                0x10002fc8                get_mods
 .text.add_mods
                0x10002fd4       0x10 .build/obj_boardsource_unicorne_via/quantum/action_util.o
                0x10002fd4                add_mods
 .text.del_mods
                0x10002fe4       0x10 .build/obj_boardsource_unicorne_via/quantum/action_util.o
                0x10002fe4                del_mods
 .text.clear_mods
                0x10002ff4        0xc .build/obj_boardsource_unicorne_via/quantum/action_util.o
                0x10002ff4                clear_mods
 .text.add_weak_mods
                0x10003000       0x10 .build/obj_boardsource_unicorne_via/quantum/action_util.o
                0x10003000                add_weak_mods
 .text.del_weak_mods
                0x10003010       0x10 .build/obj_boardsource_unicorne_via/quantum/action_util.o
                0x10003010                del_weak_mods
 .text.clear_weak_mods
                0x10003020        0xc .build/obj_boardsource_unicorne_via/quantum/action_util.o
                0x10003020                clear_weak_mods
 .text.oneshot_locked_mods_changed_user
                0x1000302c        0x2 .build/obj_boardsource_unicorne_via/quantum/action_util.o
                0x1000302c                oneshot_locked_mods_changed_user
 .text.oneshot_locked_mods_changed_kb
                0x1000302e        0x8 .build/obj_boardsource_unicorne_via/quantum/action_util.o
                0x1000302e                oneshot_locked_mods_changed_kb
 *fill*         0x10003036        0x2 
 .text.del_oneshot_locked_mods
                0x10003038       0x1c .build/obj_boardsource_unicorne_via/quantum/action_util.o
                0x10003038                del_oneshot_locked_mods
 .text.oneshot_mods_changed_user
                0x10003054        0x2 .build/obj_boardsource_unicorne_via/quantum/action_util.o
                0x10003054                oneshot_mods_changed_user
 .text.oneshot_mods_changed_kb
                0x10003056        0x8 .build/obj_boardsource_unicorne_via/quantum/action_util.o
                0x10003056                oneshot_mods_changed_kb
 *fill*         0x1000305e        0x2 
 .text.add_oneshot_mods
                0x10003060       0x1c .build/obj_boardsource_unicorne_via/quantum/action_util.o
                0x10003060                add_oneshot_mods
 .text.del_oneshot_mods
                0x1000307c       0x1c .build/obj_boardsource_unicorne_via/quantum/action_util.o
                0x1000307c                del_oneshot_mods
 .text.clear_oneshot_mods
                0x10003098       0x18 .build/obj_boardsource_unicorne_via/quantum/action_util.o
                0x10003098                clear_oneshot_mods
 .text.get_mods_for_report
                0x100030b0       0x34 .build/obj_boardsource_unicorne_via/quantum/action_util.o
 .text.send_6kro_report
                0x100030e4       0x38 .build/obj_boardsource_unicorne_via/quantum/action_util.o
                0x100030e4                send_6kro_report
 .text.send_nkro_report
                0x1000311c       0x38 .build/obj_boardsource_unicorne_via/quantum/action_util.o
                0x1000311c                send_nkro_report
 .text.send_keyboard_report
                0x10003154       0x28 .build/obj_boardsource_unicorne_via/quantum/action_util.o
                0x10003154                send_keyboard_report
 .text.oneshot_layer_changed_user
                0x1000317c        0x2 .build/obj_boardsource_unicorne_via/quantum/action_util.o
                0x1000317c                oneshot_layer_changed_user
 .text.oneshot_layer_changed_kb
                0x1000317e        0x8 .build/obj_boardsource_unicorne_via/quantum/action_util.o
                0x1000317e                oneshot_layer_changed_kb
 *fill*         0x10003186        0x2 
 .text.set_oneshot_layer
                0x10003188       0x30 .build/obj_boardsource_unicorne_via/quantum/action_util.o
                0x10003188                set_oneshot_layer
 .text.reset_oneshot_layer
                0x100031b8       0x14 .build/obj_boardsource_unicorne_via/quantum/action_util.o
                0x100031b8                reset_oneshot_layer
 .text.clear_oneshot_layer_state
                0x100031cc       0x30 .build/obj_boardsource_unicorne_via/quantum/action_util.o
                0x100031cc                clear_oneshot_layer_state
 .text.oneshot_set
                0x100031fc       0x30 .build/obj_boardsource_unicorne_via/quantum/action_util.o
                0x100031fc                oneshot_set
 .text.oneshot_toggle
                0x1000322c       0x18 .build/obj_boardsource_unicorne_via/quantum/action_util.o
                0x1000322c                oneshot_toggle
 .text.oneshot_enable
                0x10003244        0xa .build/obj_boardsource_unicorne_via/quantum/action_util.o
                0x10003244                oneshot_enable
 .text.oneshot_disable
                0x1000324e        0xa .build/obj_boardsource_unicorne_via/quantum/action_util.o
                0x1000324e                oneshot_disable
 .text.eeconfig_disable
                0x10003258       0x14 .build/obj_boardsource_unicorne_via/quantum/eeconfig.o
                0x10003258                eeconfig_disable
 .text.eeconfig_is_enabled
                0x1000326c       0x1c .build/obj_boardsource_unicorne_via/quantum/eeconfig.o
                0x1000326c                eeconfig_is_enabled
 .text.eeconfig_read_debug
                0x10003288        0xa .build/obj_boardsource_unicorne_via/quantum/eeconfig.o
                0x10003288                eeconfig_read_debug
 .text.eeconfig_read_default_layer
                0x10003292        0xa .build/obj_boardsource_unicorne_via/quantum/eeconfig.o
                0x10003292                eeconfig_read_default_layer
 .text.eeconfig_read_keymap
                0x1000329c        0xa .build/obj_boardsource_unicorne_via/quantum/eeconfig.o
                0x1000329c                eeconfig_read_keymap
 .text.eeconfig_update_keymap
                0x100032a6        0xc .build/obj_boardsource_unicorne_via/quantum/eeconfig.o
                0x100032a6                eeconfig_update_keymap
 .text.eeconfig_read_audio
                0x100032b2        0xa .build/obj_boardsource_unicorne_via/quantum/eeconfig.o
                0x100032b2                eeconfig_read_audio
 .text.eeconfig_update_audio
                0x100032bc        0xc .build/obj_boardsource_unicorne_via/quantum/eeconfig.o
                0x100032bc                eeconfig_update_audio
 .text.eeconfig_update_kb
                0x100032c8        0xc .build/obj_boardsource_unicorne_via/quantum/eeconfig.o
                0x100032c8                eeconfig_update_kb
 .text.eeconfig_update_user
                0x100032d4        0xc .build/obj_boardsource_unicorne_via/quantum/eeconfig.o
                0x100032d4                eeconfig_update_user
 .text.eeconfig_init_user
                0x100032e0        0xa .build/obj_boardsource_unicorne_via/quantum/eeconfig.o
                0x100032e0                eeconfig_init_user
 .text.eeconfig_init_kb
                0x100032ea        0xe .build/obj_boardsource_unicorne_via/quantum/eeconfig.o
                0x100032ea                eeconfig_init_kb
 .text.eeconfig_init_quantum
                0x100032f8       0x98 .build/obj_boardsource_unicorne_via/quantum/eeconfig.o
                0x100032f8                eeconfig_init_quantum
 .text.eeconfig_init
                0x10003390        0x8 .build/obj_boardsource_unicorne_via/quantum/eeconfig.o
                0x10003390                eeconfig_init
 .text.eeconfig_update_handedness
                0x10003398        0xc .build/obj_boardsource_unicorne_via/quantum/eeconfig.o
                0x10003398                eeconfig_update_handedness
 .text.generate_tick_event
                0x100033a4       0x30 .build/obj_boardsource_unicorne_via/quantum/keyboard.o
 .text.last_matrix_activity_trigger
                0x100033d4       0x18 .build/obj_boardsource_unicorne_via/quantum/keyboard.o
                0x100033d4                last_matrix_activity_trigger
 .text.last_encoder_activity_trigger
                0x100033ec       0x18 .build/obj_boardsource_unicorne_via/quantum/keyboard.o
                0x100033ec                last_encoder_activity_trigger
 .text.last_pointing_device_activity_trigger
                0x10003404       0x18 .build/obj_boardsource_unicorne_via/quantum/keyboard.o
                0x10003404                last_pointing_device_activity_trigger
 .text.matrix_setup
                0x1000341c        0x2 .build/obj_boardsource_unicorne_via/quantum/keyboard.o
                0x1000341c                matrix_setup
 .text.keyboard_pre_init_user
                0x1000341e        0x2 .build/obj_boardsource_unicorne_via/quantum/keyboard.o
                0x1000341e                keyboard_pre_init_user
 .text.keyboard_pre_init_kb
                0x10003420        0x8 .build/obj_boardsource_unicorne_via/quantum/keyboard.o
                0x10003420                keyboard_pre_init_kb
 .text.keyboard_post_init_user
                0x10003428        0x2 .build/obj_boardsource_unicorne_via/quantum/keyboard.o
                0x10003428                keyboard_post_init_user
 .text.keyboard_post_init_kb
                0x1000342a        0x8 .build/obj_boardsource_unicorne_via/quantum/keyboard.o
                0x1000342a                keyboard_post_init_kb
 .text.matrix_can_read
                0x10003432        0x4 .build/obj_boardsource_unicorne_via/quantum/keyboard.o
                0x10003432                matrix_can_read
 *fill*         0x10003436        0x2 
 .text.keyboard_setup
                0x10003438       0x1c .build/obj_boardsource_unicorne_via/quantum/keyboard.o
                0x10003438                keyboard_setup
 .text.should_process_keypress
                0x10003454        0x8 .build/obj_boardsource_unicorne_via/quantum/keyboard.o
                0x10003454                should_process_keypress
 .text.housekeeping_task_kb
                0x1000345c        0x2 .build/obj_boardsource_unicorne_via/quantum/keyboard.o
                0x1000345c                housekeeping_task_kb
 .text.housekeeping_task_user
                0x1000345e        0x2 .build/obj_boardsource_unicorne_via/quantum/keyboard.o
                0x1000345e                housekeeping_task_user
 .text.housekeeping_task
                0x10003460        0xc .build/obj_boardsource_unicorne_via/quantum/keyboard.o
                0x10003460                housekeeping_task
 .text.quantum_init
                0x1000346c       0x40 .build/obj_boardsource_unicorne_via/quantum/keyboard.o
                0x1000346c                quantum_init
 .text.keyboard_init
                0x100034ac       0x42 .build/obj_boardsource_unicorne_via/quantum/keyboard.o
                0x100034ac                keyboard_init
 *fill*         0x100034ee        0x2 
 .text.quantum_task
                0x100034f0       0x44 .build/obj_boardsource_unicorne_via/quantum/keyboard.o
                0x100034f0                quantum_task
 .text.keyboard_task
                0x10003534      0x118 .build/obj_boardsource_unicorne_via/quantum/keyboard.o
                0x10003534                keyboard_task
 .text.action_for_keycode
                0x1000364c      0x1d8 .build/obj_boardsource_unicorne_via/quantum/keymap_common.o
                0x1000364c                action_for_keycode
 .text.keymap_key_to_keycode
                0x10003824       0x20 .build/obj_boardsource_unicorne_via/quantum/keymap_common.o
                0x10003824                keymap_key_to_keycode
 .text.action_for_key
                0x10003844       0x12 .build/obj_boardsource_unicorne_via/quantum/keymap_common.o
                0x10003844                action_for_key
 *fill*         0x10003856        0x2 
 .text.keycode_config
                0x10003858      0x108 .build/obj_boardsource_unicorne_via/quantum/keycode_config.o
                0x10003858                keycode_config
 .text.mod_config
                0x10003960       0x98 .build/obj_boardsource_unicorne_via/quantum/keycode_config.o
                0x10003960                mod_config
 .text.sync_timer_init
                0x100039f8        0xc .build/obj_boardsource_unicorne_via/quantum/sync_timer.o
                0x100039f8                sync_timer_init
 .text.sync_timer_update
                0x10003a04       0x1c .build/obj_boardsource_unicorne_via/quantum/sync_timer.o
                0x10003a04                sync_timer_update
 .text.sync_timer_read32
                0x10003a20       0x20 .build/obj_boardsource_unicorne_via/quantum/sync_timer.o
                0x10003a20                sync_timer_read32
 .text.sync_timer_elapsed32
                0x10003a40       0x1c .build/obj_boardsource_unicorne_via/quantum/sync_timer.o
                0x10003a40                sync_timer_elapsed32
 .text.sendchar
                0x10003a5c        0x4 .build/obj_boardsource_unicorne_via/quantum/logging/sendchar.o
                0x10003a5c                sendchar
 .text.null_sendchar_func
                0x10003a60        0x4 .build/obj_boardsource_unicorne_via/quantum/logging/print.o
 .text.print_set_sendchar
                0x10003a64        0xc .build/obj_boardsource_unicorne_via/quantum/logging/print.o
                0x10003a64                print_set_sendchar
 .text.matrix_init_user
                0x10003a70        0x2 .build/obj_boardsource_unicorne_via/quantum/matrix_common.o
                0x10003a70                matrix_init_user
 .text.matrix_init_kb
                0x10003a72        0x8 .build/obj_boardsource_unicorne_via/quantum/matrix_common.o
                0x10003a72                matrix_init_kb
 .text.matrix_scan_user
                0x10003a7a        0x2 .build/obj_boardsource_unicorne_via/quantum/matrix_common.o
                0x10003a7a                matrix_scan_user
 .text.matrix_scan_kb
                0x10003a7c        0x8 .build/obj_boardsource_unicorne_via/quantum/matrix_common.o
                0x10003a7c                matrix_scan_kb
 .text.matrix_get_row
                0x10003a84        0xc .build/obj_boardsource_unicorne_via/quantum/matrix_common.o
                0x10003a84                matrix_get_row
 .text.matrix_print
                0x10003a90        0x2 .build/obj_boardsource_unicorne_via/quantum/matrix_common.o
                0x10003a90                matrix_print
 .text.matrix_io_delay
                0x10003a92        0xa .build/obj_boardsource_unicorne_via/quantum/matrix_common.o
                0x10003a92                matrix_io_delay
 .text.matrix_output_select_delay
                0x10003a9c      0x190 .build/obj_boardsource_unicorne_via/quantum/matrix_common.o
                0x10003a9c                matrix_output_select_delay
 .text.matrix_output_unselect_delay
                0x10003c2c        0x8 .build/obj_boardsource_unicorne_via/quantum/matrix_common.o
                0x10003c2c                matrix_output_unselect_delay
 .text.matrix_slave_scan_user
                0x10003c34        0x2 .build/obj_boardsource_unicorne_via/quantum/matrix_common.o
                0x10003c34                matrix_slave_scan_user
 .text.matrix_slave_scan_kb
                0x10003c36        0x8 .build/obj_boardsource_unicorne_via/quantum/matrix_common.o
                0x10003c36                matrix_slave_scan_kb
 *fill*         0x10003c3e        0x2 
 .text.matrix_post_scan
                0x10003c40       0x80 .build/obj_boardsource_unicorne_via/quantum/matrix_common.o
                0x10003c40                matrix_post_scan
 .text.setPinInputHigh_atomic
                0x10003cc0       0x44 .build/obj_boardsource_unicorne_via/quantum/matrix.o
 .text.matrix_init_pins
                0x10003d04       0x38 .build/obj_boardsource_unicorne_via/quantum/matrix.o
                0x10003d04                matrix_init_pins
 .text.matrix_read_cols_on_row
                0x10003d3c       0xb8 .build/obj_boardsource_unicorne_via/quantum/matrix.o
                0x10003d3c                matrix_read_cols_on_row
 .text.matrix_init
                0x10003df4       0x54 .build/obj_boardsource_unicorne_via/quantum/matrix.o
                0x10003df4                matrix_init
 .text.matrix_scan
                0x10003e48       0x6c .build/obj_boardsource_unicorne_via/quantum/matrix.o
                0x10003e48                matrix_scan
 .text.debounce_init
                0x10003eb4        0x2 .build/obj_boardsource_unicorne_via/quantum/debounce/sym_defer_g.o
                0x10003eb4                debounce_init
 *fill*         0x10003eb6        0x2 
 .text.debounce
                0x10003eb8       0x5c .build/obj_boardsource_unicorne_via/quantum/debounce/sym_defer_g.o
                0x10003eb8                debounce
 .text.is_keyboard_master_impl
                0x10003f14       0x28 .build/obj_boardsource_unicorne_via/quantum/split_common/split_util.o
                0x10003f14                is_keyboard_master_impl
 .text.is_keyboard_left
                0x10003f3c        0xc .build/obj_boardsource_unicorne_via/quantum/split_common/split_util.o
                0x10003f3c                is_keyboard_left
 .text.is_keyboard_master
                0x10003f48        0xc .build/obj_boardsource_unicorne_via/quantum/split_common/split_util.o
                0x10003f48                is_keyboard_master
 .text.is_keyboard_left_impl
                0x10003f54        0x8 .build/obj_boardsource_unicorne_via/quantum/split_common/split_util.o
                0x10003f54                is_keyboard_left_impl
 .text.split_pre_init
                0x10003f5c       0x30 .build/obj_boardsource_unicorne_via/quantum/split_common/split_util.o
                0x10003f5c                split_pre_init
 .text.split_post_init
                0x10003f8c       0x10 .build/obj_boardsource_unicorne_via/quantum/split_common/split_util.o
                0x10003f8c                split_post_init
 .text.is_transport_connected
                0x10003f9c       0x14 .build/obj_boardsource_unicorne_via/quantum/split_common/split_util.o
                0x10003f9c                is_transport_connected
 .text.transport_master_if_connected
                0x10003fb0       0x64 .build/obj_boardsource_unicorne_via/quantum/split_common/split_util.o
                0x10003fb0                transport_master_if_connected
 .text.transport_master_init
                0x10004014        0x8 .build/obj_boardsource_unicorne_via/quantum/split_common/transport.o
                0x10004014                transport_master_init
 .text.transport_slave_init
                0x1000401c        0x8 .build/obj_boardsource_unicorne_via/quantum/split_common/transport.o
                0x1000401c                transport_slave_init
 .text.transport_execute_transaction
                0x10004024       0x6c .build/obj_boardsource_unicorne_via/quantum/split_common/transport.o
                0x10004024                transport_execute_transaction
 .text.transport_master
                0x10004090        0x8 .build/obj_boardsource_unicorne_via/quantum/split_common/transport.o
                0x10004090                transport_master
 .text.transport_slave
                0x10004098        0x8 .build/obj_boardsource_unicorne_via/quantum/split_common/transport.o
                0x10004098                transport_slave
 .text.encoder_handlers_slave_reset
                0x100040a0        0xa .build/obj_boardsource_unicorne_via/quantum/split_common/transactions.o
 .text.read_if_checksum_mismatch
                0x100040aa       0x7a .build/obj_boardsource_unicorne_via/quantum/split_common/transactions.o
 .text.encoder_handlers_master
                0x10004124       0x4c .build/obj_boardsource_unicorne_via/quantum/split_common/transactions.o
 .text.slave_matrix_handlers_master
                0x10004170       0x4c .build/obj_boardsource_unicorne_via/quantum/split_common/transactions.o
 .text.send_if_condition
                0x100041bc       0x3e .build/obj_boardsource_unicorne_via/quantum/split_common/transactions.o
 *fill*         0x100041fa        0x2 
 .text.layer_state_handlers_master
                0x100041fc       0x54 .build/obj_boardsource_unicorne_via/quantum/split_common/transactions.o
 .text.sync_timer_handlers_master
                0x10004250       0x3c .build/obj_boardsource_unicorne_via/quantum/split_common/transactions.o
 .text.transaction_handler_master.isra.4
                0x1000428c       0x46 .build/obj_boardsource_unicorne_via/quantum/split_common/transactions.o
 *fill*         0x100042d2        0x2 
 .text.rgb_matrix_handlers_master
                0x100042d4       0x4c .build/obj_boardsource_unicorne_via/quantum/split_common/transactions.o
 .text.transactions_master
                0x10004320       0x60 .build/obj_boardsource_unicorne_via/quantum/split_common/transactions.o
                0x10004320                transactions_master
 .text.transactions_slave
                0x10004380       0xa0 .build/obj_boardsource_unicorne_via/quantum/split_common/transactions.o
                0x10004380                transactions_slave
 .text.protocol_init
                0x10004420       0x10 .build/obj_boardsource_unicorne_via/quantum/main.o
                0x10004420                protocol_init
 .text.protocol_task
                0x10004430       0x10 .build/obj_boardsource_unicorne_via/quantum/main.o
                0x10004430                protocol_task
 .text.startup.main
                0x10004440       0x1c .build/obj_boardsource_unicorne_via/quantum/main.o
                0x10004440                main
 .text.compute_freq_for_midi_note
                0x1000445c       0x28 .build/obj_boardsource_unicorne_via/quantum/process_keycode/process_audio.o
                0x1000445c                compute_freq_for_midi_note
 .text.process_audio
                0x10004484       0x90 .build/obj_boardsource_unicorne_via/quantum/process_keycode/process_audio.o
                0x10004484                process_audio
 .text.process_audio_noteon
                0x10004514        0xc .build/obj_boardsource_unicorne_via/quantum/process_keycode/process_audio.o
                0x10004514                process_audio_noteon
 .text.process_audio_noteoff
                0x10004520        0xc .build/obj_boardsource_unicorne_via/quantum/process_keycode/process_audio.o
                0x10004520                process_audio_noteoff
 .text.process_audio_all_notes_off
                0x1000452c        0x8 .build/obj_boardsource_unicorne_via/quantum/process_keycode/process_audio.o
                0x1000452c                process_audio_all_notes_off
 .text.eeconfig_update_audio_default
                0x10004534       0x18 .build/obj_boardsource_unicorne_via/quantum/audio/audio.o
                0x10004534                eeconfig_update_audio_default
 .text.audio_is_on
                0x1000454c       0x10 .build/obj_boardsource_unicorne_via/quantum/audio/audio.o
                0x1000454c                audio_is_on
 .text.audio_stop_all
                0x1000455c       0x58 .build/obj_boardsource_unicorne_via/quantum/audio/audio.o
                0x1000455c                audio_stop_all
 .text.audio_init
                0x100045b4       0x50 .build/obj_boardsource_unicorne_via/quantum/audio/audio.o
                0x100045b4                audio_init
 .text.audio_stop_tone
                0x10004604       0xb0 .build/obj_boardsource_unicorne_via/quantum/audio/audio.o
                0x10004604                audio_stop_tone
 .text.audio_play_note
                0x100046b4      0x104 .build/obj_boardsource_unicorne_via/quantum/audio/audio.o
                0x100046b4                audio_play_note
 .text.audio_play_tone
                0x100047b8       0x10 .build/obj_boardsource_unicorne_via/quantum/audio/audio.o
                0x100047b8                audio_play_tone
 .text.audio_get_processed_frequency
                0x100047c8       0x3c .build/obj_boardsource_unicorne_via/quantum/audio/audio.o
                0x100047c8                audio_get_processed_frequency
 .text.audio_duration_to_ms
                0x10004804       0x1c .build/obj_boardsource_unicorne_via/quantum/audio/audio.o
                0x10004804                audio_duration_to_ms
 .text.audio_play_melody
                0x10004820       0xb0 .build/obj_boardsource_unicorne_via/quantum/audio/audio.o
                0x10004820                audio_play_melody
 .text.audio_startup
                0x100048d0       0x2c .build/obj_boardsource_unicorne_via/quantum/audio/audio.o
                0x100048d0                audio_startup
 .text.audio_update_state
                0x100048fc      0x1c4 .build/obj_boardsource_unicorne_via/quantum/audio/audio.o
                0x100048fc                audio_update_state
 .text.audio_on_user
                0x10004ac0        0x2 .build/obj_boardsource_unicorne_via/quantum/audio/audio.o
                0x10004ac0                audio_on_user
 *fill*         0x10004ac2        0x2 
 .text.audio_on
                0x10004ac4       0x28 .build/obj_boardsource_unicorne_via/quantum/audio/audio.o
                0x10004ac4                audio_on
 .text.audio_off_user
                0x10004aec        0x2 .build/obj_boardsource_unicorne_via/quantum/audio/audio.o
                0x10004aec                audio_off_user
 *fill*         0x10004aee        0x2 
 .text.audio_off
                0x10004af0       0x38 .build/obj_boardsource_unicorne_via/quantum/audio/audio.o
                0x10004af0                audio_off
 .text.port_spinlock_take
                0x10004b28       0x14 .build/obj_boardsource_unicorne_via/platforms/chibios/drivers/audio_pwm_hardware.o
 .text.port_unlock
                0x10004b3c       0x12 .build/obj_boardsource_unicorne_via/platforms/chibios/drivers/audio_pwm_hardware.o
 *fill*         0x10004b4e        0x2 
 .text.chVTResetI.constprop.7
                0x10004b50       0x14 .build/obj_boardsource_unicorne_via/platforms/chibios/drivers/audio_pwm_hardware.o
 .text.channel_1_set_frequency
                0x10004b64       0x7c .build/obj_boardsource_unicorne_via/platforms/chibios/drivers/audio_pwm_hardware.o
                0x10004b64                channel_1_set_frequency
 .text.audio_callback
                0x10004be0       0x3c .build/obj_boardsource_unicorne_via/platforms/chibios/drivers/audio_pwm_hardware.o
 .text.channel_1_start
                0x10004c1c       0x1c .build/obj_boardsource_unicorne_via/platforms/chibios/drivers/audio_pwm_hardware.o
                0x10004c1c                channel_1_start
 .text.channel_1_stop
                0x10004c38       0x10 .build/obj_boardsource_unicorne_via/platforms/chibios/drivers/audio_pwm_hardware.o
                0x10004c38                channel_1_stop
 .text.audio_driver_initialize
                0x10004c48       0x3c .build/obj_boardsource_unicorne_via/platforms/chibios/drivers/audio_pwm_hardware.o
                0x10004c48                audio_driver_initialize
 .text.audio_driver_start
                0x10004c84       0x5c .build/obj_boardsource_unicorne_via/platforms/chibios/drivers/audio_pwm_hardware.o
                0x10004c84                audio_driver_start
 .text.audio_driver_stop
                0x10004ce0       0x16 .build/obj_boardsource_unicorne_via/platforms/chibios/drivers/audio_pwm_hardware.o
                0x10004ce0                audio_driver_stop
 *fill*         0x10004cf6        0x2 
 .text.voice_iterate
                0x10004cf8        0xc .build/obj_boardsource_unicorne_via/quantum/audio/voices.o
                0x10004cf8                voice_iterate
 .text.voice_deiterate
                0x10004d04        0xc .build/obj_boardsource_unicorne_via/quantum/audio/voices.o
                0x10004d04                voice_deiterate
 .text.voice_envelope
                0x10004d10       0x18 .build/obj_boardsource_unicorne_via/quantum/audio/voices.o
                0x10004d10                voice_envelope
 .text.pointing_device_init_kb
                0x10004d28        0x2 .build/obj_boardsource_unicorne_via/quantum/pointing_device/pointing_device.o
                0x10004d28                pointing_device_init_kb
 .text.pointing_device_init_user
                0x10004d2a        0x2 .build/obj_boardsource_unicorne_via/quantum/pointing_device/pointing_device.o
                0x10004d2a                pointing_device_init_user
 .text.pointing_device_task_user
                0x10004d2c       0x14 .build/obj_boardsource_unicorne_via/quantum/pointing_device/pointing_device.o
                0x10004d2c                pointing_device_task_user
 .text.pointing_device_task_kb
                0x10004d40        0xc .build/obj_boardsource_unicorne_via/quantum/pointing_device/pointing_device.o
                0x10004d40                pointing_device_task_kb
 .text.pointing_device_handle_buttons
                0x10004d4c       0x18 .build/obj_boardsource_unicorne_via/quantum/pointing_device/pointing_device.o
                0x10004d4c                pointing_device_handle_buttons
 .text.pointing_device_init
                0x10004d64       0x18 .build/obj_boardsource_unicorne_via/quantum/pointing_device/pointing_device.o
                0x10004d64                pointing_device_init
 .text.pointing_device_send
                0x10004d7c       0x4c .build/obj_boardsource_unicorne_via/quantum/pointing_device/pointing_device.o
                0x10004d7c                pointing_device_send
 .text.pointing_device_adjust_by_defines
                0x10004dc8       0x24 .build/obj_boardsource_unicorne_via/quantum/pointing_device/pointing_device.o
                0x10004dc8                pointing_device_adjust_by_defines
 .text.pointing_device_task
                0x10004dec       0xc4 .build/obj_boardsource_unicorne_via/quantum/pointing_device/pointing_device.o
                0x10004dec                pointing_device_task
 .text.pointing_device_keycode_handler
                0x10004eb0       0x24 .build/obj_boardsource_unicorne_via/quantum/pointing_device/pointing_device.o
                0x10004eb0                pointing_device_keycode_handler
 .text.analog_joystick_get_report
                0x10004ed4       0x3c .build/obj_boardsource_unicorne_via/quantum/pointing_device/pointing_device_drivers.o
                0x10004ed4                analog_joystick_get_report
 .text.axisCoordinate
                0x10004f10       0x7c .build/obj_boardsource_unicorne_via/drivers/sensors/analog_joystick.o
                0x10004f10                axisCoordinate
 .text.axisToMouseComponent
                0x10004f8c       0x5c .build/obj_boardsource_unicorne_via/drivers/sensors/analog_joystick.o
                0x10004f8c                axisToMouseComponent
 .text.analog_joystick_read
                0x10004fe8       0x5c .build/obj_boardsource_unicorne_via/drivers/sensors/analog_joystick.o
                0x10004fe8                analog_joystick_read
 .text.analog_joystick_init
                0x10005044       0x50 .build/obj_boardsource_unicorne_via/drivers/sensors/analog_joystick.o
                0x10005044                analog_joystick_init
 .text.eeprom_read_byte
                0x10005094       0x18 .build/obj_boardsource_unicorne_via/eeprom_driver.o
                0x10005094                eeprom_read_byte
 .text.eeprom_read_word
                0x100050ac       0x18 .build/obj_boardsource_unicorne_via/eeprom_driver.o
                0x100050ac                eeprom_read_word
 .text.eeprom_read_dword
                0x100050c4       0x14 .build/obj_boardsource_unicorne_via/eeprom_driver.o
                0x100050c4                eeprom_read_dword
 .text.eeprom_write_byte
                0x100050d8       0x14 .build/obj_boardsource_unicorne_via/eeprom_driver.o
                0x100050d8                eeprom_write_byte
 .text.eeprom_write_word
                0x100050ec       0x14 .build/obj_boardsource_unicorne_via/eeprom_driver.o
                0x100050ec                eeprom_write_word
 .text.eeprom_write_dword
                0x10005100       0x10 .build/obj_boardsource_unicorne_via/eeprom_driver.o
                0x10005100                eeprom_write_dword
 .text.eeprom_update_block
                0x10005110       0x3a .build/obj_boardsource_unicorne_via/eeprom_driver.o
                0x10005110                eeprom_update_block
 .text.eeprom_update_byte
                0x1000514a       0x18 .build/obj_boardsource_unicorne_via/eeprom_driver.o
                0x1000514a                eeprom_update_byte
 .text.eeprom_update_word
                0x10005162       0x18 .build/obj_boardsource_unicorne_via/eeprom_driver.o
                0x10005162                eeprom_update_word
 .text.eeprom_update_dword
                0x1000517a       0x18 .build/obj_boardsource_unicorne_via/eeprom_driver.o
                0x1000517a                eeprom_update_dword
 .text.eeprom_driver_init
                0x10005192        0x8 .build/obj_boardsource_unicorne_via/eeprom_wear_leveling.o
                0x10005192                eeprom_driver_init
 .text.eeprom_driver_erase
                0x1000519a        0x8 .build/obj_boardsource_unicorne_via/eeprom_wear_leveling.o
                0x1000519a                eeprom_driver_erase
 .text.eeprom_read_block
                0x100051a2        0xe .build/obj_boardsource_unicorne_via/eeprom_wear_leveling.o
                0x100051a2                eeprom_read_block
 .text.eeprom_write_block
                0x100051b0        0xe .build/obj_boardsource_unicorne_via/eeprom_wear_leveling.o
                0x100051b0                eeprom_write_block
 *fill*         0x100051be        0x2 
 .text.wear_leveling_clear_cache
                0x100051c0       0x20 .build/obj_boardsource_unicorne_via/wear_leveling.o
 .text.wear_leveling_unlock
                0x100051e0       0x24 .build/obj_boardsource_unicorne_via/wear_leveling.o
 .text.wear_leveling_lock
                0x10005204       0x28 .build/obj_boardsource_unicorne_via/wear_leveling.o
 .text.wear_leveling_erase
                0x1000522c       0x2e .build/obj_boardsource_unicorne_via/wear_leveling.o
                0x1000522c                wear_leveling_erase
 *fill*         0x1000525a        0x2 
 .text.wear_leveling_read
                0x1000525c       0x24 .build/obj_boardsource_unicorne_via/wear_leveling.o
                0x1000525c                wear_leveling_read
 .text.wear_leveling_write_consolidated
                0x10005280       0x5c .build/obj_boardsource_unicorne_via/wear_leveling.o
 .text.wear_leveling_consolidate_if_needed
                0x100052dc       0x34 .build/obj_boardsource_unicorne_via/wear_leveling.o
 .text.wear_leveling_append_raw
                0x10005310       0x28 .build/obj_boardsource_unicorne_via/wear_leveling.o
 .text.wear_leveling_write
                0x10005338      0x1a0 .build/obj_boardsource_unicorne_via/wear_leveling.o
                0x10005338                wear_leveling_write
 .text.wear_leveling_init
                0x100054d8      0x198 .build/obj_boardsource_unicorne_via/wear_leveling.o
                0x100054d8                wear_leveling_init
 .text.backing_store_init
                0x10005670       0x1c .build/obj_boardsource_unicorne_via/wear_leveling_rp2040_flash.o
                0x10005670                backing_store_init
 .text.backing_store_unlock
                0x1000568c        0x4 .build/obj_boardsource_unicorne_via/wear_leveling_rp2040_flash.o
                0x1000568c                backing_store_unlock
 .text.backing_store_erase
                0x10005690       0x28 .build/obj_boardsource_unicorne_via/wear_leveling_rp2040_flash.o
                0x10005690                backing_store_erase
 .text.backing_store_write_bulk
                0x100056b8       0x24 .build/obj_boardsource_unicorne_via/wear_leveling_rp2040_flash.o
                0x100056b8                backing_store_write_bulk
 .text.backing_store_write
                0x100056dc       0x12 .build/obj_boardsource_unicorne_via/wear_leveling_rp2040_flash.o
                0x100056dc                backing_store_write
 .text.backing_store_lock
                0x100056ee        0x4 .build/obj_boardsource_unicorne_via/wear_leveling_rp2040_flash.o
                0x100056ee                backing_store_lock
 *fill*         0x100056f2        0x2 
 .text.backing_store_read_bulk
                0x100056f4       0x20 .build/obj_boardsource_unicorne_via/wear_leveling_rp2040_flash.o
                0x100056f4                backing_store_read_bulk
 .text.backing_store_read
                0x10005714        0xa .build/obj_boardsource_unicorne_via/wear_leveling_rp2040_flash.o
                0x10005714                backing_store_read
 *fill*         0x1000571e        0x2 
 .text.hsv_to_rgb_impl
                0x10005720       0xc0 .build/obj_boardsource_unicorne_via/quantum/color.o
                0x10005720                hsv_to_rgb_impl
 .text.hsv_to_rgb
                0x100057e0       0x2c .build/obj_boardsource_unicorne_via/quantum/color.o
                0x100057e0                hsv_to_rgb
 .text.sin8_C   0x1000580c       0x44 .build/obj_boardsource_unicorne_via/quantum/rgb_matrix/rgb_matrix.o
 .text.BAND_SAT_math
                0x10005850       0x54 .build/obj_boardsource_unicorne_via/quantum/rgb_matrix/rgb_matrix.o
 .text.BAND_VAL_math
                0x100058a4       0x50 .build/obj_boardsource_unicorne_via/quantum/rgb_matrix/rgb_matrix.o
 .text.eeconfig_flag_rgb_matrix
                0x100058f4       0x10 .build/obj_boardsource_unicorne_via/quantum/rgb_matrix/rgb_matrix.o
 .text.rgb_matrix_check_finished_leds
                0x10005904       0x1a .build/obj_boardsource_unicorne_via/quantum/rgb_matrix/rgb_matrix.o
 *fill*         0x1000591e        0x2 
 .text.eeconfig_init_rgb_matrix
                0x10005920       0x20 .build/obj_boardsource_unicorne_via/quantum/rgb_matrix/rgb_matrix.o
 .text.eeconfig_flush_rgb_matrix.part.0
                0x10005940       0x1c .build/obj_boardsource_unicorne_via/quantum/rgb_matrix/rgb_matrix.o
 .text.rgb_matrix_hsv_to_rgb
                0x1000595c       0x28 .build/obj_boardsource_unicorne_via/quantum/rgb_matrix/rgb_matrix.o
                0x1000595c                rgb_matrix_hsv_to_rgb
 .text.eeconfig_update_rgb_matrix
                0x10005984        0x8 .build/obj_boardsource_unicorne_via/quantum/rgb_matrix/rgb_matrix.o
                0x10005984                eeconfig_update_rgb_matrix
 .text.eeconfig_update_rgb_matrix_default
                0x1000598c       0x28 .build/obj_boardsource_unicorne_via/quantum/rgb_matrix/rgb_matrix.o
                0x1000598c                eeconfig_update_rgb_matrix_default
 .text.rgb_matrix_update_pwm_buffers
                0x100059b4       0x10 .build/obj_boardsource_unicorne_via/quantum/rgb_matrix/rgb_matrix.o
                0x100059b4                rgb_matrix_update_pwm_buffers
 .text.rgb_matrix_set_color
                0x100059c4       0x10 .build/obj_boardsource_unicorne_via/quantum/rgb_matrix/rgb_matrix.o
                0x100059c4                rgb_matrix_set_color
 .text.rgb_matrix_set_color_all
                0x100059d4       0x1e .build/obj_boardsource_unicorne_via/quantum/rgb_matrix/rgb_matrix.o
                0x100059d4                rgb_matrix_set_color_all
 .text.process_rgb_matrix
                0x100059f2        0x2 .build/obj_boardsource_unicorne_via/quantum/rgb_matrix/rgb_matrix.o
                0x100059f2                process_rgb_matrix
 .text.rgb_matrix_indicators_user
                0x100059f4        0x4 .build/obj_boardsource_unicorne_via/quantum/rgb_matrix/rgb_matrix.o
                0x100059f4                rgb_matrix_indicators_user
 .text.rgb_matrix_indicators_kb
                0x100059f8        0x8 .build/obj_boardsource_unicorne_via/quantum/rgb_matrix/rgb_matrix.o
                0x100059f8                rgb_matrix_indicators_kb
 .text.rgb_matrix_get_limits
                0x10005a00       0x46 .build/obj_boardsource_unicorne_via/quantum/rgb_matrix/rgb_matrix.o
                0x10005a00                rgb_matrix_get_limits
 *fill*         0x10005a46        0x2 
 .text.effect_runner_i
                0x10005a48       0xa0 .build/obj_boardsource_unicorne_via/quantum/rgb_matrix/rgb_matrix.o
                0x10005a48                effect_runner_i
 .text.BAND_SAT
                0x10005ae8       0x10 .build/obj_boardsource_unicorne_via/quantum/rgb_matrix/rgb_matrix.o
                0x10005ae8                BAND_SAT
 .text.BAND_VAL
                0x10005af8       0x10 .build/obj_boardsource_unicorne_via/quantum/rgb_matrix/rgb_matrix.o
                0x10005af8                BAND_VAL
 .text.SOLID_COLOR
                0x10005b08       0x6c .build/obj_boardsource_unicorne_via/quantum/rgb_matrix/rgb_matrix.o
                0x10005b08                SOLID_COLOR
 .text.ALPHAS_MODS
                0x10005b74       0xa4 .build/obj_boardsource_unicorne_via/quantum/rgb_matrix/rgb_matrix.o
                0x10005b74                ALPHAS_MODS
 .text.GRADIENT_UP_DOWN
                0x10005c18       0x90 .build/obj_boardsource_unicorne_via/quantum/rgb_matrix/rgb_matrix.o
                0x10005c18                GRADIENT_UP_DOWN
 .text.GRADIENT_LEFT_RIGHT
                0x10005ca8       0x90 .build/obj_boardsource_unicorne_via/quantum/rgb_matrix/rgb_matrix.o
                0x10005ca8                GRADIENT_LEFT_RIGHT
 .text.BREATHING
                0x10005d38       0xac .build/obj_boardsource_unicorne_via/quantum/rgb_matrix/rgb_matrix.o
                0x10005d38                BREATHING
 .text.rgb_task_render
                0x10005de4       0xcc .build/obj_boardsource_unicorne_via/quantum/rgb_matrix/rgb_matrix.o
 .text.rgb_matrix_indicators_advanced_user
                0x10005eb0        0x4 .build/obj_boardsource_unicorne_via/quantum/rgb_matrix/rgb_matrix.o
                0x10005eb0                rgb_matrix_indicators_advanced_user
 .text.rgb_matrix_indicators_advanced_kb
                0x10005eb4        0x8 .build/obj_boardsource_unicorne_via/quantum/rgb_matrix/rgb_matrix.o
                0x10005eb4                rgb_matrix_indicators_advanced_kb
 .text.rgb_matrix_indicators_advanced
                0x10005ebc       0x18 .build/obj_boardsource_unicorne_via/quantum/rgb_matrix/rgb_matrix.o
                0x10005ebc                rgb_matrix_indicators_advanced
 .text.rgb_matrix_task
                0x10005ed4       0xb8 .build/obj_boardsource_unicorne_via/quantum/rgb_matrix/rgb_matrix.o
                0x10005ed4                rgb_matrix_task
 .text.rgb_matrix_init
                0x10005f8c       0x28 .build/obj_boardsource_unicorne_via/quantum/rgb_matrix/rgb_matrix.o
                0x10005f8c                rgb_matrix_init
 .text.rgb_matrix_set_suspend_state
                0x10005fb4       0x48 .build/obj_boardsource_unicorne_via/quantum/rgb_matrix/rgb_matrix.o
                0x10005fb4                rgb_matrix_set_suspend_state
 .text.rgb_matrix_get_suspend_state
                0x10005ffc        0xc .build/obj_boardsource_unicorne_via/quantum/rgb_matrix/rgb_matrix.o
                0x10005ffc                rgb_matrix_get_suspend_state
 .text.rgb_matrix_toggle_eeprom_helper
                0x10006008       0x20 .build/obj_boardsource_unicorne_via/quantum/rgb_matrix/rgb_matrix.o
                0x10006008                rgb_matrix_toggle_eeprom_helper
 .text.rgb_matrix_toggle_noeeprom
                0x10006028        0xa .build/obj_boardsource_unicorne_via/quantum/rgb_matrix/rgb_matrix.o
                0x10006028                rgb_matrix_toggle_noeeprom
 .text.rgb_matrix_toggle
                0x10006032        0xa .build/obj_boardsource_unicorne_via/quantum/rgb_matrix/rgb_matrix.o
                0x10006032                rgb_matrix_toggle
 .text.rgb_matrix_enable_noeeprom
                0x1000603c       0x28 .build/obj_boardsource_unicorne_via/quantum/rgb_matrix/rgb_matrix.o
                0x1000603c                rgb_matrix_enable_noeeprom
 .text.rgb_matrix_disable_noeeprom
                0x10006064       0x20 .build/obj_boardsource_unicorne_via/quantum/rgb_matrix/rgb_matrix.o
                0x10006064                rgb_matrix_disable_noeeprom
 .text.rgb_matrix_is_enabled
                0x10006084       0x10 .build/obj_boardsource_unicorne_via/quantum/rgb_matrix/rgb_matrix.o
                0x10006084                rgb_matrix_is_enabled
 .text.rgb_matrix_mode_eeprom_helper
                0x10006094       0x3c .build/obj_boardsource_unicorne_via/quantum/rgb_matrix/rgb_matrix.o
                0x10006094                rgb_matrix_mode_eeprom_helper
 .text.rgb_matrix_mode_noeeprom
                0x100060d0        0xa .build/obj_boardsource_unicorne_via/quantum/rgb_matrix/rgb_matrix.o
                0x100060d0                rgb_matrix_mode_noeeprom
 .text.rgb_matrix_mode
                0x100060da        0xa .build/obj_boardsource_unicorne_via/quantum/rgb_matrix/rgb_matrix.o
                0x100060da                rgb_matrix_mode
 .text.rgb_matrix_get_mode
                0x100060e4        0xc .build/obj_boardsource_unicorne_via/quantum/rgb_matrix/rgb_matrix.o
                0x100060e4                rgb_matrix_get_mode
 .text.rgb_matrix_step_helper
                0x100060f0       0x1c .build/obj_boardsource_unicorne_via/quantum/rgb_matrix/rgb_matrix.o
                0x100060f0                rgb_matrix_step_helper
 .text.rgb_matrix_step
                0x1000610c        0xa .build/obj_boardsource_unicorne_via/quantum/rgb_matrix/rgb_matrix.o
                0x1000610c                rgb_matrix_step
 *fill*         0x10006116        0x2 
 .text.rgb_matrix_step_reverse_helper
                0x10006118       0x20 .build/obj_boardsource_unicorne_via/quantum/rgb_matrix/rgb_matrix.o
                0x10006118                rgb_matrix_step_reverse_helper
 .text.rgb_matrix_step_reverse
                0x10006138        0xa .build/obj_boardsource_unicorne_via/quantum/rgb_matrix/rgb_matrix.o
                0x10006138                rgb_matrix_step_reverse
 *fill*         0x10006142        0x2 
 .text.rgb_matrix_sethsv_eeprom_helper
                0x10006144       0x2c .build/obj_boardsource_unicorne_via/quantum/rgb_matrix/rgb_matrix.o
                0x10006144                rgb_matrix_sethsv_eeprom_helper
 .text.rgb_matrix_sethsv_noeeprom
                0x10006170        0xa .build/obj_boardsource_unicorne_via/quantum/rgb_matrix/rgb_matrix.o
                0x10006170                rgb_matrix_sethsv_noeeprom
 *fill*         0x1000617a        0x2 
 .text.rgb_matrix_get_hue
                0x1000617c        0xc .build/obj_boardsource_unicorne_via/quantum/rgb_matrix/rgb_matrix.o
                0x1000617c                rgb_matrix_get_hue
 .text.rgb_matrix_get_sat
                0x10006188        0xc .build/obj_boardsource_unicorne_via/quantum/rgb_matrix/rgb_matrix.o
                0x10006188                rgb_matrix_get_sat
 .text.rgb_matrix_get_val
                0x10006194        0xc .build/obj_boardsource_unicorne_via/quantum/rgb_matrix/rgb_matrix.o
                0x10006194                rgb_matrix_get_val
 .text.rgb_matrix_increase_hue_helper
                0x100061a0       0x18 .build/obj_boardsource_unicorne_via/quantum/rgb_matrix/rgb_matrix.o
                0x100061a0                rgb_matrix_increase_hue_helper
 .text.rgb_matrix_increase_hue
                0x100061b8        0xa .build/obj_boardsource_unicorne_via/quantum/rgb_matrix/rgb_matrix.o
                0x100061b8                rgb_matrix_increase_hue
 *fill*         0x100061c2        0x2 
 .text.rgb_matrix_decrease_hue_helper
                0x100061c4       0x1c .build/obj_boardsource_unicorne_via/quantum/rgb_matrix/rgb_matrix.o
                0x100061c4                rgb_matrix_decrease_hue_helper
 .text.rgb_matrix_decrease_hue
                0x100061e0        0xa .build/obj_boardsource_unicorne_via/quantum/rgb_matrix/rgb_matrix.o
                0x100061e0                rgb_matrix_decrease_hue