Archive member included to satisfy reference by file (symbol)

.build/obj_crkbd_rev1_via/serial_protocol.a(serial_protocol.o)
                              .build/obj_crkbd_rev1_via/quantum/split_common/transport.o (symbol from plugin) (soft_serial_target_init)
.build/obj_crkbd_rev1_via/serial_vendor.a(serial_vendor.o)
                              .build/obj_crkbd_rev1_via/serial_protocol.a(serial_protocol.o) (serial_transport_driver_clear)
.build/obj_crkbd_rev1_via/i2c_master.a(i2c_master.o)
                              .build/obj_crkbd_rev1_via/oled_driver.o (symbol from plugin) (i2c_init)
/opt/homebrew/Cellar/arm-none-eabi-gcc@8/8.5.0_2/lib/arm-none-eabi-gcc/8/gcc/arm-none-eabi/8.5.0/thumb/v6-m/nofp/libgcc.a(_dvmd_tls.o)
                              .build/obj_crkbd_rev1_via/./lib/pico-sdk/src/rp2_common/pico_divider/divider.o (__aeabi_idiv0)
/opt/homebrew/Cellar/arm-none-eabi-gcc@8/8.5.0_2/lib/arm-none-eabi-gcc/8/gcc/arm-none-eabi/8.5.0/thumb/v6-m/nofp/libgcc.a(_fixunssfsi.o)
                              .build/obj_crkbd_rev1_via/serial_vendor.a(serial_vendor.o) (__aeabi_f2uiz)
/opt/homebrew/Cellar/arm-none-eabi-gcc@8/8.5.0_2/lib/arm-none-eabi-gcc/8/gcc/arm-none-eabi/8.5.0/thumb/v6-m/nofp/libgcc.a(divsf3.o)
                              .build/obj_crkbd_rev1_via/serial_vendor.a(serial_vendor.o) (__aeabi_fdiv)
/opt/homebrew/Cellar/arm-none-eabi-gcc@8/8.5.0_2/lib/arm-none-eabi-gcc/8/gcc/arm-none-eabi/8.5.0/thumb/v6-m/nofp/libgcc.a(mulsf3.o)
                              .build/obj_crkbd_rev1_via/serial_vendor.a(serial_vendor.o) (__aeabi_fmul)
/opt/homebrew/Cellar/arm-none-eabi-gcc@8/8.5.0_2/lib/arm-none-eabi-gcc/8/gcc/arm-none-eabi/8.5.0/thumb/v6-m/nofp/libgcc.a(subsf3.o)
                              .build/obj_crkbd_rev1_via/serial_vendor.a(serial_vendor.o) (__aeabi_fsub)
/opt/homebrew/Cellar/arm-none-eabi-gcc@8/8.5.0_2/lib/arm-none-eabi-gcc/8/gcc/arm-none-eabi/8.5.0/thumb/v6-m/nofp/libgcc.a(fixsfsi.o)
                              /opt/homebrew/Cellar/arm-none-eabi-gcc@8/8.5.0_2/lib/arm-none-eabi-gcc/8/gcc/arm-none-eabi/8.5.0/thumb/v6-m/nofp/libgcc.a(_fixunssfsi.o) (__aeabi_f2iz)
/opt/homebrew/Cellar/arm-none-eabi-gcc@8/8.5.0_2/lib/arm-none-eabi-gcc/8/gcc/arm-none-eabi/8.5.0/thumb/v6-m/nofp/libgcc.a(floatunsisf.o)
                              .build/obj_crkbd_rev1_via/serial_vendor.a(serial_vendor.o) (__aeabi_ui2f)
/opt/homebrew/Cellar/arm-none-eabi-gcc@8/8.5.0_2/lib/arm-none-eabi-gcc/8/gcc/arm-none-eabi/8.5.0/thumb/v6-m/nofp/libgcc.a(_arm_cmpsf2.o)
                              /opt/homebrew/Cellar/arm-none-eabi-gcc@8/8.5.0_2/lib/arm-none-eabi-gcc/8/gcc/arm-none-eabi/8.5.0/thumb/v6-m/nofp/libgcc.a(_fixunssfsi.o) (__aeabi_fcmpge)
/opt/homebrew/Cellar/arm-none-eabi-gcc@8/8.5.0_2/lib/arm-none-eabi-gcc/8/gcc/arm-none-eabi/8.5.0/thumb/v6-m/nofp/libgcc.a(_clzsi2.o)
                              /opt/homebrew/Cellar/arm-none-eabi-gcc@8/8.5.0_2/lib/arm-none-eabi-gcc/8/gcc/arm-none-eabi/8.5.0/thumb/v6-m/nofp/libgcc.a(divsf3.o) (__clzsi2)
/opt/homebrew/Cellar/arm-none-eabi-gcc@8/8.5.0_2/lib/arm-none-eabi-gcc/8/gcc/arm-none-eabi/8.5.0/thumb/v6-m/nofp/libgcc.a(eqsf2.o)
                              /opt/homebrew/Cellar/arm-none-eabi-gcc@8/8.5.0_2/lib/arm-none-eabi-gcc/8/gcc/arm-none-eabi/8.5.0/thumb/v6-m/nofp/libgcc.a(_arm_cmpsf2.o) (__eqsf2)
/opt/homebrew/Cellar/arm-none-eabi-gcc@8/8.5.0_2/lib/arm-none-eabi-gcc/8/gcc/arm-none-eabi/8.5.0/thumb/v6-m/nofp/libgcc.a(gesf2.o)
                              /opt/homebrew/Cellar/arm-none-eabi-gcc@8/8.5.0_2/lib/arm-none-eabi-gcc/8/gcc/arm-none-eabi/8.5.0/thumb/v6-m/nofp/libgcc.a(_arm_cmpsf2.o) (__gesf2)
/opt/homebrew/Cellar/arm-none-eabi-gcc@8/8.5.0_2/lib/arm-none-eabi-gcc/8/gcc/arm-none-eabi/8.5.0/thumb/v6-m/nofp/libgcc.a(lesf2.o)
                              /opt/homebrew/Cellar/arm-none-eabi-gcc@8/8.5.0_2/lib/arm-none-eabi-gcc/8/gcc/arm-none-eabi/8.5.0/thumb/v6-m/nofp/libgcc.a(_arm_cmpsf2.o) (__lesf2)
/opt/homebrew/Cellar/arm-none-eabi-gcc@8/8.5.0_2/lib/arm-none-eabi-gcc/8/gcc/arm-none-eabi/8.5.0/../../../../../../arm-none-eabi/lib/thumb/v6-m/nofp/libg_nano.a(lib_a-ctype_.o)
                              .build/obj_crkbd_rev1_via/quantum/send_string/send_string.o (symbol from plugin) (_ctype_)
/opt/homebrew/Cellar/arm-none-eabi-gcc@8/8.5.0_2/lib/arm-none-eabi-gcc/8/gcc/arm-none-eabi/8.5.0/../../../../../../arm-none-eabi/lib/thumb/v6-m/nofp/libg_nano.a(lib_a-errno.o)
                              .build/obj_crkbd_rev1_via/platforms/chibios/syscall-fallbacks.o (symbol from plugin) (__errno)
/opt/homebrew/Cellar/arm-none-eabi-gcc@8/8.5.0_2/lib/arm-none-eabi-gcc/8/gcc/arm-none-eabi/8.5.0/../../../../../../arm-none-eabi/lib/thumb/v6-m/nofp/libg_nano.a(lib_a-impure.o)
                              /opt/homebrew/Cellar/arm-none-eabi-gcc@8/8.5.0_2/lib/arm-none-eabi-gcc/8/gcc/arm-none-eabi/8.5.0/../../../../../../arm-none-eabi/lib/thumb/v6-m/nofp/libg_nano.a(lib_a-errno.o) (_impure_ptr)
[...]
Memory Configuration

Name             Origin             Length             Attributes
flash0           0x00000000         0x00004000         xr
flash1           0x10000000         0x00200000         xr
flash2           0x00000000         0x00000000         xr
flash3           0x00000000         0x00000000         xr
flash4           0x00000000         0x00000000         xr
flash5           0x00000000         0x00000000         xr
flash6           0x00000000         0x00000000         xr
flash7           0x00000000         0x00000000         xr
ram0             0x20000000         0x00040000         xw
ram1             0x00000000         0x00040000         xw
ram2             0x00000000         0x00000000         xw
ram3             0x00000000         0x00000000         xw
ram4             0x20040000         0x00001000         xw
ram5             0x20041000         0x00001000         xw
ram6             0x00000000         0x00000000         xw
ram7             0x20041f00         0x00000100         xw
*default*        0x00000000         0xffffffff

Linker script and memory map

LOAD .build/obj_crkbd_rev1_via/keyboards/crkbd/crkbd.o
LOAD /var/folders/tr/p8fgs8cd4pn1v7l1rzxd4yfr0000gn/T//ccgyOZ3Gdebugobj
LOAD /var/folders/tr/p8fgs8cd4pn1v7l1rzxd4yfr0000gn/T//ccLV2jr4.ltrans0.ltrans.o
LOAD /var/folders/tr/p8fgs8cd4pn1v7l1rzxd4yfr0000gn/T//ccLV2jr4.ltrans1.ltrans.o
LOAD .build/obj_crkbd_rev1_via/.build/obj_crkbd_rev1_via/src/default_keyboard.o
LOAD .build/obj_crkbd_rev1_via/quantum/keymap_introspection.o
LOAD .build/obj_crkbd_rev1_via/quantum/quantum.o
LOAD .build/obj_crkbd_rev1_via/quantum/bitwise.o
LOAD .build/obj_crkbd_rev1_via/quantum/led.o
LOAD .build/obj_crkbd_rev1_via/quantum/action.o
LOAD .build/obj_crkbd_rev1_via/quantum/action_layer.o
LOAD .build/obj_crkbd_rev1_via/quantum/action_tapping.o
LOAD .build/obj_crkbd_rev1_via/quantum/action_util.o
LOAD .build/obj_crkbd_rev1_via/quantum/eeconfig.o
LOAD .build/obj_crkbd_rev1_via/quantum/keyboard.o
LOAD .build/obj_crkbd_rev1_via/quantum/keymap_common.o
LOAD .build/obj_crkbd_rev1_via/quantum/keycode_config.o
LOAD .build/obj_crkbd_rev1_via/quantum/sync_timer.o
LOAD .build/obj_crkbd_rev1_via/quantum/logging/debug.o
LOAD .build/obj_crkbd_rev1_via/quantum/logging/sendchar.o
LOAD .build/obj_crkbd_rev1_via/quantum/logging/print.o
LOAD .build/obj_crkbd_rev1_via/quantum/matrix_common.o
LOAD .build/obj_crkbd_rev1_via/quantum/matrix.o
LOAD .build/obj_crkbd_rev1_via/quantum/debounce/sym_defer_g.o
LOAD .build/obj_crkbd_rev1_via/quantum/split_common/split_util.o
LOAD .build/obj_crkbd_rev1_via/quantum/split_common/transport.o
LOAD .build/obj_crkbd_rev1_via/quantum/split_common/transactions.o
LOAD .build/obj_crkbd_rev1_via/quantum/main.o
LOAD .build/obj_crkbd_rev1_via/printf.o
LOAD .build/obj_crkbd_rev1_via/eeprom_driver.o
LOAD .build/obj_crkbd_rev1_via/eeprom_wear_leveling.o
LOAD .build/obj_crkbd_rev1_via/wear_leveling.o
LOAD .build/obj_crkbd_rev1_via/wear_leveling_rp2040_flash.o
LOAD .build/obj_crkbd_rev1_via/quantum/color.o
LOAD .build/obj_crkbd_rev1_via/quantum/rgblight/rgblight.o
LOAD .build/obj_crkbd_rev1_via/quantum/rgblight/rgblight_drivers.o
LOAD .build/obj_crkbd_rev1_via/quantum/process_keycode/process_rgb.o
LOAD .build/obj_crkbd_rev1_via/quantum/led_tables.o
LOAD .build/obj_crkbd_rev1_via/qmk_fnv_type_validation.o
LOAD .build/obj_crkbd_rev1_via/hash_32a.o
LOAD .build/obj_crkbd_rev1_via/hash_64a.o
LOAD .build/obj_crkbd_rev1_via/oled_driver.o
LOAD .build/obj_crkbd_rev1_via/ws2812_vendor.o
LOAD .build/obj_crkbd_rev1_via/quantum/bootmagic/bootmagic.o
LOAD .build/obj_crkbd_rev1_via/quantum/crc.o
LOAD .build/obj_crkbd_rev1_via/quantum/dynamic_keymap.o
LOAD .build/obj_crkbd_rev1_via/quantum/process_keycode/process_grave_esc.o
LOAD .build/obj_crkbd_rev1_via/quantum/process_keycode/process_magic.o
LOAD .build/obj_crkbd_rev1_via/quantum/send_string/send_string.o
LOAD .build/obj_crkbd_rev1_via/quantum/process_keycode/process_space_cadet.o
LOAD .build/obj_crkbd_rev1_via/quantum/process_keycode/process_tri_layer.o
LOAD .build/obj_crkbd_rev1_via/quantum/tri_layer.o
LOAD .build/obj_crkbd_rev1_via/quantum/via.o
LOAD .build/obj_crkbd_rev1_via/protocol/host.o
LOAD .build/obj_crkbd_rev1_via/protocol/report.o
LOAD .build/obj_crkbd_rev1_via/protocol/usb_device_state.o
LOAD .build/obj_crkbd_rev1_via/protocol/usb_util.o
LOAD .build/obj_crkbd_rev1_via/platforms/suspend.o
LOAD .build/obj_crkbd_rev1_via/platforms/synchronization_util.o
LOAD .build/obj_crkbd_rev1_via/platforms/timer.o
LOAD .build/obj_crkbd_rev1_via/platforms/chibios/hardware_id.o
LOAD .build/obj_crkbd_rev1_via/platforms/chibios/platform.o
LOAD .build/obj_crkbd_rev1_via/platforms/chibios/suspend.o
LOAD .build/obj_crkbd_rev1_via/platforms/chibios/timer.o
LOAD .build/obj_crkbd_rev1_via/platforms/chibios/bootloaders/rp2040.o
LOAD .build/obj_crkbd_rev1_via/serial_protocol.a
LOAD .build/obj_crkbd_rev1_via/serial_vendor.a
LOAD .build/obj_crkbd_rev1_via/i2c_master.a
LOAD .build/obj_crkbd_rev1_via/./lib/chibios/os/common/startup/ARMCMx/compilers/GCC/crt0_v6m.o
LOAD .build/obj_crkbd_rev1_via/./lib/chibios/os/common/startup/ARMCMx/compilers/GCC/vectors.o
LOAD .build/obj_crkbd_rev1_via/./lib/chibios/os/common/ports/ARMv6-M-RP2/compilers/GCC/chcoreasm.o
LOAD .build/obj_crkbd_rev1_via/protocol/chibios/usb_main.o
LOAD .build/obj_crkbd_rev1_via/protocol/chibios/chibios.o
LOAD .build/obj_crkbd_rev1_via/usb_descriptor.o
LOAD .build/obj_crkbd_rev1_via/protocol/chibios/usb_driver.o
LOAD .build/obj_crkbd_rev1_via/protocol/chibios/usb_util.o
LOAD .build/obj_crkbd_rev1_via/./lib/chibios/os/oslib/src/chmboxes.o
LOAD .build/obj_crkbd_rev1_via/./lib/chibios/os/oslib/src/chmemcore.o
LOAD .build/obj_crkbd_rev1_via/./lib/chibios/os/oslib/src/chmemheaps.o
LOAD .build/obj_crkbd_rev1_via/./lib/chibios/os/oslib/src/chmempools.o
LOAD .build/obj_crkbd_rev1_via/./lib/chibios/os/oslib/src/chpipes.o
LOAD .build/obj_crkbd_rev1_via/./lib/chibios/os/oslib/src/chobjcaches.o
LOAD .build/obj_crkbd_rev1_via/./lib/chibios/os/oslib/src/chdelegates.o
LOAD .build/obj_crkbd_rev1_via/./lib/chibios/os/oslib/src/chfactory.o
LOAD .build/obj_crkbd_rev1_via/lib/chibios/os/common/startup/ARMCMx/compilers/GCC/crt1.o
LOAD .build/obj_crkbd_rev1_via/lib/chibios/os/rt/src/chsys.o
LOAD .build/obj_crkbd_rev1_via/lib/chibios/os/rt/src/chrfcu.o
LOAD .build/obj_crkbd_rev1_via/lib/chibios/os/rt/src/chdebug.o
LOAD .build/obj_crkbd_rev1_via/lib/chibios/os/rt/src/chtrace.o
LOAD .build/obj_crkbd_rev1_via/lib/chibios/os/rt/src/chvt.o
LOAD .build/obj_crkbd_rev1_via/lib/chibios/os/rt/src/chschd.o
LOAD .build/obj_crkbd_rev1_via/lib/chibios/os/rt/src/chinstances.o
LOAD .build/obj_crkbd_rev1_via/lib/chibios/os/rt/src/chthreads.o
LOAD .build/obj_crkbd_rev1_via/lib/chibios/os/rt/src/chtm.o
LOAD .build/obj_crkbd_rev1_via/lib/chibios/os/rt/src/chstats.o
LOAD .build/obj_crkbd_rev1_via/lib/chibios/os/rt/src/chregistry.o
LOAD .build/obj_crkbd_rev1_via/lib/chibios/os/rt/src/chsem.o
LOAD .build/obj_crkbd_rev1_via/lib/chibios/os/rt/src/chmtx.o
LOAD .build/obj_crkbd_rev1_via/lib/chibios/os/rt/src/chcond.o
LOAD .build/obj_crkbd_rev1_via/lib/chibios/os/rt/src/chevents.o
LOAD .build/obj_crkbd_rev1_via/lib/chibios/os/rt/src/chmsg.o
LOAD .build/obj_crkbd_rev1_via/lib/chibios/os/rt/src/chdynamic.o
LOAD .build/obj_crkbd_rev1_via/lib/chibios/os/common/ports/ARMv6-M-RP2/chcore.o
LOAD .build/obj_crkbd_rev1_via/lib/chibios/os/hal/osal/rt-nil/osal.o
LOAD .build/obj_crkbd_rev1_via/lib/chibios/os/hal/src/hal.o
LOAD .build/obj_crkbd_rev1_via/lib/chibios/os/hal/src/hal_st.o
LOAD .build/obj_crkbd_rev1_via/lib/chibios/os/hal/src/hal_buffers.o
LOAD .build/obj_crkbd_rev1_via/lib/chibios/os/hal/src/hal_queues.o
LOAD .build/obj_crkbd_rev1_via/lib/chibios/os/hal/src/hal_flash.o
LOAD .build/obj_crkbd_rev1_via/lib/chibios/os/hal/src/hal_mmcsd.o
LOAD .build/obj_crkbd_rev1_via/lib/chibios/os/hal/src/hal_adc.o
LOAD .build/obj_crkbd_rev1_via/lib/chibios/os/hal/src/hal_can.o
LOAD .build/obj_crkbd_rev1_via/lib/chibios/os/hal/src/hal_crypto.o
LOAD .build/obj_crkbd_rev1_via/lib/chibios/os/hal/src/hal_dac.o
LOAD .build/obj_crkbd_rev1_via/lib/chibios/os/hal/src/hal_efl.o
LOAD .build/obj_crkbd_rev1_via/lib/chibios/os/hal/src/hal_gpt.o
LOAD .build/obj_crkbd_rev1_via/lib/chibios/os/hal/src/hal_i2c.o
LOAD .build/obj_crkbd_rev1_via/lib/chibios/os/hal/src/hal_i2s.o
LOAD .build/obj_crkbd_rev1_via/lib/chibios/os/hal/src/hal_icu.o
LOAD .build/obj_crkbd_rev1_via/lib/chibios/os/hal/src/hal_mac.o
LOAD .build/obj_crkbd_rev1_via/lib/chibios/os/hal/src/hal_mmc_spi.o
LOAD .build/obj_crkbd_rev1_via/lib/chibios/os/hal/src/hal_pal.o
LOAD .build/obj_crkbd_rev1_via/lib/chibios/os/hal/src/hal_pwm.o
LOAD .build/obj_crkbd_rev1_via/lib/chibios/os/hal/src/hal_rtc.o
LOAD .build/obj_crkbd_rev1_via/lib/chibios/os/hal/src/hal_sdc.o
LOAD .build/obj_crkbd_rev1_via/lib/chibios/os/hal/src/hal_serial.o
LOAD .build/obj_crkbd_rev1_via/lib/chibios/os/hal/src/hal_serial_usb.o
LOAD .build/obj_crkbd_rev1_via/lib/chibios/os/hal/src/hal_sio.o
LOAD .build/obj_crkbd_rev1_via/lib/chibios/os/hal/src/hal_spi.o
LOAD .build/obj_crkbd_rev1_via/lib/chibios/os/hal/src/hal_trng.o
LOAD .build/obj_crkbd_rev1_via/lib/chibios/os/hal/src/hal_uart.o
LOAD .build/obj_crkbd_rev1_via/lib/chibios/os/hal/src/hal_usb.o
LOAD .build/obj_crkbd_rev1_via/lib/chibios/os/hal/src/hal_wdg.o
LOAD .build/obj_crkbd_rev1_via/lib/chibios/os/hal/src/hal_wspi.o
LOAD .build/obj_crkbd_rev1_via/lib/chibios/os/hal/ports/common/ARMCMx/nvic.o
LOAD .build/obj_crkbd_rev1_via/lib/chibios/os/hal/ports/RP/RP2040/rp_isr.o
LOAD .build/obj_crkbd_rev1_via/lib/chibios/os/hal/ports/RP/RP2040/hal_lld.o
LOAD .build/obj_crkbd_rev1_via/lib/chibios/os/hal/ports/RP/LLD/DMAv1/rp_dma.o
LOAD .build/obj_crkbd_rev1_via/lib/chibios/os/hal/ports/RP/LLD/GPIOv1/hal_pal_lld.o
LOAD .build/obj_crkbd_rev1_via/lib/chibios/os/hal/ports/RP/LLD/SPIv1/hal_spi_lld.o
LOAD .build/obj_crkbd_rev1_via/lib/chibios/os/hal/ports/RP/LLD/TIMERv1/hal_st_lld.o
LOAD .build/obj_crkbd_rev1_via/lib/chibios/os/hal/ports/RP/LLD/UARTv1/hal_sio_lld.o
LOAD .build/obj_crkbd_rev1_via/lib/chibios/os/hal/ports/RP/LLD/RTCv1/hal_rtc_lld.o
LOAD .build/obj_crkbd_rev1_via/lib/chibios/os/hal/ports/RP/LLD/WDGv1/hal_wdg_lld.o
LOAD .build/obj_crkbd_rev1_via/lib/chibios-contrib/os/hal/ports/RP/LLD/I2Cv1/hal_i2c_lld.o
LOAD .build/obj_crkbd_rev1_via/lib/chibios-contrib/os/hal/ports/RP/LLD/PWMv1/hal_pwm_lld.o
LOAD .build/obj_crkbd_rev1_via/lib/chibios-contrib/os/hal/ports/RP/LLD/ADCv1/hal_adc_lld.o
LOAD .build/obj_crkbd_rev1_via/lib/chibios-contrib/os/hal/ports/RP/LLD/USBDv1/hal_usb_lld.o
LOAD .build/obj_crkbd_rev1_via/lib/chibios/os/hal/boards/RP_PICO_RP2040/board.o
LOAD .build/obj_crkbd_rev1_via/lib/chibios/os/hal/lib/streams/chprintf.o
LOAD .build/obj_crkbd_rev1_via/lib/chibios/os/hal/lib/streams/chscanf.o
LOAD .build/obj_crkbd_rev1_via/lib/chibios/os/hal/lib/streams/memstreams.o
LOAD .build/obj_crkbd_rev1_via/lib/chibios/os/hal/lib/streams/nullstreams.o
LOAD .build/obj_crkbd_rev1_via/lib/chibios/os/hal/lib/streams/bufstreams.o
LOAD .build/obj_crkbd_rev1_via/lib/chibios/os/various/syscalls.o
LOAD .build/obj_crkbd_rev1_via/platforms/chibios/syscall-fallbacks.o
LOAD .build/obj_crkbd_rev1_via/platforms/chibios/wait.o
LOAD .build/obj_crkbd_rev1_via/platforms/chibios/synchronization_util.o
LOAD .build/obj_crkbd_rev1_via/platforms/chibios/interrupt_handlers.o
LOAD .build/obj_crkbd_rev1_via/./lib/pico-sdk/src/rp2_common/hardware_clocks/clocks.o
LOAD .build/obj_crkbd_rev1_via/./lib/pico-sdk/src/rp2_common/hardware_pll/pll.o
LOAD .build/obj_crkbd_rev1_via/./lib/pico-sdk/src/rp2_common/hardware_pio/pio.o
LOAD .build/obj_crkbd_rev1_via/./lib/pico-sdk/src/rp2_common/hardware_timer/timer.o
LOAD .build/obj_crkbd_rev1_via/./lib/pico-sdk/src/rp2_common/hardware_flash/flash.o
LOAD .build/obj_crkbd_rev1_via/./lib/pico-sdk/src/rp2_common/hardware_gpio/gpio.o
LOAD .build/obj_crkbd_rev1_via/./lib/pico-sdk/src/rp2_common/hardware_claim/claim.o
LOAD .build/obj_crkbd_rev1_via/./lib/pico-sdk/src/rp2_common/hardware_watchdog/watchdog.o
LOAD .build/obj_crkbd_rev1_via/./lib/pico-sdk/src/rp2_common/hardware_xosc/xosc.o
LOAD .build/obj_crkbd_rev1_via/./lib/pico-sdk/src/rp2_common/pico_bootrom/bootrom.o
LOAD .build/obj_crkbd_rev1_via/platforms/chibios/vendors/RP/stage2_bootloaders.o
LOAD .build/obj_crkbd_rev1_via/platforms/chibios/vendors/RP/pico_sdk_shims.o
LOAD .build/obj_crkbd_rev1_via/./lib/pico-sdk/src/rp2_common/pico_divider/divider.o
LOAD .build/obj_crkbd_rev1_via/./lib/pico-sdk/src/rp2_common/pico_int64_ops/pico_int64_ops_aeabi.o
                0x00000800                        __process_stack_size__ = 0x800
                0x00000400                        __main_stack_size__ = 0x400
LOAD /opt/homebrew/Cellar/arm-none-eabi-gcc@8/8.5.0_2/lib/arm-none-eabi-gcc/8/gcc/arm-none-eabi/8.5.0/../../../../../../arm-none-eabi/lib/thumb/v6-m/nofp/libm.a
START GROUP
LOAD /opt/homebrew/Cellar/arm-none-eabi-gcc@8/8.5.0_2/lib/arm-none-eabi-gcc/8/gcc/arm-none-eabi/8.5.0/thumb/v6-m/nofp/libgcc.a
LOAD /opt/homebrew/Cellar/arm-none-eabi-gcc@8/8.5.0_2/lib/arm-none-eabi-gcc/8/gcc/arm-none-eabi/8.5.0/../../../../../../arm-none-eabi/lib/thumb/v6-m/nofp/libg_nano.a
LOAD /opt/homebrew/Cellar/arm-none-eabi-gcc@8/8.5.0_2/lib/arm-none-eabi-gcc/8/gcc/arm-none-eabi/8.5.0/../../../../../../arm-none-eabi/lib/thumb/v6-m/nofp/libc_nano.a
END GROUP
START GROUP
LOAD /opt/homebrew/Cellar/arm-none-eabi-gcc@8/8.5.0_2/lib/arm-none-eabi-gcc/8/gcc/arm-none-eabi/8.5.0/thumb/v6-m/nofp/libgcc.a
LOAD /opt/homebrew/Cellar/arm-none-eabi-gcc@8/8.5.0_2/lib/arm-none-eabi-gcc/8/gcc/arm-none-eabi/8.5.0/../../../../../../arm-none-eabi/lib/thumb/v6-m/nofp/libc_nano.a
END GROUP

.flash_begin    0x10000000        0x0
                0x10000000                        __flash_binary_start = .

.boot2          0x10000000      0x100
                0x10000000                        __boot2_start__ = .
 *(.boot2)
 .boot2         0x10000000      0x100 /var/folders/tr/p8fgs8cd4pn1v7l1rzxd4yfr0000gn/T//ccLV2jr4.ltrans0.ltrans.o
                0x10000000                BOOT2_ROM
                0x10000100                        __boot2_end__ = .

.mstack         0x20040000      0x400
                0x20040000                        . = ALIGN (0x8)
                0x20040000                        __main_stack_base__ = .
                0x20040400                        . = (. + __main_stack_size__)
 *fill*         0x20040000      0x400 
                0x20040400                        . = ALIGN (0x8)
                0x20040400                        __main_stack_end__ = .

.pstack         0x20040400      0x800
                0x20040400                        . = ALIGN (0x8)
                0x20040400                        __process_stack_base__ = .
                0x20040400                        __main_thread_stack_base__ = .
                0x20040c00                        . = (. + __process_stack_size__)
 *fill*         0x20040400      0x800 
                0x20040c00                        . = ALIGN (0x8)
                0x20040c00                        __process_stack_end__ = .
                0x20040c00                        __main_thread_stack_end__ = .
                0x00000400                        __c1_main_stack_size__ = __main_stack_size__
                0x00000800                        __c1_process_stack_size__ = __process_stack_size__

.c1_mstack      0x20041000      0x400
                0x20041000                        . = ALIGN (0x8)
                0x20041000                        __c1_main_stack_base__ = .
                0x20041400                        . = (. + __c1_main_stack_size__)
 *fill*         0x20041000      0x400 
                0x20041400                        . = ALIGN (0x8)
                0x20041400                        __c1_main_stack_end__ = .

.c1_pstack      0x20041400      0x800
                0x20041400                        . = ALIGN (0x8)
                0x20041400                        __c1_process_stack_base__ = .
                0x20041400                        __c1_main_thread_stack_base__ = .
                0x20041c00                        . = (. + __c1_process_stack_size__)
 *fill*         0x20041400      0x800 
                0x20041c00                        . = ALIGN (0x8)
                0x20041c00                        __c1_process_stack_end__ = .
                0x20041c00                        __c1_main_thread_stack_end__ = .

.vectors        0x10000100       0xc0
                0x10000100                        __textvectors_base__ = LOADADDR (.vectors)
                0x10000100                        __vectors_base__ = .
 *(.vectors)
 .vectors       0x10000100       0xc0 .build/obj_crkbd_rev1_via/./lib/chibios/os/common/startup/ARMCMx/compilers/GCC/vectors.o
                0x10000100                _vectors
                0x100001c0                        __vectors_end__ = .

.xtors          0x100001c0        0x0
                0x100001c0                        __init_array_base__ = .
 *(SORT_BY_NAME(.init_array.*))
 *(.init_array)
                0x100001c0                        __init_array_end__ = .
                0x100001c0                        __fini_array_base__ = .
 *(.fini_array)
 *(SORT_BY_NAME(.fini_array.*))
                0x100001c0                        __fini_array_end__ = .

.text           0x100001c0     0x9070
                0x100001c0                        __text_base__ = .
 *(.text)
 .text          0x100001c0      0x104 .build/obj_crkbd_rev1_via/./lib/chibios/os/common/startup/ARMCMx/compilers/GCC/crt0_v6m.o
                0x100001c0                _crt0_entry
 .text          0x100002c4        0x8 .build/obj_crkbd_rev1_via/./lib/chibios/os/common/startup/ARMCMx/compilers/GCC/vectors.o
                0x100002c4                Reset_Handler
                0x100002c6                Vector9C
                0x100002c6                VectorAC
                0x100002c6                DebugMon_Handler
                0x100002c6                HardFault_Handler
                0x100002c6                Vector8C
                0x100002c6                SysTick_Handler
                0x100002c6                PendSV_Handler
                0x100002c6                Vector94
                0x100002c6                VectorA8
                0x100002c6                VectorB4
                0x100002c6                Vector74
                0x100002c6                UsageFault_Handler
                0x100002c6                VectorBC
                0x100002c6                Vector64
                0x100002c6                Vector24
                0x100002c6                Vector84
                0x100002c6                SecureFault_Handler
                0x100002c6                MemManage_Handler
                0x100002c6                SVC_Handler
                0x100002c6                VectorB0
                0x100002c6                Vector90
                0x100002c6                Vector60
                0x100002c6                Vector68
                0x100002c6                Vector78
                0x100002c6                Vector20
                0x100002c6                Vector58
                0x100002c6                Vector88
                0x100002c6                BusFault_Handler
                0x100002c6                Vector50
                0x100002c6                Vector28
                0x100002c6                VectorB8
                0x100002c6                Vector34
                0x100002c6                VectorA4
                0x100002ca                _unhandled_exception
 .text          0x100002cc       0x48 .build/obj_crkbd_rev1_via/./lib/chibios/os/common/ports/ARMv6-M-RP2/compilers/GCC/chcoreasm.o
                0x100002cc                __port_switch
                0x100002ec                __port_thread_start
                0x100002fe                __port_switch_from_isr
                0x10000302                __port_exit_from_isr
 .text          0x10000314        0x4 /opt/homebrew/Cellar/arm-none-eabi-gcc@8/8.5.0_2/lib/arm-none-eabi-gcc/8/gcc/arm-none-eabi/8.5.0/thumb/v6-m/nofp/libgcc.a(_dvmd_tls.o)
                0x10000314                __aeabi_ldiv0
                0x10000314                __aeabi_idiv0
 .text          0x10000318       0x30 /opt/homebrew/Cellar/arm-none-eabi-gcc@8/8.5.0_2/lib/arm-none-eabi-gcc/8/gcc/arm-none-eabi/8.5.0/thumb/v6-m/nofp/libgcc.a(_fixunssfsi.o)
                0x10000318                __aeabi_f2uiz
                0x10000318                __fixunssfsi
 .text          0x10000348      0x230 /opt/homebrew/Cellar/arm-none-eabi-gcc@8/8.5.0_2/lib/arm-none-eabi-gcc/8/gcc/arm-none-eabi/8.5.0/thumb/v6-m/nofp/libgcc.a(divsf3.o)
                0x10000348                __aeabi_fdiv
 .text          0x10000578      0x22c /opt/homebrew/Cellar/arm-none-eabi-gcc@8/8.5.0_2/lib/arm-none-eabi-gcc/8/gcc/arm-none-eabi/8.5.0/thumb/v6-m/nofp/libgcc.a(mulsf3.o)
                0x10000578                __aeabi_fmul
 .text          0x100007a4      0x344 /opt/homebrew/Cellar/arm-none-eabi-gcc@8/8.5.0_2/lib/arm-none-eabi-gcc/8/gcc/arm-none-eabi/8.5.0/thumb/v6-m/nofp/libgcc.a(subsf3.o)
                0x100007a4                __aeabi_fsub
 .text          0x10000ae8       0x40 /opt/homebrew/Cellar/arm-none-eabi-gcc@8/8.5.0_2/lib/arm-none-eabi-gcc/8/gcc/arm-none-eabi/8.5.0/thumb/v6-m/nofp/libgcc.a(fixsfsi.o)
                0x10000ae8                __aeabi_f2iz
 .text          0x10000b28       0x80 /opt/homebrew/Cellar/arm-none-eabi-gcc@8/8.5.0_2/lib/arm-none-eabi-gcc/8/gcc/arm-none-eabi/8.5.0/thumb/v6-m/nofp/libgcc.a(floatunsisf.o)
                0x10000b28                __aeabi_ui2f
 .text          0x10000ba8       0x74 /opt/homebrew/Cellar/arm-none-eabi-gcc@8/8.5.0_2/lib/arm-none-eabi-gcc/8/gcc/arm-none-eabi/8.5.0/thumb/v6-m/nofp/libgcc.a(_arm_cmpsf2.o)
                0x10000ba8                __aeabi_cfrcmple
                0x10000bb0                __aeabi_cfcmple
                0x10000bb0                __aeabi_cfcmpeq
                0x10000bc0                __aeabi_fcmpeq
                0x10000bcc                __aeabi_fcmplt
                0x10000be0                __aeabi_fcmple
                0x10000bf4                __aeabi_fcmpgt
                0x10000c08                __aeabi_fcmpge
 .text          0x10000c1c       0x3c /opt/homebrew/Cellar/arm-none-eabi-gcc@8/8.5.0_2/lib/arm-none-eabi-gcc/8/gcc/arm-none-eabi/8.5.0/thumb/v6-m/nofp/libgcc.a(_clzsi2.o)
                0x10000c1c                __clzsi2
 .text          0x10000c58       0x50 /opt/homebrew/Cellar/arm-none-eabi-gcc@8/8.5.0_2/lib/arm-none-eabi-gcc/8/gcc/arm-none-eabi/8.5.0/thumb/v6-m/nofp/libgcc.a(eqsf2.o)
                0x10000c58                __nesf2
                0x10000c58                __eqsf2
 .text          0x10000ca8       0x98 /opt/homebrew/Cellar/arm-none-eabi-gcc@8/8.5.0_2/lib/arm-none-eabi-gcc/8/gcc/arm-none-eabi/8.5.0/thumb/v6-m/nofp/libgcc.a(gesf2.o)
                0x10000ca8                __gtsf2
                0x10000ca8                __gesf2
 .text          0x10000d40       0x94 /opt/homebrew/Cellar/arm-none-eabi-gcc@8/8.5.0_2/lib/arm-none-eabi-gcc/8/gcc/arm-none-eabi/8.5.0/thumb/v6-m/nofp/libgcc.a(lesf2.o)
                0x10000d40                __lesf2
                0x10000d40                __ltsf2
 .text          0x10000dd4       0x14 /opt/homebrew/Cellar/arm-none-eabi-gcc@8/8.5.0_2/lib/arm-none-eabi-gcc/8/gcc/arm-none-eabi/8.5.0/thumb/v6-m/nofp/libgcc.a(_thumb1_case_sqi.o)
                0x10000dd4                __gnu_thumb1_case_sqi
 .text          0x10000de8       0x14 /opt/homebrew/Cellar/arm-none-eabi-gcc@8/8.5.0_2/lib/arm-none-eabi-gcc/8/gcc/arm-none-eabi/8.5.0/thumb/v6-m/nofp/libgcc.a(_thumb1_case_uqi.o)
                0x10000de8                __gnu_thumb1_case_uqi
 .text          0x10000dfc       0x14 /opt/homebrew/Cellar/arm-none-eabi-gcc@8/8.5.0_2/lib/arm-none-eabi-gcc/8/gcc/arm-none-eabi/8.5.0/thumb/v6-m/nofp/libgcc.a(_thumb1_case_shi.o)
                0x10000dfc                __gnu_thumb1_case_shi
 .text          0x10000e10       0x14 /opt/homebrew/Cellar/arm-none-eabi-gcc@8/8.5.0_2/lib/arm-none-eabi-gcc/8/gcc/arm-none-eabi/8.5.0/thumb/v6-m/nofp/libgcc.a(_thumb1_case_uhi.o)
                0x10000e10                __gnu_thumb1_case_uhi
 .text          0x10000e24       0x40 /opt/homebrew/Cellar/arm-none-eabi-gcc@8/8.5.0_2/lib/arm-none-eabi-gcc/8/gcc/arm-none-eabi/8.5.0/thumb/v6-m/nofp/libgcc.a(_ctzsi2.o)
                0x10000e24                __ctzsi2
 .text          0x10000e64       0xa8 /opt/homebrew/Cellar/arm-none-eabi-gcc@8/8.5.0_2/lib/arm-none-eabi-gcc/8/gcc/arm-none-eabi/8.5.0/../../../../../../arm-none-eabi/lib/thumb/v6-m/nofp/libg_nano.a(lib_a-memcpy-stub.o)
                0x10000e64                memcpy
 .text          0x10000f0c       0x80 /opt/homebrew/Cellar/arm-none-eabi-gcc@8/8.5.0_2/lib/arm-none-eabi-gcc/8/gcc/arm-none-eabi/8.5.0/../../../../../../arm-none-eabi/lib/thumb/v6-m/nofp/libg_nano.a(lib_a-memchr-stub.o)
                0x10000f0c                memchr
 .text          0x10000f8c       0xa8 /opt/homebrew/Cellar/arm-none-eabi-gcc@8/8.5.0_2/lib/arm-none-eabi-gcc/8/gcc/arm-none-eabi/8.5.0/../../../../../../arm-none-eabi/lib/thumb/v6-m/nofp/libg_nano.a(lib_a-memset.o)
                0x10000f8c                memset
 .text          0x10001034       0x50 /opt/homebrew/Cellar/arm-none-eabi-gcc@8/8.5.0_2/lib/arm-none-eabi-gcc/8/gcc/arm-none-eabi/8.5.0/../../../../../../arm-none-eabi/lib/thumb/v6-m/nofp/libg_nano.a(lib_a-memcmp.o)
                0x10001034                memcmp
 .text          0x10001084       0x68 /opt/homebrew/Cellar/arm-none-eabi-gcc@8/8.5.0_2/lib/arm-none-eabi-gcc/8/gcc/arm-none-eabi/8.5.0/../../../../../../arm-none-eabi/lib/thumb/v6-m/nofp/libg_nano.a(lib_a-strlen-stub.o)
                0x10001084                strlen
 *(.text.*)
 .text.chSysHalt
                0x100010ec       0x24 /var/folders/tr/p8fgs8cd4pn1v7l1rzxd4yfr0000gn/T//ccLV2jr4.ltrans0.ltrans.o
 .text.waiting_buffer_typed.isra.2.constprop.115
                0x10001110       0x40 /var/folders/tr/p8fgs8cd4pn1v7l1rzxd4yfr0000gn/T//ccLV2jr4.ltrans0.ltrans.o
 .text.crc8.constprop.104
                0x10001150       0x2c /var/folders/tr/p8fgs8cd4pn1v7l1rzxd4yfr0000gn/T//ccLV2jr4.ltrans0.ltrans.o
 .text.clock_configure.part.0.constprop.59
                0x1000117c       0xc4 /var/folders/tr/p8fgs8cd4pn1v7l1rzxd4yfr0000gn/T//ccLV2jr4.ltrans0.ltrans.o
 .text._usb_wakeup.constprop.6
                0x10001240       0x24 /var/folders/tr/p8fgs8cd4pn1v7l1rzxd4yfr0000gn/T//ccLV2jr4.ltrans0.ltrans.o
 .text.clocks_init
                0x10001264      0x198 /var/folders/tr/p8fgs8cd4pn1v7l1rzxd4yfr0000gn/T//ccLV2jr4.ltrans0.ltrans.o
 .text.usb_prepare_out_ep
                0x100013fc       0x90 /var/folders/tr/p8fgs8cd4pn1v7l1rzxd4yfr0000gn/T//ccLV2jr4.ltrans0.ltrans.o
 .text.usb_isochronous_buffer_size
                0x1000148c       0x44 /var/folders/tr/p8fgs8cd4pn1v7l1rzxd4yfr0000gn/T//ccLV2jr4.ltrans0.ltrans.o
 .text.hal_lld_peripheral_unreset.lto_priv.148
                0x100014d0       0x14 /var/folders/tr/p8fgs8cd4pn1v7l1rzxd4yfr0000gn/T//ccLV2jr4.ltrans0.ltrans.o
 .text.port_unlock.lto_priv.155
                0x100014e4       0x12 /var/folders/tr/p8fgs8cd4pn1v7l1rzxd4yfr0000gn/T//ccLV2jr4.ltrans0.ltrans.o
 .text.port_lock.lto_priv.176
                0x100014f6       0x16 /var/folders/tr/p8fgs8cd4pn1v7l1rzxd4yfr0000gn/T//ccLV2jr4.ltrans0.ltrans.o
 .text.i2c_lld_disableS
                0x1000150c       0x64 /var/folders/tr/p8fgs8cd4pn1v7l1rzxd4yfr0000gn/T//ccLV2jr4.ltrans0.ltrans.o
 .text.serve_interrupt
                0x10001570       0x28 /var/folders/tr/p8fgs8cd4pn1v7l1rzxd4yfr0000gn/T//ccLV2jr4.ltrans0.ltrans.o
 .text.usbStartReceiveI
                0x10001598       0x42 /var/folders/tr/p8fgs8cd4pn1v7l1rzxd4yfr0000gn/T//ccLV2jr4.ltrans0.ltrans.o
 *fill*         0x100015da        0x2 
 .text.set_address
                0x100015dc       0x30 /var/folders/tr/p8fgs8cd4pn1v7l1rzxd4yfr0000gn/T//ccLV2jr4.ltrans0.ltrans.o
 .text.obqPostFullBufferS
                0x1000160c       0x2a /var/folders/tr/p8fgs8cd4pn1v7l1rzxd4yfr0000gn/T//ccLV2jr4.ltrans0.ltrans.o
 .text.obqGetFullBufferI
                0x10001636       0x1c /var/folders/tr/p8fgs8cd4pn1v7l1rzxd4yfr0000gn/T//ccLV2jr4.ltrans0.ltrans.o
 .text.ibqReleaseEmptyBufferS
                0x10001652       0x28 /var/folders/tr/p8fgs8cd4pn1v7l1rzxd4yfr0000gn/T//ccLV2jr4.ltrans0.ltrans.o
 .text.ch_sch_prio_insert
                0x1000167a       0x1e /var/folders/tr/p8fgs8cd4pn1v7l1rzxd4yfr0000gn/T//ccLV2jr4.ltrans0.ltrans.o
 .text.__idle_thread
                0x10001698        0x4 /var/folders/tr/p8fgs8cd4pn1v7l1rzxd4yfr0000gn/T//ccLV2jr4.ltrans0.ltrans.o
 .text.__sch_ready_ahead
                0x1000169c       0x1c /var/folders/tr/p8fgs8cd4pn1v7l1rzxd4yfr0000gn/T//ccLV2jr4.ltrans0.ltrans.o
 .text.__sch_ready_behind
                0x100016b8       0x1c /var/folders/tr/p8fgs8cd4pn1v7l1rzxd4yfr0000gn/T//ccLV2jr4.ltrans0.ltrans.o
 .text.__sch_wakeup
                0x100016d4       0x42 /var/folders/tr/p8fgs8cd4pn1v7l1rzxd4yfr0000gn/T//ccLV2jr4.ltrans0.ltrans.o
 *fill*         0x10001716        0x2 
 .text.chSchReadyI
                0x10001718       0x2c /var/folders/tr/p8fgs8cd4pn1v7l1rzxd4yfr0000gn/T//ccLV2jr4.ltrans0.ltrans.o
 .text.chThdDequeueAllI.constprop.25
                0x10001744       0x1e /var/folders/tr/p8fgs8cd4pn1v7l1rzxd4yfr0000gn/T//ccLV2jr4.ltrans0.ltrans.o
 .text.chEvtBroadcastFlagsI
                0x10001762       0x4a /var/folders/tr/p8fgs8cd4pn1v7l1rzxd4yfr0000gn/T//ccLV2jr4.ltrans0.ltrans.o
 .text.vt_insert_first
                0x100017ac       0x78 /var/folders/tr/p8fgs8cd4pn1v7l1rzxd4yfr0000gn/T//ccLV2jr4.ltrans0.ltrans.o
 .text.vt_set_alarm
                0x10001824       0x4c /var/folders/tr/p8fgs8cd4pn1v7l1rzxd4yfr0000gn/T//ccLV2jr4.ltrans0.ltrans.o
 .text.chVTDoResetI
                0x10001870       0x80 /var/folders/tr/p8fgs8cd4pn1v7l1rzxd4yfr0000gn/T//ccLV2jr4.ltrans0.ltrans.o
 .text.ch_dlist_insert
                0x100018f0       0x2a /var/folders/tr/p8fgs8cd4pn1v7l1rzxd4yfr0000gn/T//ccLV2jr4.ltrans0.ltrans.o
 *fill*         0x1000191a        0x2 
 .text.chVTDoTickI
                0x1000191c       0xcc /var/folders/tr/p8fgs8cd4pn1v7l1rzxd4yfr0000gn/T//ccLV2jr4.ltrans0.ltrans.o
 .text.vt_enqueue
                0x100019e8       0x44 /var/folders/tr/p8fgs8cd4pn1v7l1rzxd4yfr0000gn/T//ccLV2jr4.ltrans0.ltrans.o
 .text.chVTSetI.constprop.31
                0x10001a2c       0x44 /var/folders/tr/p8fgs8cd4pn1v7l1rzxd4yfr0000gn/T//ccLV2jr4.ltrans0.ltrans.o
 .text.dummy_usb_cb
                0x10001a70        0x2 /var/folders/tr/p8fgs8cd4pn1v7l1rzxd4yfr0000gn/T//ccLV2jr4.ltrans0.ltrans.o
 .text.qmkusbInterruptTransmitted
                0x10001a72        0x2 /var/folders/tr/p8fgs8cd4pn1v7l1rzxd4yfr0000gn/T//ccLV2jr4.ltrans0.ltrans.o
 .text.qmkusb_start_receive
                0x10001a74       0x46 /var/folders/tr/p8fgs8cd4pn1v7l1rzxd4yfr0000gn/T//ccLV2jr4.ltrans0.ltrans.o
 .text.qmkusbDataReceived
                0x10001aba       0x68 /var/folders/tr/p8fgs8cd4pn1v7l1rzxd4yfr0000gn/T//ccLV2jr4.ltrans0.ltrans.o
 .text.ibnotify
                0x10001b22        0xa /var/folders/tr/p8fgs8cd4pn1v7l1rzxd4yfr0000gn/T//ccLV2jr4.ltrans0.ltrans.o
 .text.rgblight_effect_dummy
                0x10001b2c        0x2 /var/folders/tr/p8fgs8cd4pn1v7l1rzxd4yfr0000gn/T//ccLV2jr4.ltrans0.ltrans.o
 .text.send_mouse
                0x10001b2e        0x2 /var/folders/tr/p8fgs8cd4pn1v7l1rzxd4yfr0000gn/T//ccLV2jr4.ltrans0.ltrans.o
 .text.keyboard_leds
                0x10001b30        0xc /var/folders/tr/p8fgs8cd4pn1v7l1rzxd4yfr0000gn/T//ccLV2jr4.ltrans0.ltrans.o
 .text.usb_requests_hook_cb
                0x10001b3c      0x1dc /var/folders/tr/p8fgs8cd4pn1v7l1rzxd4yfr0000gn/T//ccLV2jr4.ltrans0.ltrans.o
 .text.set_led_transfer_cb
                0x10001d18       0x2c /var/folders/tr/p8fgs8cd4pn1v7l1rzxd4yfr0000gn/T//ccLV2jr4.ltrans0.ltrans.o
 .text.usb_event_queue_enqueue
                0x10001d44       0x30 /var/folders/tr/p8fgs8cd4pn1v7l1rzxd4yfr0000gn/T//ccLV2jr4.ltrans0.ltrans.o
 .text.usb_get_descriptor_cb
                0x10001d74       0x98 /var/folders/tr/p8fgs8cd4pn1v7l1rzxd4yfr0000gn/T//ccLV2jr4.ltrans0.ltrans.o
 .text.bootloader_jump
                0x10001e0c       0x1c /var/folders/tr/p8fgs8cd4pn1v7l1rzxd4yfr0000gn/T//ccLV2jr4.ltrans0.ltrans.o
 .text.timer_read32
                0x10001e28       0x7c /var/folders/tr/p8fgs8cd4pn1v7l1rzxd4yfr0000gn/T//ccLV2jr4.ltrans0.ltrans.o
 .text.del_key_from_report
                0x10001ea4       0x58 /var/folders/tr/p8fgs8cd4pn1v7l1rzxd4yfr0000gn/T//ccLV2jr4.ltrans0.ltrans.o
 .text.add_key_to_report
                0x10001efc       0x68 /var/folders/tr/p8fgs8cd4pn1v7l1rzxd4yfr0000gn/T//ccLV2jr4.ltrans0.ltrans.o
 .text.host_consumer_send
                0x10001f64       0x34 /var/folders/tr/p8fgs8cd4pn1v7l1rzxd4yfr0000gn/T//ccLV2jr4.ltrans0.ltrans.o
 .text.host_system_send
                0x10001f98       0x34 /var/folders/tr/p8fgs8cd4pn1v7l1rzxd4yfr0000gn/T//ccLV2jr4.ltrans0.ltrans.o
 .text.host_keyboard_leds
                0x10001fcc       0x20 /var/folders/tr/p8fgs8cd4pn1v7l1rzxd4yfr0000gn/T//ccLV2jr4.ltrans0.ltrans.o
 .text.ws2812_dma_callback
                0x10001fec       0x8c /var/folders/tr/p8fgs8cd4pn1v7l1rzxd4yfr0000gn/T//ccLV2jr4.ltrans0.ltrans.o
 .text.handleKeycodeRGB
                0x10002078        0xe /var/folders/tr/p8fgs8cd4pn1v7l1rzxd4yfr0000gn/T//ccLV2jr4.ltrans0.ltrans.o
 *fill*         0x10002086        0x2 
 .text.rgblight_timer_init
                0x10002088       0x14 /var/folders/tr/p8fgs8cd4pn1v7l1rzxd4yfr0000gn/T//ccLV2jr4.ltrans0.ltrans.o
 .text.rgblight_set
                0x1000209c       0x4c /var/folders/tr/p8fgs8cd4pn1v7l1rzxd4yfr0000gn/T//ccLV2jr4.ltrans0.ltrans.o
 .text.rgblight_disable_noeeprom
                0x100020e8       0x28 /var/folders/tr/p8fgs8cd4pn1v7l1rzxd4yfr0000gn/T//ccLV2jr4.ltrans0.ltrans.o
 .text.rgblight_check_config
                0x10002110       0x30 /var/folders/tr/p8fgs8cd4pn1v7l1rzxd4yfr0000gn/T//ccLV2jr4.ltrans0.ltrans.o
 .text.sethsv_raw
                0x10002140       0xa0 /var/folders/tr/p8fgs8cd4pn1v7l1rzxd4yfr0000gn/T//ccLV2jr4.ltrans0.ltrans.o
 .text.rgblight_sethsv_noeeprom_old.part.6
                0x100021e0       0x54 /var/folders/tr/p8fgs8cd4pn1v7l1rzxd4yfr0000gn/T//ccLV2jr4.ltrans0.ltrans.o
 .text.rgblight_effect_breathing
                0x10002234       0x2c /var/folders/tr/p8fgs8cd4pn1v7l1rzxd4yfr0000gn/T//ccLV2jr4.ltrans0.ltrans.o
 .text.rgblight_effect_rainbow_mood
                0x10002260       0x24 /var/folders/tr/p8fgs8cd4pn1v7l1rzxd4yfr0000gn/T//ccLV2jr4.ltrans0.ltrans.o
 .text.rgblight_effect_christmas
                0x10002284       0xac /var/folders/tr/p8fgs8cd4pn1v7l1rzxd4yfr0000gn/T//ccLV2jr4.ltrans0.ltrans.o
 .text.rgblight_effect_knight
                0x10002330       0xe8 /var/folders/tr/p8fgs8cd4pn1v7l1rzxd4yfr0000gn/T//ccLV2jr4.ltrans0.ltrans.o
 .text.rgblight_effect_snake
                0x10002418      0x100 /var/folders/tr/p8fgs8cd4pn1v7l1rzxd4yfr0000gn/T//ccLV2jr4.ltrans0.ltrans.o
 .text.rgblight_effect_rainbow_swirl
                0x10002518       0x70 /var/folders/tr/p8fgs8cd4pn1v7l1rzxd4yfr0000gn/T//ccLV2jr4.ltrans0.ltrans.o
 .text.backing_store_read_bulk
                0x10002588       0x20 /var/folders/tr/p8fgs8cd4pn1v7l1rzxd4yfr0000gn/T//ccLV2jr4.ltrans0.ltrans.o
 .text.backing_store_erase
                0x100025a8       0x20 /var/folders/tr/p8fgs8cd4pn1v7l1rzxd4yfr0000gn/T//ccLV2jr4.ltrans0.ltrans.o
 .text.wear_leveling_lock
                0x100025c8       0x1c /var/folders/tr/p8fgs8cd4pn1v7l1rzxd4yfr0000gn/T//ccLV2jr4.ltrans0.ltrans.o
 .text.wear_leveling_unlock
                0x100025e4       0x1c /var/folders/tr/p8fgs8cd4pn1v7l1rzxd4yfr0000gn/T//ccLV2jr4.ltrans0.ltrans.o
 .text.wear_leveling_write_consolidated
                0x10002600       0xf4 /var/folders/tr/p8fgs8cd4pn1v7l1rzxd4yfr0000gn/T//ccLV2jr4.ltrans0.ltrans.o
 .text.wear_leveling_consolidate_if_needed
                0x100026f4       0x34 /var/folders/tr/p8fgs8cd4pn1v7l1rzxd4yfr0000gn/T//ccLV2jr4.ltrans0.ltrans.o
 .text.wear_leveling_append_raw
                0x10002728       0x40 /var/folders/tr/p8fgs8cd4pn1v7l1rzxd4yfr0000gn/T//ccLV2jr4.ltrans0.ltrans.o
 .text.sendchar
                0x10002768        0x4 /var/folders/tr/p8fgs8cd4pn1v7l1rzxd4yfr0000gn/T//ccLV2jr4.ltrans0.ltrans.o
 .text.setPinInputHigh_atomic
                0x1000276c       0x34 /var/folders/tr/p8fgs8cd4pn1v7l1rzxd4yfr0000gn/T//ccLV2jr4.ltrans0.ltrans.o
 .text.null_sendchar_func
                0x100027a0        0x4 /var/folders/tr/p8fgs8cd4pn1v7l1rzxd4yfr0000gn/T//ccLV2jr4.ltrans0.ltrans.o
 .text.sync_timer_read32
                0x100027a4       0x24 /var/folders/tr/p8fgs8cd4pn1v7l1rzxd4yfr0000gn/T//ccLV2jr4.ltrans0.ltrans.o
 .text.sync_timer_read
                0x100027c8       0x1c /var/folders/tr/p8fgs8cd4pn1v7l1rzxd4yfr0000gn/T//ccLV2jr4.ltrans0.ltrans.o
 .text.mod_config
                0x100027e4       0x98 /var/folders/tr/p8fgs8cd4pn1v7l1rzxd4yfr0000gn/T//ccLV2jr4.ltrans0.ltrans.o
 .text.keycode_config
                0x1000287c      0x108 /var/folders/tr/p8fgs8cd4pn1v7l1rzxd4yfr0000gn/T//ccLV2jr4.ltrans0.ltrans.o
 .text.action_for_keycode
                0x10002984      0x1d8 /var/folders/tr/p8fgs8cd4pn1v7l1rzxd4yfr0000gn/T//ccLV2jr4.ltrans0.ltrans.o
 .text.del_mods
                0x10002b5c       0x10 /var/folders/tr/p8fgs8cd4pn1v7l1rzxd4yfr0000gn/T//ccLV2jr4.ltrans0.ltrans.o
 .text.get_mods_for_report
                0x10002b6c       0x70 /var/folders/tr/p8fgs8cd4pn1v7l1rzxd4yfr0000gn/T//ccLV2jr4.ltrans0.ltrans.o
 .text.debug_waiting_buffer
                0x10002bdc       0x20 /var/folders/tr/p8fgs8cd4pn1v7l1rzxd4yfr0000gn/T//ccLV2jr4.ltrans0.ltrans.o
 .text.update_tri_layer
                0x10002bfc       0x34 /var/folders/tr/p8fgs8cd4pn1v7l1rzxd4yfr0000gn/T//ccLV2jr4.ltrans0.ltrans.o
 .text.layer_off
                0x10002c30       0x14 /var/folders/tr/p8fgs8cd4pn1v7l1rzxd4yfr0000gn/T//ccLV2jr4.ltrans0.ltrans.o
 .text.clear_oneshot_layer_state
                0x10002c44       0x30 /var/folders/tr/p8fgs8cd4pn1v7l1rzxd4yfr0000gn/T//ccLV2jr4.ltrans0.ltrans.o
 .text.layer_on
                0x10002c74       0x14 /var/folders/tr/p8fgs8cd4pn1v7l1rzxd4yfr0000gn/T//ccLV2jr4.ltrans0.ltrans.o
 .text.usbInitEndpointI
                0x10002c88      0x154 /var/folders/tr/p8fgs8cd4pn1v7l1rzxd4yfr0000gn/T//ccLV2jr4.ltrans0.ltrans.o
 .text.usb_event_cb
                0x10002ddc      0x148 /var/folders/tr/p8fgs8cd4pn1v7l1rzxd4yfr0000gn/T//ccLV2jr4.ltrans0.ltrans.o
 .text.clear_keys_from_report
                0x10002f24       0x38 /var/folders/tr/p8fgs8cd4pn1v7l1rzxd4yfr0000gn/T//ccLV2jr4.ltrans0.ltrans.o
 .text.wear_leveling_clear_cache
                0x10002f5c       0x20 /var/folders/tr/p8fgs8cd4pn1v7l1rzxd4yfr0000gn/T//ccLV2jr4.ltrans0.ltrans.o
 .text.wear_leveling_erase
                0x10002f7c       0x2e /var/folders/tr/p8fgs8cd4pn1v7l1rzxd4yfr0000gn/T//ccLV2jr4.ltrans0.ltrans.o
 .text.usb_prepare_in_ep_buffer
                0x10002faa       0x70 /var/folders/tr/p8fgs8cd4pn1v7l1rzxd4yfr0000gn/T//ccLV2jr4.ltrans0.ltrans.o
 *fill*         0x1000301a        0x2 
 .text.usb_prepare_in_ep
                0x1000301c       0x8c /var/folders/tr/p8fgs8cd4pn1v7l1rzxd4yfr0000gn/T//ccLV2jr4.ltrans0.ltrans.o
 .text.usbStartTransmitI
                0x100030a8       0x28 /var/folders/tr/p8fgs8cd4pn1v7l1rzxd4yfr0000gn/T//ccLV2jr4.ltrans0.ltrans.o
 .text._usb_ep0out
                0x100030d0       0xa4 /var/folders/tr/p8fgs8cd4pn1v7l1rzxd4yfr0000gn/T//ccLV2jr4.ltrans0.ltrans.o
 .text._usb_ep0in
                0x10003174       0xd0 /var/folders/tr/p8fgs8cd4pn1v7l1rzxd4yfr0000gn/T//ccLV2jr4.ltrans0.ltrans.o
 .text.qmkusbDataTransmitted
                0x10003244       0xa2 /var/folders/tr/p8fgs8cd4pn1v7l1rzxd4yfr0000gn/T//ccLV2jr4.ltrans0.ltrans.o
 .text.obnotify
                0x100032e6       0x3c /var/folders/tr/p8fgs8cd4pn1v7l1rzxd4yfr0000gn/T//ccLV2jr4.ltrans0.ltrans.o
 *fill*         0x10003322        0x2 
 .text.keyboard_idle_timer_cb
                0x10003324       0x80 /var/folders/tr/p8fgs8cd4pn1v7l1rzxd4yfr0000gn/T//ccLV2jr4.ltrans0.ltrans.o
 .text.usb_sof_cb
                0x100033a4       0xac /var/folders/tr/p8fgs8cd4pn1v7l1rzxd4yfr0000gn/T//ccLV2jr4.ltrans0.ltrans.o
 .text.wear_leveling_read
                0x10003450       0x24 /var/folders/tr/p8fgs8cd4pn1v7l1rzxd4yfr0000gn/T//ccLV2jr4.ltrans0.ltrans.o
 .text.eeprom_read_byte
                0x10003474       0x16 /var/folders/tr/p8fgs8cd4pn1v7l1rzxd4yfr0000gn/T//ccLV2jr4.ltrans0.ltrans.o
 .text.via_get_layout_options.part.0
                0x1000348a        0xa /var/folders/tr/p8fgs8cd4pn1v7l1rzxd4yfr0000gn/T//ccLV2jr4.ltrans0.ltrans.o
 .text.via_eeprom_is_valid
                0x10003494       0x28 /var/folders/tr/p8fgs8cd4pn1v7l1rzxd4yfr0000gn/T//ccLV2jr4.ltrans0.ltrans.o
 .text.dynamic_keymap_get_keycode.part.0
                0x100034bc       0x2a /var/folders/tr/p8fgs8cd4pn1v7l1rzxd4yfr0000gn/T//ccLV2jr4.ltrans0.ltrans.o
 .text.eeconfig_read_rgblight
                0x100034e6       0x1e /var/folders/tr/p8fgs8cd4pn1v7l1rzxd4yfr0000gn/T//ccLV2jr4.ltrans0.ltrans.o
 .text.usb_lld_reset.constprop.87
                0x10003504       0x74 /var/folders/tr/p8fgs8cd4pn1v7l1rzxd4yfr0000gn/T//ccLV2jr4.ltrans0.ltrans.o
 .text.oled_write_char.constprop.145
                0x10003578       0xb8 /var/folders/tr/p8fgs8cd4pn1v7l1rzxd4yfr0000gn/T//ccLV2jr4.ltrans0.ltrans.o
 .text.oled_advance_page
                0x10003630       0x68 /var/folders/tr/p8fgs8cd4pn1v7l1rzxd4yfr0000gn/T//ccLV2jr4.ltrans0.ltrans.o
 .text.wear_leveling_write
                0x10003698      0x1a0 /var/folders/tr/p8fgs8cd4pn1v7l1rzxd4yfr0000gn/T//ccLV2jr4.ltrans0.ltrans.o
 .text.eeprom_update_dword
                0x10003838       0x26 /var/folders/tr/p8fgs8cd4pn1v7l1rzxd4yfr0000gn/T//ccLV2jr4.ltrans0.ltrans.o
 .text.eeprom_update_word
                0x1000385e       0x2a /var/folders/tr/p8fgs8cd4pn1v7l1rzxd4yfr0000gn/T//ccLV2jr4.ltrans0.ltrans.o
 .text.oneshot_set
                0x10003888       0x30 /var/folders/tr/p8fgs8cd4pn1v7l1rzxd4yfr0000gn/T//ccLV2jr4.ltrans0.ltrans.o
 .text.eeprom_update_byte
                0x100038b8       0x1e /var/folders/tr/p8fgs8cd4pn1v7l1rzxd4yfr0000gn/T//ccLV2jr4.ltrans0.ltrans.o
 .text.via_eeprom_set_valid
                0x100038d6       0x2e /var/folders/tr/p8fgs8cd4pn1v7l1rzxd4yfr0000gn/T//ccLV2jr4.ltrans0.ltrans.o
 .text.dynamic_keymap_macro_reset
                0x10003904       0x1a /var/folders/tr/p8fgs8cd4pn1v7l1rzxd4yfr0000gn/T//ccLV2jr4.ltrans0.ltrans.o
 *fill*         0x1000391e        0x2 
 .text.dynamic_keymap_reset
                0x10003920       0x64 /var/folders/tr/p8fgs8cd4pn1v7l1rzxd4yfr0000gn/T//ccLV2jr4.ltrans0.ltrans.o
 .text.eeconfig_init_via
                0x10003984       0x20 /var/folders/tr/p8fgs8cd4pn1v7l1rzxd4yfr0000gn/T//ccLV2jr4.ltrans0.ltrans.o
 .text.eeconfig_update_rgblight
                0x100039a4       0x1c /var/folders/tr/p8fgs8cd4pn1v7l1rzxd4yfr0000gn/T//ccLV2jr4.ltrans0.ltrans.o
 .text.rgblight_sethsv_eeprom_helper
                0x100039c0      0x138 /var/folders/tr/p8fgs8cd4pn1v7l1rzxd4yfr0000gn/T//ccLV2jr4.ltrans0.ltrans.o
 .text.rgblight_decrease_val
                0x10003af8       0x24 /var/folders/tr/p8fgs8cd4pn1v7l1rzxd4yfr0000gn/T//ccLV2jr4.ltrans0.ltrans.o
 .text.rgblight_increase_val
                0x10003b1c       0x24 /var/folders/tr/p8fgs8cd4pn1v7l1rzxd4yfr0000gn/T//ccLV2jr4.ltrans0.ltrans.o
 .text.rgblight_decrease_sat
                0x10003b40       0x24 /var/folders/tr/p8fgs8cd4pn1v7l1rzxd4yfr0000gn/T//ccLV2jr4.ltrans0.ltrans.o
 .text.rgblight_increase_sat
                0x10003b64       0x24 /var/folders/tr/p8fgs8cd4pn1v7l1rzxd4yfr0000gn/T//ccLV2jr4.ltrans0.ltrans.o
 .text.rgblight_decrease_hue
                0x10003b88       0x1c /var/folders/tr/p8fgs8cd4pn1v7l1rzxd4yfr0000gn/T//ccLV2jr4.ltrans0.ltrans.o
 .text.rgblight_increase_hue
                0x10003ba4       0x1c /var/folders/tr/p8fgs8cd4pn1v7l1rzxd4yfr0000gn/T//ccLV2jr4.ltrans0.ltrans.o
 .text.rgblight_increase_speed
                0x10003bc0       0x1c /var/folders/tr/p8fgs8cd4pn1v7l1rzxd4yfr0000gn/T//ccLV2jr4.ltrans0.ltrans.o
 .text.rgblight_decrease_speed
                0x10003bdc       0x1c /var/folders/tr/p8fgs8cd4pn1v7l1rzxd4yfr0000gn/T//ccLV2jr4.ltrans0.ltrans.o
 .text.send_keyboard_report
                0x10003bf8       0x94 /var/folders/tr/p8fgs8cd4pn1v7l1rzxd4yfr0000gn/T//ccLV2jr4.ltrans0.ltrans.o
 .text.unregister_mods
                0x10003c8c       0x10 /var/folders/tr/p8fgs8cd4pn1v7l1rzxd4yfr0000gn/T//ccLV2jr4.ltrans0.ltrans.o
 .text.register_mods
                0x10003c9c       0x18 /var/folders/tr/p8fgs8cd4pn1v7l1rzxd4yfr0000gn/T//ccLV2jr4.ltrans0.ltrans.o
 .text.unregister_code
                0x10003cb4       0x54 /var/folders/tr/p8fgs8cd4pn1v7l1rzxd4yfr0000gn/T//ccLV2jr4.ltrans0.ltrans.o
 .text.register_code
                0x10003d08       0xbc /var/folders/tr/p8fgs8cd4pn1v7l1rzxd4yfr0000gn/T//ccLV2jr4.ltrans0.ltrans.o
 .text.oled_write.constprop.144
                0x10003dc4       0x1a /var/folders/tr/p8fgs8cd4pn1v7l1rzxd4yfr0000gn/T//ccLV2jr4.ltrans0.ltrans.o
 .text.oled_write_ln.constprop.143
                0x10003dde        0xe /var/folders/tr/p8fgs8cd4pn1v7l1rzxd4yfr0000gn/T//ccLV2jr4.ltrans0.ltrans.o
 .text.chSchGoSleepS
                0x10003dec       0x2c /var/folders/tr/p8fgs8cd4pn1v7l1rzxd4yfr0000gn/T//ccLV2jr4.ltrans0.ltrans.o
 .text.chSchGoSleepTimeoutS
                0x10003e18       0x60 /var/folders/tr/p8fgs8cd4pn1v7l1rzxd4yfr0000gn/T//ccLV2jr4.ltrans0.ltrans.o
 .text.chThdEnqueueTimeoutS
                0x10003e78       0x34 /var/folders/tr/p8fgs8cd4pn1v7l1rzxd4yfr0000gn/T//ccLV2jr4.ltrans0.ltrans.o
 .text.obqGetEmptyBufferTimeoutS
                0x10003eac       0x36 /var/folders/tr/p8fgs8cd4pn1v7l1rzxd4yfr0000gn/T//ccLV2jr4.ltrans0.ltrans.o
 .text.obqWriteTimeout
                0x10003ee2       0x86 /var/folders/tr/p8fgs8cd4pn1v7l1rzxd4yfr0000gn/T//ccLV2jr4.ltrans0.ltrans.o
 .text._writet  0x10003f68        0xa /var/folders/tr/p8fgs8cd4pn1v7l1rzxd4yfr0000gn/T//ccLV2jr4.ltrans0.ltrans.o
 .text._write   0x10003f72        0xe /var/folders/tr/p8fgs8cd4pn1v7l1rzxd4yfr0000gn/T//ccLV2jr4.ltrans0.ltrans.o
 .text.obqPutTimeout
                0x10003f80       0x48 /var/folders/tr/p8fgs8cd4pn1v7l1rzxd4yfr0000gn/T//ccLV2jr4.ltrans0.ltrans.o
 .text._putt    0x10003fc8        0xa /var/folders/tr/p8fgs8cd4pn1v7l1rzxd4yfr0000gn/T//ccLV2jr4.ltrans0.ltrans.o
 .text._put     0x10003fd2        0xe /var/folders/tr/p8fgs8cd4pn1v7l1rzxd4yfr0000gn/T//ccLV2jr4.ltrans0.ltrans.o
 .text.ibqGetFullBufferTimeoutS
                0x10003fe0       0x36 /var/folders/tr/p8fgs8cd4pn1v7l1rzxd4yfr0000gn/T//ccLV2jr4.ltrans0.ltrans.o
 .text.ibqReadTimeout
                0x10004016       0x82 /var/folders/tr/p8fgs8cd4pn1v7l1rzxd4yfr0000gn/T//ccLV2jr4.ltrans0.ltrans.o
 .text._readt   0x10004098        0xa /var/folders/tr/p8fgs8cd4pn1v7l1rzxd4yfr0000gn/T//ccLV2jr4.ltrans0.ltrans.o
 .text._read    0x100040a2        0xe /var/folders/tr/p8fgs8cd4pn1v7l1rzxd4yfr0000gn/T//ccLV2jr4.ltrans0.ltrans.o
 .text.ibqGetTimeout
                0x100040b0       0x3a /var/folders/tr/p8fgs8cd4pn1v7l1rzxd4yfr0000gn/T//ccLV2jr4.ltrans0.ltrans.o
 .text._gett    0x100040ea        0xa /var/folders/tr/p8fgs8cd4pn1v7l1rzxd4yfr0000gn/T//ccLV2jr4.ltrans0.ltrans.o
 .text._get     0x100040f4        0xe /var/folders/tr/p8fgs8cd4pn1v7l1rzxd4yfr0000gn/T//ccLV2jr4.ltrans0.ltrans.o
 .text.oled_send_cmd
                0x10004102       0x16 /var/folders/tr/p8fgs8cd4pn1v7l1rzxd4yfr0000gn/T//ccLV2jr4.ltrans0.ltrans.o
 .text.oled_off
                0x10004118       0x3c /var/folders/tr/p8fgs8cd4pn1v7l1rzxd4yfr0000gn/T//ccLV2jr4.ltrans0.ltrans.o
 .text.oled_on  0x10004154       0x4c /var/folders/tr/p8fgs8cd4pn1v7l1rzxd4yfr0000gn/T//ccLV2jr4.ltrans0.ltrans.o
 .text.rgblight_timer_enable
                0x100041a0       0x3c /var/folders/tr/p8fgs8cd4pn1v7l1rzxd4yfr0000gn/T//ccLV2jr4.ltrans0.ltrans.o
 .text.rgblight_mode_eeprom_helper
                0x100041dc       0x80 /var/folders/tr/p8fgs8cd4pn1v7l1rzxd4yfr0000gn/T//ccLV2jr4.ltrans0.ltrans.o
 .text.rgblight_step_reverse
                0x1000425c       0x20 /var/folders/tr/p8fgs8cd4pn1v7l1rzxd4yfr0000gn/T//ccLV2jr4.ltrans0.ltrans.o
 .text.rgblight_step
                0x1000427c       0x1c /var/folders/tr/p8fgs8cd4pn1v7l1rzxd4yfr0000gn/T//ccLV2jr4.ltrans0.ltrans.o
 .text.handleKeycodeRGBMode
                0x10004298       0x28 /var/folders/tr/p8fgs8cd4pn1v7l1rzxd4yfr0000gn/T//ccLV2jr4.ltrans0.ltrans.o
 .text.transport_execute_transaction
                0x100042c0       0x6c /var/folders/tr/p8fgs8cd4pn1v7l1rzxd4yfr0000gn/T//ccLV2jr4.ltrans0.ltrans.o
 .text.rgblight_handlers_master
                0x1000432c       0x64 /var/folders/tr/p8fgs8cd4pn1v7l1rzxd4yfr0000gn/T//ccLV2jr4.ltrans0.ltrans.o
 .text.sync_timer_handlers_master
                0x10004390       0x40 /var/folders/tr/p8fgs8cd4pn1v7l1rzxd4yfr0000gn/T//ccLV2jr4.ltrans0.ltrans.o
 .text.master_matrix_handlers_master
                0x100043d0       0x48 /var/folders/tr/p8fgs8cd4pn1v7l1rzxd4yfr0000gn/T//ccLV2jr4.ltrans0.ltrans.o
 .text.slave_matrix_handlers_master
                0x10004418       0xa8 /var/folders/tr/p8fgs8cd4pn1v7l1rzxd4yfr0000gn/T//ccLV2jr4.ltrans0.ltrans.o
 .text.read_source_layers_cache_impl.constprop.136
                0x100044c0       0x30 /var/folders/tr/p8fgs8cd4pn1v7l1rzxd4yfr0000gn/T//ccLV2jr4.ltrans0.ltrans.o
                0x100044c0                read_source_layers_cache_impl.constprop.136
 .text.update_source_layers_cache_impl.constprop.135
                0x100044f0       0x38 /var/folders/tr/p8fgs8cd4pn1v7l1rzxd4yfr0000gn/T//ccLV2jr4.ltrans0.ltrans.o
                0x100044f0                update_source_layers_cache_impl.constprop.135
 .text.gpio_set_drive_strength
                0x10004528       0x20 /var/folders/tr/p8fgs8cd4pn1v7l1rzxd4yfr0000gn/T//ccLV2jr4.ltrans0.ltrans.o
                0x10004528                gpio_set_drive_strength
 .text.pio_sm_init
                0x10004548       0x84 /var/folders/tr/p8fgs8cd4pn1v7l1rzxd4yfr0000gn/T//ccLV2jr4.ltrans0.ltrans.o
                0x10004548                pio_sm_init
 .text.pio_sm_set_consecutive_pindirs
                0x100045cc       0x90 /var/folders/tr/p8fgs8cd4pn1v7l1rzxd4yfr0000gn/T//ccLV2jr4.ltrans0.ltrans.o
                0x100045cc                pio_sm_set_consecutive_pindirs
 .text.pio_sm_set_pins_with_mask
                0x1000465c       0x7a /var/folders/tr/p8fgs8cd4pn1v7l1rzxd4yfr0000gn/T//ccLV2jr4.ltrans0.ltrans.o
                0x1000465c                pio_sm_set_pins_with_mask
 *fill*         0x100046d6        0x2 
 .text.pio_add_program
                0x100046d8       0xd8 /var/folders/tr/p8fgs8cd4pn1v7l1rzxd4yfr0000gn/T//ccLV2jr4.ltrans0.ltrans.o
                0x100046d8                pio_add_program
 .text.pio_claim_unused_sm
                0x100047b0       0x84 /var/folders/tr/p8fgs8cd4pn1v7l1rzxd4yfr0000gn/T//ccLV2jr4.ltrans0.ltrans.o
                0x100047b0                pio_claim_unused_sm
 .text.clock_get_hz
                0x10004834        0xc /var/folders/tr/p8fgs8cd4pn1v7l1rzxd4yfr0000gn/T//ccLV2jr4.ltrans0.ltrans.o
                0x10004834                clock_get_hz
 .text.split_shared_memory_lock
                0x10004840       0x80 /var/folders/tr/p8fgs8cd4pn1v7l1rzxd4yfr0000gn/T//ccLV2jr4.ltrans0.ltrans.o
                0x10004840                split_shared_memory_lock
 .text._fini    0x100048c0        0x2 /var/folders/tr/p8fgs8cd4pn1v7l1rzxd4yfr0000gn/T//ccLV2jr4.ltrans0.ltrans.o
                0x100048c0                _fini
 .text.led_init_ports
                0x100048c2        0x2 /var/folders/tr/p8fgs8cd4pn1v7l1rzxd4yfr0000gn/T//ccLV2jr4.ltrans0.ltrans.o
                0x100048c2                __cpu_init
 .text.nvicEnableVector
                0x100048c4       0x40 /var/folders/tr/p8fgs8cd4pn1v7l1rzxd4yfr0000gn/T//ccLV2jr4.ltrans0.ltrans.o
                0x100048c4                nvicEnableVector
 .text.usb_lld_start.part.3
                0x10004904       0x80 /var/folders/tr/p8fgs8cd4pn1v7l1rzxd4yfr0000gn/T//ccLV2jr4.ltrans0.ltrans.o
 .text.i2cStop  0x10004984       0xc4 /var/folders/tr/p8fgs8cd4pn1v7l1rzxd4yfr0000gn/T//ccLV2jr4.ltrans0.ltrans.o
                0x10004984                i2cStop
 .text.i2cStart
                0x10004a48       0xf0 /var/folders/tr/p8fgs8cd4pn1v7l1rzxd4yfr0000gn/T//ccLV2jr4.ltrans0.ltrans.o
                0x10004a48                i2cStart
 .text.__port_spinlock_release
                0x10004b38       0x10 /var/folders/tr/p8fgs8cd4pn1v7l1rzxd4yfr0000gn/T//ccLV2jr4.ltrans0.ltrans.o
                0x10004b38                __port_spinlock_release
 .text.__port_irq_epilogue
                0x10004b48       0x4c /var/folders/tr/p8fgs8cd4pn1v7l1rzxd4yfr0000gn/T//ccLV2jr4.ltrans0.ltrans.o
                0x10004b48                __port_irq_epilogue
 .text.Vector4C
                0x10004b94       0x28 /var/folders/tr/p8fgs8cd4pn1v7l1rzxd4yfr0000gn/T//ccLV2jr4.ltrans0.ltrans.o
                0x10004b94                Vector4C
 .text.Vector48
                0x10004bbc       0x28 /var/folders/tr/p8fgs8cd4pn1v7l1rzxd4yfr0000gn/T//ccLV2jr4.ltrans0.ltrans.o
                0x10004bbc                Vector48
 .text.Vector44
                0x10004be4       0x24 /var/folders/tr/p8fgs8cd4pn1v7l1rzxd4yfr0000gn/T//ccLV2jr4.ltrans0.ltrans.o
                0x10004be4                Vector44
 .text.Vector40
                0x10004c08       0x24 /var/folders/tr/p8fgs8cd4pn1v7l1rzxd4yfr0000gn/T//ccLV2jr4.ltrans0.ltrans.o
                0x10004c08                Vector40
 .text.Vector70
                0x10004c2c       0x34 /var/folders/tr/p8fgs8cd4pn1v7l1rzxd4yfr0000gn/T//ccLV2jr4.ltrans0.ltrans.o
                0x10004c2c                Vector70
 .text.Vector6C
                0x10004c60       0x34 /var/folders/tr/p8fgs8cd4pn1v7l1rzxd4yfr0000gn/T//ccLV2jr4.ltrans0.ltrans.o
                0x10004c60                Vector6C
 .text.Vector80
                0x10004c94       0x3c /var/folders/tr/p8fgs8cd4pn1v7l1rzxd4yfr0000gn/T//ccLV2jr4.ltrans0.ltrans.o
                0x10004c94                Vector80
 .text.Vector7C
                0x10004cd0       0x20 /var/folders/tr/p8fgs8cd4pn1v7l1rzxd4yfr0000gn/T//ccLV2jr4.ltrans0.ltrans.o
                0x10004cd0                Vector7C
 .text.NMI_Handler
                0x10004cf0       0x12 /var/folders/tr/p8fgs8cd4pn1v7l1rzxd4yfr0000gn/T//ccLV2jr4.ltrans0.ltrans.o
                0x10004cf0                NMI_Handler
 .text.chThdResumeI
                0x10004d02       0x16 /var/folders/tr/p8fgs8cd4pn1v7l1rzxd4yfr0000gn/T//ccLV2jr4.ltrans0.ltrans.o
                0x10004d02                chThdResumeI
 .text.Vector54
                0x10004d18      0x2ac /var/folders/tr/p8fgs8cd4pn1v7l1rzxd4yfr0000gn/T//ccLV2jr4.ltrans0.ltrans.o
                0x10004d18                Vector54
 .text.Vector98
                0x10004fc4      0x190 /var/folders/tr/p8fgs8cd4pn1v7l1rzxd4yfr0000gn/T//ccLV2jr4.ltrans0.ltrans.o
                0x10004fc4                Vector98
 .text.VectorA0
                0x10005154      0x15c /var/folders/tr/p8fgs8cd4pn1v7l1rzxd4yfr0000gn/T//ccLV2jr4.ltrans0.ltrans.o
                0x10005154                VectorA0
 .text._usb_ep0setup
                0x100052b0      0x3d0 /var/folders/tr/p8fgs8cd4pn1v7l1rzxd4yfr0000gn/T//ccLV2jr4.ltrans0.ltrans.o
 .text.chThdSuspendTimeoutS
                0x10005680       0x2c /var/folders/tr/p8fgs8cd4pn1v7l1rzxd4yfr0000gn/T//ccLV2jr4.ltrans0.ltrans.o
                0x10005680                chThdSuspendTimeoutS
 .text.i2cMasterTransmitTimeout
                0x100056ac       0xbc /var/folders/tr/p8fgs8cd4pn1v7l1rzxd4yfr0000gn/T//ccLV2jr4.ltrans0.ltrans.o
                0x100056ac                i2cMasterTransmitTimeout
 .text.send_report
                0x10005768       0x50 /var/folders/tr/p8fgs8cd4pn1v7l1rzxd4yfr0000gn/T//ccLV2jr4.ltrans0.ltrans.o
 .text.send_extra
                0x100057b8        0xe /var/folders/tr/p8fgs8cd4pn1v7l1rzxd4yfr0000gn/T//ccLV2jr4.ltrans0.ltrans.o
 .text.send_nkro
                0x100057c6        0xe /var/folders/tr/p8fgs8cd4pn1v7l1rzxd4yfr0000gn/T//ccLV2jr4.ltrans0.ltrans.o
 .text.send_keyboard
                0x100057d4       0x20 /var/folders/tr/p8fgs8cd4pn1v7l1rzxd4yfr0000gn/T//ccLV2jr4.ltrans0.ltrans.o
 .text.chThdSleep
                0x100057f4       0x16 /var/folders/tr/p8fgs8cd4pn1v7l1rzxd4yfr0000gn/T//ccLV2jr4.ltrans0.ltrans.o
                0x100057f4                chThdSleep
 *fill*         0x1000580a        0x2 
 .text.tap_code_delay
                0x1000580c       0x44 /var/folders/tr/p8fgs8cd4pn1v7l1rzxd4yfr0000gn/T//ccLV2jr4.ltrans0.ltrans.o
 .text.perform_space_cadet.constprop.124
                0x10005850       0xa4 /var/folders/tr/p8fgs8cd4pn1v7l1rzxd4yfr0000gn/T//ccLV2jr4.ltrans0.ltrans.o
 .text.chThdExit
                0x100058f4       0x28 /var/folders/tr/p8fgs8cd4pn1v7l1rzxd4yfr0000gn/T//ccLV2jr4.ltrans0.ltrans.o
                0x100058f4                chThdExit
 .text.chThdCreateStatic
                0x1000591c       0x8c /var/folders/tr/p8fgs8cd4pn1v7l1rzxd4yfr0000gn/T//ccLV2jr4.ltrans0.ltrans.o
                0x1000591c                chThdCreateStatic
 .text.__sch_reschedule_ahead
                0x100059a8       0x34 /var/folders/tr/p8fgs8cd4pn1v7l1rzxd4yfr0000gn/T//ccLV2jr4.ltrans0.ltrans.o
                0x100059a8                chSchDoPreemption
 .text.chSchRescheduleS
                0x100059dc       0x28 /var/folders/tr/p8fgs8cd4pn1v7l1rzxd4yfr0000gn/T//ccLV2jr4.ltrans0.ltrans.o
 .text.usbStop.constprop.96
                0x10005a04       0x98 /var/folders/tr/p8fgs8cd4pn1v7l1rzxd4yfr0000gn/T//ccLV2jr4.ltrans0.ltrans.o
 .text.split_shared_memory_unlock
                0x10005a9c       0x68 /var/folders/tr/p8fgs8cd4pn1v7l1rzxd4yfr0000gn/T//ccLV2jr4.ltrans0.ltrans.o
                0x10005a9c                split_shared_memory_unlock
 .text.chSysPolledDelayX
                0x10005b04       0x14 /var/folders/tr/p8fgs8cd4pn1v7l1rzxd4yfr0000gn/T//ccLV2jr4.ltrans0.ltrans.o
                0x10005b04                chSysPolledDelayX
 .text.ws2812_setleds
                0x10005b18      0x314 /var/folders/tr/p8fgs8cd4pn1v7l1rzxd4yfr0000gn/T//ccLV2jr4.ltrans0.ltrans.o
 .text.transaction_handler_master.isra.4
                0x10005e2c       0x4c /var/folders/tr/p8fgs8cd4pn1v7l1rzxd4yfr0000gn/T//ccLV2jr4.ltrans0.ltrans.o
 .text.matrix_scan
                0x10005e78      0x4b0 /var/folders/tr/p8fgs8cd4pn1v7l1rzxd4yfr0000gn/T//ccLV2jr4.ltrans0.ltrans.o
 .text.__init_ram_areas
                0x10006328       0x30 /var/folders/tr/p8fgs8cd4pn1v7l1rzxd4yfr0000gn/T//ccLV2jr4.ltrans0.ltrans.o
                0x10006328                __init_ram_areas
 .text.__default_exit
                0x10006358        0x2 /var/folders/tr/p8fgs8cd4pn1v7l1rzxd4yfr0000gn/T//ccLV2jr4.ltrans0.ltrans.o
                0x10006358                __default_exit
 .text.__early_init
                0x1000635a        0x2 /var/folders/tr/p8fgs8cd4pn1v7l1rzxd4yfr0000gn/T//ccLV2jr4.ltrans0.ltrans.o
                0x1000635a                __early_init
 .text.__late_init
                0x1000635c       0x44 /var/folders/tr/p8fgs8cd4pn1v7l1rzxd4yfr0000gn/T//ccLV2jr4.ltrans0.ltrans.o
                0x1000635c                __late_init
 .text.keymap_key_to_keycode
                0x100063a0       0x24 /var/folders/tr/p8fgs8cd4pn1v7l1rzxd4yfr0000gn/T//ccLV2jr4.ltrans0.ltrans.o
                0x100063a0                keymap_key_to_keycode
 .text.layer_switch_get_layer
                0x100063c4       0x50 /var/folders/tr/p8fgs8cd4pn1v7l1rzxd4yfr0000gn/T//ccLV2jr4.ltrans0.ltrans.o
                0x100063c4                layer_switch_get_layer
 .text.layer_switch_get_action
                0x10006414       0x20 /var/folders/tr/p8fgs8cd4pn1v7l1rzxd4yfr0000gn/T//ccLV2jr4.ltrans0.ltrans.o
 .text.is_tap_record
                0x10006434       0x58 /var/folders/tr/p8fgs8cd4pn1v7l1rzxd4yfr0000gn/T//ccLV2jr4.ltrans0.ltrans.o
 .text.clear_keyboard
                0x1000648c       0x2c /var/folders/tr/p8fgs8cd4pn1v7l1rzxd4yfr0000gn/T//ccLV2jr4.ltrans0.ltrans.o
                0x1000648c                clear_keyboard
 .text.process_record
                0x100064b8      0xbe8 /var/folders/tr/p8fgs8cd4pn1v7l1rzxd4yfr0000gn/T//ccLV2jr4.ltrans0.ltrans.o
 .text.waiting_buffer_scan_tap
                0x100070a0       0x80 /var/folders/tr/p8fgs8cd4pn1v7l1rzxd4yfr0000gn/T//ccLV2jr4.ltrans0.ltrans.o
 .text.process_tapping
                0x10007120      0x25c /var/folders/tr/p8fgs8cd4pn1v7l1rzxd4yfr0000gn/T//ccLV2jr4.ltrans0.ltrans.o
 .text.action_exec
                0x1000737c       0xd8 /var/folders/tr/p8fgs8cd4pn1v7l1rzxd4yfr0000gn/T//ccLV2jr4.ltrans0.ltrans.o
 .text.generate_tick_event
                0x10007454       0x30 /var/folders/tr/p8fgs8cd4pn1v7l1rzxd4yfr0000gn/T//ccLV2jr4.ltrans0.ltrans.o
 .text.startup.main
                0x10007484     0x14a8 /var/folders/tr/p8fgs8cd4pn1v7l1rzxd4yfr0000gn/T//ccLV2jr4.ltrans0.ltrans.o
                0x10007484                main
 .text.biton    0x1000892c       0x1e /var/folders/tr/p8fgs8cd4pn1v7l1rzxd4yfr0000gn/T//ccLV2jr4.ltrans1.ltrans.o
                0x1000892c                biton
 .text.get_event_keycode
                0x1000894a       0x52 /var/folders/tr/p8fgs8cd4pn1v7l1rzxd4yfr0000gn/T//ccLV2jr4.ltrans1.ltrans.o
                0x1000894a                get_event_keycode
 .text.soft_reset_keyboard
                0x1000899c       0x2c /var/folders/tr/p8fgs8cd4pn1v7l1rzxd4yfr0000gn/T//ccLV2jr4.ltrans1.ltrans.o
                0x1000899c                soft_reset_keyboard
 .text.SlaveThread
                0x100089c8       0xb4 .build/obj_crkbd_rev1_via/serial_protocol.a(serial_protocol.o)
 .text.soft_serial_target_init
                0x10008a7c       0x24 .build/obj_crkbd_rev1_via/serial_protocol.a(serial_protocol.o)
                0x10008a7c                soft_serial_target_init
 .text.soft_serial_initiator_init
                0x10008aa0        0x8 .build/obj_crkbd_rev1_via/serial_protocol.a(serial_protocol.o)
                0x10008aa0                soft_serial_initiator_init
 .text.soft_serial_transaction
                0x10008aa8       0xa0 .build/obj_crkbd_rev1_via/serial_protocol.a(serial_protocol.o)
                0x10008aa8                soft_serial_transaction
 .text.port_lock
                0x10008b48       0x16 .build/obj_crkbd_rev1_via/serial_vendor.a(serial_vendor.o)
 .text.port_unlock
                0x10008b5e       0x12 .build/obj_crkbd_rev1_via/serial_vendor.a(serial_vendor.o)
 .text.sm_config_set_clkdiv
                0x10008b70       0x3a .build/obj_crkbd_rev1_via/serial_vendor.a(serial_vendor.o)
 *fill*         0x10008baa        0x2 
 .text.pio_sm_set_enabled.constprop.21
                0x10008bac       0x18 .build/obj_crkbd_rev1_via/serial_vendor.a(serial_vendor.o)
 .text.receive_impl
                0x10008bc4       0xc4 .build/obj_crkbd_rev1_via/serial_vendor.a(serial_vendor.o)
 .text.Vector5C
                0x10008c88       0x9c .build/obj_crkbd_rev1_via/serial_vendor.a(serial_vendor.o)
                0x10008c88                Vector5C
 .text.serial_transport_driver_clear
                0x10008d24       0x44 .build/obj_crkbd_rev1_via/serial_vendor.a(serial_vendor.o)
                0x10008d24                serial_transport_driver_clear
 .text.hot.serial_transport_send
                0x10008d68       0xcc .build/obj_crkbd_rev1_via/serial_vendor.a(serial_vendor.o)
                0x10008d68                serial_transport_send
 .text.hot.serial_transport_receive
                0x10008e34       0x10 .build/obj_crkbd_rev1_via/serial_vendor.a(serial_vendor.o)
                0x10008e34                serial_transport_receive
 .text.hot.serial_transport_receive_blocking
                0x10008e44        0xc .build/obj_crkbd_rev1_via/serial_vendor.a(serial_vendor.o)
                0x10008e44                serial_transport_receive_blocking
 .text.serial_transport_driver_slave_init
                0x10008e50      0x1cc .build/obj_crkbd_rev1_via/serial_vendor.a(serial_vendor.o)
                0x10008e50                serial_transport_driver_slave_init
 .text.serial_transport_driver_master_init
                0x1000901c        0x8 .build/obj_crkbd_rev1_via/serial_vendor.a(serial_vendor.o)
                0x1000901c                serial_transport_driver_master_init
 .text.i2c_epilogue
                0x10009024       0x20 .build/obj_crkbd_rev1_via/i2c_master.a(i2c_master.o)
 .text.i2c_init
                0x10009044       0x54 .build/obj_crkbd_rev1_via/i2c_master.a(i2c_master.o)
                0x10009044                i2c_init
 .text.i2c_transmit
                0x10009098       0x64 .build/obj_crkbd_rev1_via/i2c_master.a(i2c_master.o)
                0x10009098                i2c_transmit
 .text.i2c_write_register
                0x100090fc       0x94 .build/obj_crkbd_rev1_via/i2c_master.a(i2c_master.o)
                0x100090fc                i2c_write_register
 .text.i2c_write_register.__stub
                0x10009190       0xa0 linker stubs
 *(.glue_7t)
 .glue_7t       0x10009230        0x0 linker stubs
 *(.glue_7)
 .glue_7        0x10009230        0x0 linker stubs
 *(.gcc*)
                0x10009230                        __text_end__ = .

.vfp11_veneer   0x10009230        0x0
 .vfp11_veneer  0x10009230        0x0 linker stubs

.v4_bx          0x10009230        0x0
 .v4_bx         0x10009230        0x0 linker stubs

.iplt           0x10009230        0x0
 .iplt          0x10009230        0x0 .build/obj_crkbd_rev1_via/serial_protocol.a(serial_protocol.o)

.rodata         0x10009230     0x10dc
                0x10009230                        __rodata_base__ = .
 *(.rodata)
 .rodata        0x10009230       0xac /opt/homebrew/Cellar/arm-none-eabi-gcc@8/8.5.0_2/lib/arm-none-eabi-gcc/8/gcc/arm-none-eabi/8.5.0/thumb/v6-m/nofp/libgcc.a(divsf3.o)
 .rodata        0x100092dc       0x40 /opt/homebrew/Cellar/arm-none-eabi-gcc@8/8.5.0_2/lib/arm-none-eabi-gcc/8/gcc/arm-none-eabi/8.5.0/thumb/v6-m/nofp/libgcc.a(mulsf3.o)
 .rodata        0x1000931c      0x101 /opt/homebrew/Cellar/arm-none-eabi-gcc@8/8.5.0_2/lib/arm-none-eabi-gcc/8/gcc/arm-none-eabi/8.5.0/../../../../../../arm-none-eabi/lib/thumb/v6-m/nofp/libg_nano.a(lib_a-ctype_.o)
                0x1000931c                _ctype_
 *(.rodata.*)
 .rodata.CIE1931_CURVE
                0x1000941d      0x100 /var/folders/tr/p8fgs8cd4pn1v7l1rzxd4yfr0000gn/T//ccLV2jr4.ltrans0.ltrans.o
 *fill*         0x1000951d        0x3 
 .rodata.CSWTCH.0
                0x10009520        0xc /var/folders/tr/p8fgs8cd4pn1v7l1rzxd4yfr0000gn/T//ccLV2jr4.ltrans0.ltrans.o
 .rodata.CSWTCH.1
                0x1000952c        0x3 /var/folders/tr/p8fgs8cd4pn1v7l1rzxd4yfr0000gn/T//ccLV2jr4.ltrans0.ltrans.o
 *fill*         0x1000952f        0x1 
 .rodata.CSWTCH.2
                0x10009530        0xc /var/folders/tr/p8fgs8cd4pn1v7l1rzxd4yfr0000gn/T//ccLV2jr4.ltrans0.ltrans.o
 .rodata.CSWTCH.3
                0x1000953c        0xc /var/folders/tr/p8fgs8cd4pn1v7l1rzxd4yfr0000gn/T//ccLV2jr4.ltrans0.ltrans.o
 .rodata.CSWTCH.4
                0x10009548        0x3 /var/folders/tr/p8fgs8cd4pn1v7l1rzxd4yfr0000gn/T//ccLV2jr4.ltrans0.ltrans.o
 .rodata.CSWTCH.8
                0x1000954b        0x3 /var/folders/tr/p8fgs8cd4pn1v7l1rzxd4yfr0000gn/T//ccLV2jr4.ltrans0.ltrans.o
 .rodata.CSWTCH.9
                0x1000954e       0x36 /var/folders/tr/p8fgs8cd4pn1v7l1rzxd4yfr0000gn/T//ccLV2jr4.ltrans0.ltrans.o
 .rodata.ConfigurationDescriptor
                0x10009584       0x5b /var/folders/tr/p8fgs8cd4pn1v7l1rzxd4yfr0000gn/T//ccLV2jr4.ltrans0.ltrans.o
 .rodata.DeviceDescriptor
                0x100095df       0x12 /var/folders/tr/p8fgs8cd4pn1v7l1rzxd4yfr0000gn/T//ccLV2jr4.ltrans0.ltrans.o
 .rodata.KeyboardReport
                0x100095f1       0x44 /var/folders/tr/p8fgs8cd4pn1v7l1rzxd4yfr0000gn/T//ccLV2jr4.ltrans0.ltrans.o
 .rodata.LanguageString
                0x10009635        0x4 /var/folders/tr/p8fgs8cd4pn1v7l1rzxd4yfr0000gn/T//ccLV2jr4.ltrans0.ltrans.o
 .rodata.ManufacturerString
                0x10009639       0x12 /var/folders/tr/p8fgs8cd4pn1v7l1rzxd4yfr0000gn/T//ccLV2jr4.ltrans0.ltrans.o
 .rodata.ProductString
                0x1000964b        0xe /var/folders/tr/p8fgs8cd4pn1v7l1rzxd4yfr0000gn/T//ccLV2jr4.ltrans0.ltrans.o
 .rodata.RGBLED_BREATHING_INTERVALS
                0x10009659        0x4 /var/folders/tr/p8fgs8cd4pn1v7l1rzxd4yfr0000gn/T//ccLV2jr4.ltrans0.ltrans.o
 .rodata.RGBLED_GRADIENT_RANGES
                0x1000965d        0x5 /var/folders/tr/p8fgs8cd4pn1v7l1rzxd4yfr0000gn/T//ccLV2jr4.ltrans0.ltrans.o
 .rodata.RGBLED_KNIGHT_INTERVALS
                0x10009662        0x3 /var/folders/tr/p8fgs8cd4pn1v7l1rzxd4yfr0000gn/T//ccLV2jr4.ltrans0.ltrans.o
 .rodata.RGBLED_RAINBOW_MOOD_INTERVALS
                0x10009665        0x3 /var/folders/tr/p8fgs8cd4pn1v7l1rzxd4yfr0000gn/T//ccLV2jr4.ltrans0.ltrans.o
 .rodata.RGBLED_RAINBOW_SWIRL_INTERVALS
                0x10009668        0x3 /var/folders/tr/p8fgs8cd4pn1v7l1rzxd4yfr0000gn/T//ccLV2jr4.ltrans0.ltrans.o
 .rodata.RawReport
                0x1000966b       0x22 /var/folders/tr/p8fgs8cd4pn1v7l1rzxd4yfr0000gn/T//ccLV2jr4.ltrans0.ltrans.o
 .rodata.SharedReport
                0x1000968d       0x6d /var/folders/tr/p8fgs8cd4pn1v7l1rzxd4yfr0000gn/T//ccLV2jr4.ltrans0.ltrans.o
 .rodata.Vector80.str1.1
                0x100096fa       0x76 /var/folders/tr/p8fgs8cd4pn1v7l1rzxd4yfr0000gn/T//ccLV2jr4.ltrans0.ltrans.o
                                  0xd (size before relaxing)
 .rodata.__rp_dma_channels
                0x10009770       0xc0 /var/folders/tr/p8fgs8cd4pn1v7l1rzxd4yfr0000gn/T//ccLV2jr4.ltrans0.ltrans.o
 .rodata.active_status
                0x10009830        0x2 /var/folders/tr/p8fgs8cd4pn1v7l1rzxd4yfr0000gn/T//ccLV2jr4.ltrans0.ltrans.o
 *fill*         0x10009832        0x2 
 .rodata.alarm_irqs
                0x10009834       0x20 /var/folders/tr/p8fgs8cd4pn1v7l1rzxd4yfr0000gn/T//ccLV2jr4.ltrans0.ltrans.o
 .rodata.ascii_to_altgr_lut
                0x10009854       0x10 /var/folders/tr/p8fgs8cd4pn1v7l1rzxd4yfr0000gn/T//ccLV2jr4.ltrans0.ltrans.o
 .rodata.ascii_to_keycode_lut
                0x10009864       0x80 /var/folders/tr/p8fgs8cd4pn1v7l1rzxd4yfr0000gn/T//ccLV2jr4.ltrans0.ltrans.o
 .rodata.ascii_to_shift_lut
                0x100098e4       0x10 /var/folders/tr/p8fgs8cd4pn1v7l1rzxd4yfr0000gn/T//ccLV2jr4.ltrans0.ltrans.o
 .rodata.ch_core0_cfg
                0x100098f4        0xc /var/folders/tr/p8fgs8cd4pn1v7l1rzxd4yfr0000gn/T//ccLV2jr4.ltrans0.ltrans.o
 .rodata.code_to_name
                0x10009900       0x3c /var/folders/tr/p8fgs8cd4pn1v7l1rzxd4yfr0000gn/T//ccLV2jr4.ltrans0.ltrans.o
 .rodata.col_pins
                0x1000993c       0x18 /var/folders/tr/p8fgs8cd4pn1v7l1rzxd4yfr0000gn/T//ccLV2jr4.ltrans0.ltrans.o
 .rodata.crkbd_logo.13141
                0x10009954       0x40 /var/folders/tr/p8fgs8cd4pn1v7l1rzxd4yfr0000gn/T//ccLV2jr4.ltrans0.ltrans.o
 .rodata.display_flipped.9055
                0x10009994        0x5 /var/folders/tr/p8fgs8cd4pn1v7l1rzxd4yfr0000gn/T//ccLV2jr4.ltrans0.ltrans.o
 .rodata.display_normal.9054
                0x10009999        0x5 /var/folders/tr/p8fgs8cd4pn1v7l1rzxd4yfr0000gn/T//ccLV2jr4.ltrans0.ltrans.o
 .rodata.display_off.9204
                0x1000999e        0x2 /var/folders/tr/p8fgs8cd4pn1v7l1rzxd4yfr0000gn/T//ccLV2jr4.ltrans0.ltrans.o
 .rodata.display_on.9200
                0x100099a0        0x2 /var/folders/tr/p8fgs8cd4pn1v7l1rzxd4yfr0000gn/T//ccLV2jr4.ltrans0.ltrans.o
 .rodata.display_setup1.9053
                0x100099a2        0xb /var/folders/tr/p8fgs8cd4pn1v7l1rzxd4yfr0000gn/T//ccLV2jr4.ltrans0.ltrans.o
 .rodata.display_setup2.9056
                0x100099ad        0xd /var/folders/tr/p8fgs8cd4pn1v7l1rzxd4yfr0000gn/T//ccLV2jr4.ltrans0.ltrans.o
 *fill*         0x100099ba        0x2 
 .rodata.ep0config
                0x100099bc       0x1c /var/folders/tr/p8fgs8cd4pn1v7l1rzxd4yfr0000gn/T//ccLV2jr4.ltrans0.ltrans.o
 .rodata.font   0x100099d8      0x540 /var/folders/tr/p8fgs8cd4pn1v7l1rzxd4yfr0000gn/T//ccLV2jr4.ltrans0.ltrans.o
 .rodata.halted_status
                0x10009f18        0x2 /var/folders/tr/p8fgs8cd4pn1v7l1rzxd4yfr0000gn/T//ccLV2jr4.ltrans0.ltrans.o
 *fill*         0x10009f1a        0x2 
 .rodata.kbd_ep_config
                0x10009f1c       0x1c /var/folders/tr/p8fgs8cd4pn1v7l1rzxd4yfr0000gn/T//ccLV2jr4.ltrans0.ltrans.o
 .rodata.keymaps
                0x10009f38      0x180 /var/folders/tr/p8fgs8cd4pn1v7l1rzxd4yfr0000gn/T//ccLV2jr4.ltrans0.ltrans.o
 .rodata.main.str1.1
                0x1000a0b8       0x31 /var/folders/tr/p8fgs8cd4pn1v7l1rzxd4yfr0000gn/T//ccLV2jr4.ltrans0.ltrans.o
 .rodata.mode_base_table
                0x1000a0b8       0x23 /var/folders/tr/p8fgs8cd4pn1v7l1rzxd4yfr0000gn/T//ccLV2jr4.ltrans0.ltrans.o
 .rodata.pio_add_program.str1.1
                0x1000a0db       0x11 /var/folders/tr/p8fgs8cd4pn1v7l1rzxd4yfr0000gn/T//ccLV2jr4.ltrans0.ltrans.o
 .rodata.pio_claim_unused_sm.str1.1
                0x1000a0db       0x24 /var/folders/tr/p8fgs8cd4pn1v7l1rzxd4yfr0000gn/T//ccLV2jr4.ltrans0.ltrans.o
 *fill*         0x1000a0db        0x1 
 .rodata.ram_areas
                0x1000a0dc       0x80 /var/folders/tr/p8fgs8cd4pn1v7l1rzxd4yfr0000gn/T//ccLV2jr4.ltrans0.ltrans.o
 .rodata.rgblight_effect_breathe_table
                0x1000a15c      0x100 /var/folders/tr/p8fgs8cd4pn1v7l1rzxd4yfr0000gn/T//ccLV2jr4.ltrans0.ltrans.o
 .rodata.row_pins
                0x1000a25c       0x10 /var/folders/tr/p8fgs8cd4pn1v7l1rzxd4yfr0000gn/T//ccLV2jr4.ltrans0.ltrans.o
 .rodata.shared_ep_config
                0x1000a26c       0x1c /var/folders/tr/p8fgs8cd4pn1v7l1rzxd4yfr0000gn/T//ccLV2jr4.ltrans0.ltrans.o
 .rodata.source_map.9107
                0x1000a288        0x4 /var/folders/tr/p8fgs8cd4pn1v7l1rzxd4yfr0000gn/T//ccLV2jr4.ltrans0.ltrans.o
 .rodata.split_shmem
                0x1000a28c        0x4 /var/folders/tr/p8fgs8cd4pn1v7l1rzxd4yfr0000gn/T//ccLV2jr4.ltrans0.ltrans.o
                0x1000a28c                split_shmem
 .rodata.str1.1
                0x1000a290        0x3 /var/folders/tr/p8fgs8cd4pn1v7l1rzxd4yfr0000gn/T//ccLV2jr4.ltrans0.ltrans.o
 .rodata.target_map.9108
                0x1000a290        0x4 /var/folders/tr/p8fgs8cd4pn1v7l1rzxd4yfr0000gn/T//ccLV2jr4.ltrans0.ltrans.o
 .rodata.usbcfg
                0x1000a294       0x10 /var/folders/tr/p8fgs8cd4pn1v7l1rzxd4yfr0000gn/T//ccLV2jr4.ltrans0.ltrans.o
 .rodata.vmt    0x1000a2a4       0x28 /var/folders/tr/p8fgs8cd4pn1v7l1rzxd4yfr0000gn/T//ccLV2jr4.ltrans0.ltrans.o
 .rodata.ws2812_program
                0x1000a2cc        0x6 /var/folders/tr/p8fgs8cd4pn1v7l1rzxd4yfr0000gn/T//ccLV2jr4.ltrans0.ltrans.o
 .rodata.ws2812_program_instructions
                0x1000a2d2        0xc /var/folders/tr/p8fgs8cd4pn1v7l1rzxd4yfr0000gn/T//ccLV2jr4.ltrans0.ltrans.o
 .rodata.zero_status
                0x1000a2de        0x2 /var/folders/tr/p8fgs8cd4pn1v7l1rzxd4yfr0000gn/T//ccLV2jr4.ltrans0.ltrans.o
 .rodata.uart_rx_program
                0x1000a2e0        0x6 .build/obj_crkbd_rev1_via/serial_vendor.a(serial_vendor.o)
 .rodata.uart_rx_program_instructions
                0x1000a2e6       0x12 .build/obj_crkbd_rev1_via/serial_vendor.a(serial_vendor.o)
 .rodata.uart_tx_program
                0x1000a2f8        0x6 .build/obj_crkbd_rev1_via/serial_vendor.a(serial_vendor.o)
 .rodata.uart_tx_program_instructions
                0x1000a2fe        0x8 .build/obj_crkbd_rev1_via/serial_vendor.a(serial_vendor.o)
 *fill*         0x1000a306        0x2 
 .rodata.i2cconfig
                0x1000a308        0x4 .build/obj_crkbd_rev1_via/i2c_master.a(i2c_master.o)
                0x1000a30c                        . = ALIGN (0x4)
                0x1000a30c                        __rodata_end__ = .

.rel.dyn        0x1000a30c        0x0
 .rel.iplt      0x1000a30c        0x0 .build/obj_crkbd_rev1_via/serial_protocol.a(serial_protocol.o)

.ARM.extab
 *(.ARM.extab* .gnu.linkonce.armextab.*)

.ARM.exidx      0x1000a30c        0x0
                0x1000a30c                        __exidx_base__ = .
                0x1000a30c                        __exidx_start = .
 *(.ARM.exidx* .gnu.linkonce.armexidx.*)
                0x1000a30c                        __exidx_end__ = .
                0x1000a30c                        __exidx_end = .

.eh_frame_hdr
 *(.eh_frame_hdr)

.eh_frame
 *(.eh_frame)

.data           0x20000000      0xa54 load address 0x1000a30c
                [!provide]                        PROVIDE (_textdata = LOADADDR (.data))
                [!provide]                        PROVIDE (_data = .)
                0x1000a30c                        __textdata_base__ = LOADADDR (.data)
                0x20000000                        __data_base__ = .
 *(vtable)
 *(.time_critical*)
 .time_critical.flash_enable_xip_via_boot2
                0x20000000       0x20 /var/folders/tr/p8fgs8cd4pn1v7l1rzxd4yfr0000gn/T//ccLV2jr4.ltrans0.ltrans.o
 .time_critical.flash_init_boot2_copyout
                0x20000020       0x30 /var/folders/tr/p8fgs8cd4pn1v7l1rzxd4yfr0000gn/T//ccLV2jr4.ltrans0.ltrans.o
 .time_critical.flash_range_erase
                0x20000050       0x60 /var/folders/tr/p8fgs8cd4pn1v7l1rzxd4yfr0000gn/T//ccLV2jr4.ltrans0.ltrans.o
 .time_critical.flash_was_aborted
                0x200000b0       0x10 /var/folders/tr/p8fgs8cd4pn1v7l1rzxd4yfr0000gn/T//ccLV2jr4.ltrans0.ltrans.o
 .time_critical.flash_cs_force
                0x200000c0       0x24 /var/folders/tr/p8fgs8cd4pn1v7l1rzxd4yfr0000gn/T//ccLV2jr4.ltrans0.ltrans.o
 .time_critical.flash_put_cmd_addr
                0x200000e4       0x24 /var/folders/tr/p8fgs8cd4pn1v7l1rzxd4yfr0000gn/T//ccLV2jr4.ltrans0.ltrans.o
 .time_critical.flash_put_get
                0x20000108       0x6a /var/folders/tr/p8fgs8cd4pn1v7l1rzxd4yfr0000gn/T//ccLV2jr4.ltrans0.ltrans.o
 .time_critical._flash_do_cmd
                0x20000172       0x22 /var/folders/tr/p8fgs8cd4pn1v7l1rzxd4yfr0000gn/T//ccLV2jr4.ltrans0.ltrans.o
 .time_critical.flash_enable_write
                0x20000194        0xe /var/folders/tr/p8fgs8cd4pn1v7l1rzxd4yfr0000gn/T//ccLV2jr4.ltrans0.ltrans.o
 .time_critical.flash_wait_ready
                0x200001a2       0x22 /var/folders/tr/p8fgs8cd4pn1v7l1rzxd4yfr0000gn/T//ccLV2jr4.ltrans0.ltrans.o
 .time_critical.pico_program_bulk
                0x200001c4       0x94 /var/folders/tr/p8fgs8cd4pn1v7l1rzxd4yfr0000gn/T//ccLV2jr4.ltrans0.ltrans.o
 .time_critical.enter_rx_state
                0x20000258       0x68 .build/obj_crkbd_rev1_via/serial_vendor.a(serial_vendor.o)
 .time_critical.leave_rx_state
                0x200002c0       0x60 .build/obj_crkbd_rev1_via/serial_vendor.a(serial_vendor.o)
 .time_critical.__wrap___aeabi_idiv
                0x20000320       0x40 .build/obj_crkbd_rev1_via/./lib/pico-sdk/src/rp2_common/pico_divider/divider.o
                0x20000320                __wrap___aeabi_idivmod
                0x20000320                divmod_s32s32
                0x20000320                div_s32s32
                0x20000320                __wrap___aeabi_idiv
                0x20000320                divmod_s32s32_unsafe
 .time_critical.__wrap___aeabi_uidiv
                0x20000360       0x3c .build/obj_crkbd_rev1_via/./lib/pico-sdk/src/rp2_common/pico_divider/divider.o
                0x20000360                divmod_u32u32_unsafe
                0x20000360                __wrap___aeabi_uidiv
                0x20000360                __wrap___aeabi_uidivmod
                0x20000360                div_u32u32
                0x20000360                divmod_u32u32
 .time_critical.__wrap___aeabi_ldiv
                0x2000039c      0x3ec .build/obj_crkbd_rev1_via/./lib/pico-sdk/src/rp2_common/pico_divider/divider.o
                0x2000039c                __wrap___aeabi_ldivmod
                0x2000039c                div_s64s64
                0x2000039c                divmod_s64s64
                0x200003b0                divmod_u64u64
                0x200003b0                __wrap___aeabi_uldivmod
                0x200003b0                div_u64u64
                0x200003c4                divmod_s64s64_unsafe
                0x2000044c                divmod_u64u64_unsafe
 .time_critical.__aeabi_lmul
                0x20000788       0x32 .build/obj_crkbd_rev1_via/./lib/pico-sdk/src/rp2_common/pico_int64_ops/pico_int64_ops_aeabi.o
                0x20000788                __wrap___aeabi_lmul
 *fill*         0x200007ba        0x6 
 .time_critical.__aeabi_lmul.__stub
                0x200007c0       0x90 linker stubs
                0x20000850                        . = ALIGN (0x4)
 *fill*         0x20000850        0x0 
 *(.data)
 *(.data.*)
 .data.SPLIT_SHARED_MEMORY_MUTEX
                0x20000850       0x10 /var/folders/tr/p8fgs8cd4pn1v7l1rzxd4yfr0000gn/T//ccLV2jr4.ltrans0.ltrans.o
 .data.STATE_MACHINE
                0x20000860        0x4 /var/folders/tr/p8fgs8cd4pn1v7l1rzxd4yfr0000gn/T//ccLV2jr4.ltrans0.ltrans.o
 .data.TRANSFER_COUNTER
                0x20000864        0xc /var/folders/tr/p8fgs8cd4pn1v7l1rzxd4yfr0000gn/T//ccLV2jr4.ltrans0.ltrans.o
 .data.chibios_driver
                0x20000870       0x14 /var/folders/tr/p8fgs8cd4pn1v7l1rzxd4yfr0000gn/T//ccLV2jr4.ltrans0.ltrans.o
 .data.display_start.9106
                0x20000884        0x7 /var/folders/tr/p8fgs8cd4pn1v7l1rzxd4yfr0000gn/T//ccLV2jr4.ltrans0.ltrans.o
 *fill*         0x2000088b        0x1 
 .data.drivers  0x2000088c      0x15c /var/folders/tr/p8fgs8cd4pn1v7l1rzxd4yfr0000gn/T//ccLV2jr4.ltrans0.ltrans.o
 .data.func     0x200009e8        0x4 /var/folders/tr/p8fgs8cd4pn1v7l1rzxd4yfr0000gn/T//ccLV2jr4.ltrans0.ltrans.o
 .data.high_bound.7780
                0x200009ec        0x1 /var/folders/tr/p8fgs8cd4pn1v7l1rzxd4yfr0000gn/T//ccLV2jr4.ltrans0.ltrans.o
 .data.increment.7781
                0x200009ed        0x1 /var/folders/tr/p8fgs8cd4pn1v7l1rzxd4yfr0000gn/T//ccLV2jr4.ltrans0.ltrans.o
 .data.increment.7793
                0x200009ee        0x1 /var/folders/tr/p8fgs8cd4pn1v7l1rzxd4yfr0000gn/T//ccLV2jr4.ltrans0.ltrans.o
 .data.isLeftHand
                0x200009ef        0x1 /var/folders/tr/p8fgs8cd4pn1v7l1rzxd4yfr0000gn/T//ccLV2jr4.ltrans0.ltrans.o
 .data.key_name
                0x200009f0        0x1 /var/folders/tr/p8fgs8cd4pn1v7l1rzxd4yfr0000gn/T//ccLV2jr4.ltrans0.ltrans.o
 *fill*         0x200009f1        0x1 
 .data.keyboard_protocol
                0x200009f2        0x1 /var/folders/tr/p8fgs8cd4pn1v7l1rzxd4yfr0000gn/T//ccLV2jr4.ltrans0.ltrans.o
 *fill*         0x200009f3        0x1 
 .data.last_num.13249
                0x200009f4        0x2 /var/folders/tr/p8fgs8cd4pn1v7l1rzxd4yfr0000gn/T//ccLV2jr4.ltrans0.ltrans.o
 .data.linecoding
                0x200009f6        0x7 /var/folders/tr/p8fgs8cd4pn1v7l1rzxd4yfr0000gn/T//ccLV2jr4.ltrans0.ltrans.o
 .data.rgblight_ranges
                0x200009fd        0x5 /var/folders/tr/p8fgs8cd4pn1v7l1rzxd4yfr0000gn/T//ccLV2jr4.ltrans0.ltrans.o
 *fill*         0x20000a02        0x2 
 .data.split_transaction_table
                0x20000a04       0x3c /var/folders/tr/p8fgs8cd4pn1v7l1rzxd4yfr0000gn/T//ccLV2jr4.ltrans0.ltrans.o
                0x20000a04                split_transaction_table
 .data.static_effect_table
                0x20000a40        0xb /var/folders/tr/p8fgs8cd4pn1v7l1rzxd4yfr0000gn/T//ccLV2jr4.ltrans0.ltrans.o
 *fill*         0x20000a4b        0x1 
 .data.rx_state_machine
                0x20000a4c        0x4 .build/obj_crkbd_rev1_via/serial_vendor.a(serial_vendor.o)
 .data.tx_state_machine
                0x20000a50        0x4 .build/obj_crkbd_rev1_via/serial_vendor.a(serial_vendor.o)
 *(.ramtext)
                0x20000a54                        . = ALIGN (0x4)
                [!provide]                        PROVIDE (_edata = .)
                0x20000a54                        __data_end__ = .

.igot.plt       0x20000a54        0x0 load address 0x1000ad60
 .igot.plt      0x20000a54        0x0 .build/obj_crkbd_rev1_via/serial_protocol.a(serial_protocol.o)

.bss            0x20000a58     0x20b4 load address 0x1000ad60
                0x20000a58                        __bss_base__ = .
 *(.bss)
 *(.bss.*)
 .bss.ADCD1     0x20000a58       0x38 /var/folders/tr/p8fgs8cd4pn1v7l1rzxd4yfr0000gn/T//ccLV2jr4.ltrans0.ltrans.o
 .bss.BOOT2_ROM_RAM
                0x20000a90      0x100 /var/folders/tr/p8fgs8cd4pn1v7l1rzxd4yfr0000gn/T//ccLV2jr4.ltrans0.ltrans.o
 .bss.LAST_TRANSFER
                0x20000b90        0x8 /var/folders/tr/p8fgs8cd4pn1v7l1rzxd4yfr0000gn/T//ccLV2jr4.ltrans0.ltrans.o
 .bss.RP_DMA_MODE_WS2812
                0x20000b98        0x4 /var/folders/tr/p8fgs8cd4pn1v7l1rzxd4yfr0000gn/T//ccLV2jr4.ltrans0.ltrans.o
 .bss.SPID0     0x20000b9c       0x30 /var/folders/tr/p8fgs8cd4pn1v7l1rzxd4yfr0000gn/T//ccLV2jr4.ltrans0.ltrans.o
 .bss.USBD1     0x20000bcc       0xe4 /var/folders/tr/p8fgs8cd4pn1v7l1rzxd4yfr0000gn/T//ccLV2jr4.ltrans0.ltrans.o
 .bss.WS2812_BUFFER
                0x20000cb0       0xd8 /var/folders/tr/p8fgs8cd4pn1v7l1rzxd4yfr0000gn/T//ccLV2jr4.ltrans0.ltrans.o
 .bss.WS2812_DMA_CHANNEL
                0x20000d88        0x4 /var/folders/tr/p8fgs8cd4pn1v7l1rzxd4yfr0000gn/T//ccLV2jr4.ltrans0.ltrans.o
 .bss.__compound_literal.0.lto_priv.198
                0x20000d8c        0x8 /var/folders/tr/p8fgs8cd4pn1v7l1rzxd4yfr0000gn/T//ccLV2jr4.ltrans0.ltrans.o
 .bss.__compound_literal.0.lto_priv.199
                0x20000d94       0x90 /var/folders/tr/p8fgs8cd4pn1v7l1rzxd4yfr0000gn/T//ccLV2jr4.ltrans0.ltrans.o
 .bss.__compound_literal.1.lto_priv.200
                0x20000e24       0x20 /var/folders/tr/p8fgs8cd4pn1v7l1rzxd4yfr0000gn/T//ccLV2jr4.ltrans0.ltrans.o
 .bss.__compound_literal.1.lto_priv.201
                0x20000e44       0x90 /var/folders/tr/p8fgs8cd4pn1v7l1rzxd4yfr0000gn/T//ccLV2jr4.ltrans0.ltrans.o
 .bss._used_instruction_space
                0x20000ed4        0x8 /var/folders/tr/p8fgs8cd4pn1v7l1rzxd4yfr0000gn/T//ccLV2jr4.ltrans0.ltrans.o
 .bss.animation_status
                0x20000edc        0x6 /var/folders/tr/p8fgs8cd4pn1v7l1rzxd4yfr0000gn/T//ccLV2jr4.ltrans0.ltrans.o
 *fill*         0x20000ee2        0x2 
 .bss.boot2_copyout
                0x20000ee4      0x100 /var/folders/tr/p8fgs8cd4pn1v7l1rzxd4yfr0000gn/T//ccLV2jr4.ltrans0.ltrans.o
 .bss.boot2_copyout_valid
                0x20000fe4        0x1 /var/folders/tr/p8fgs8cd4pn1v7l1rzxd4yfr0000gn/T//ccLV2jr4.ltrans0.ltrans.o
 .bss.buf.13248
                0x20000fe5        0x6 /var/folders/tr/p8fgs8cd4pn1v7l1rzxd4yfr0000gn/T//ccLV2jr4.ltrans0.ltrans.o
 *fill*         0x20000feb        0x1 
 .bss.bulk_write_buffer.5510
                0x20000fec       0x80 /var/folders/tr/p8fgs8cd4pn1v7l1rzxd4yfr0000gn/T//ccLV2jr4.ltrans0.ltrans.o
 .bss.ch_memcore
                0x2000106c        0x8 /var/folders/tr/p8fgs8cd4pn1v7l1rzxd4yfr0000gn/T//ccLV2jr4.ltrans0.ltrans.o
 .bss.ch_system
                0x20001074       0x10 /var/folders/tr/p8fgs8cd4pn1v7l1rzxd4yfr0000gn/T//ccLV2jr4.ltrans0.ltrans.o
 .bss.claimed   0x20001084        0x1 /var/folders/tr/p8fgs8cd4pn1v7l1rzxd4yfr0000gn/T//ccLV2jr4.ltrans0.ltrans.o
 *fill*         0x20001085        0x3 
 .bss.configured_freq
                0x20001088       0x28 /var/folders/tr/p8fgs8cd4pn1v7l1rzxd4yfr0000gn/T//ccLV2jr4.ltrans0.ltrans.o
 .bss.connection_check_timer.12319
                0x200010b0        0x2 /var/folders/tr/p8fgs8cd4pn1v7l1rzxd4yfr0000gn/T//ccLV2jr4.ltrans0.ltrans.o
 .bss.connection_errors
                0x200010b2        0x1 /var/folders/tr/p8fgs8cd4pn1v7l1rzxd4yfr0000gn/T//ccLV2jr4.ltrans0.ltrans.o
 .bss.debouncing
                0x200010b3        0x1 /var/folders/tr/p8fgs8cd4pn1v7l1rzxd4yfr0000gn/T//ccLV2jr4.ltrans0.ltrans.o
 .bss.debouncing_time
                0x200010b4        0x4 /var/folders/tr/p8fgs8cd4pn1v7l1rzxd4yfr0000gn/T//ccLV2jr4.ltrans0.ltrans.o
 .bss.debug_config
                0x200010b8        0x1 /var/folders/tr/p8fgs8cd4pn1v7l1rzxd4yfr0000gn/T//ccLV2jr4.ltrans0.ltrans.o
 .bss.default_layer_state
                0x200010b9        0x1 /var/folders/tr/p8fgs8cd4pn1v7l1rzxd4yfr0000gn/T//ccLV2jr4.ltrans0.ltrans.o
 *fill*         0x200010ba        0x2 
 .bss.descriptor.12668
                0x200010bc        0x8 /var/folders/tr/p8fgs8cd4pn1v7l1rzxd4yfr0000gn/T//ccLV2jr4.ltrans0.ltrans.o
 .bss.dma       0x200010c4       0x68 /var/folders/tr/p8fgs8cd4pn1v7l1rzxd4yfr0000gn/T//ccLV2jr4.ltrans0.ltrans.o
 .bss.driver.lto_priv.196
                0x2000112c        0x4 /var/folders/tr/p8fgs8cd4pn1v7l1rzxd4yfr0000gn/T//ccLV2jr4.ltrans0.ltrans.o
 .bss.driver.lto_priv.197
                0x20001130        0x4 /var/folders/tr/p8fgs8cd4pn1v7l1rzxd4yfr0000gn/T//ccLV2jr4.ltrans0.ltrans.o
 .bss.ep0_state
                0x20001134       0x3c /var/folders/tr/p8fgs8cd4pn1v7l1rzxd4yfr0000gn/T//ccLV2jr4.ltrans0.ltrans.o
 .bss.event_queue
                0x20001170       0x10 /var/folders/tr/p8fgs8cd4pn1v7l1rzxd4yfr0000gn/T//ccLV2jr4.ltrans0.ltrans.o
 .bss.event_queue_head
                0x20001180        0x1 /var/folders/tr/p8fgs8cd4pn1v7l1rzxd4yfr0000gn/T//ccLV2jr4.ltrans0.ltrans.o
 .bss.event_queue_tail
                0x20001181        0x1 /var/folders/tr/p8fgs8cd4pn1v7l1rzxd4yfr0000gn/T//ccLV2jr4.ltrans0.ltrans.o
 .bss.grave_esc_was_shifted
                0x20001182        0x1 /var/folders/tr/p8fgs8cd4pn1v7l1rzxd4yfr0000gn/T//ccLV2jr4.ltrans0.ltrans.o
 *fill*         0x20001183        0x1 
 .bss.interrupts
                0x20001184        0x4 /var/folders/tr/p8fgs8cd4pn1v7l1rzxd4yfr0000gn/T//ccLV2jr4.ltrans0.ltrans.o
 .bss.is_initialized.10660
                0x20001188        0x1 /var/folders/tr/p8fgs8cd4pn1v7l1rzxd4yfr0000gn/T//ccLV2jr4.ltrans0.ltrans.o
 .bss.is_rgblight_initialized
                0x20001189        0x1 /var/folders/tr/p8fgs8cd4pn1v7l1rzxd4yfr0000gn/T//ccLV2jr4.ltrans0.ltrans.o
 *fill*         0x2000118a        0x2 
 .bss.kbd_ep_state
                0x2000118c       0x20 /var/folders/tr/p8fgs8cd4pn1v7l1rzxd4yfr0000gn/T//ccLV2jr4.ltrans0.ltrans.o
 .bss.keyboard_idle
                0x200011ac        0x1 /var/folders/tr/p8fgs8cd4pn1v7l1rzxd4yfr0000gn/T//ccLV2jr4.ltrans0.ltrans.o
 *fill*         0x200011ad        0x3 
 .bss.keyboard_idle_timer
                0x200011b0       0x18 /var/folders/tr/p8fgs8cd4pn1v7l1rzxd4yfr0000gn/T//ccLV2jr4.ltrans0.ltrans.o
 .bss.keyboard_led_state
                0x200011c8        0x1 /var/folders/tr/p8fgs8cd4pn1v7l1rzxd4yfr0000gn/T//ccLV2jr4.ltrans0.ltrans.o
 .bss.keyboard_report_sent
                0x200011c9        0x8 /var/folders/tr/p8fgs8cd4pn1v7l1rzxd4yfr0000gn/T//ccLV2jr4.ltrans0.ltrans.o
 *fill*         0x200011d1        0x1 
 .bss.keymap_config
                0x200011d2        0x2 /var/folders/tr/p8fgs8cd4pn1v7l1rzxd4yfr0000gn/T//ccLV2jr4.ltrans0.ltrans.o
 .bss.last_col  0x200011d4        0x1 /var/folders/tr/p8fgs8cd4pn1v7l1rzxd4yfr0000gn/T//ccLV2jr4.ltrans0.ltrans.o
 .bss.last_connected.12357
                0x200011d5        0x1 /var/folders/tr/p8fgs8cd4pn1v7l1rzxd4yfr0000gn/T//ccLV2jr4.ltrans0.ltrans.o
 .bss.last_consumer_usage
                0x200011d6        0x2 /var/folders/tr/p8fgs8cd4pn1v7l1rzxd4yfr0000gn/T//ccLV2jr4.ltrans0.ltrans.o
 .bss.last_keycode
                0x200011d8        0x2 /var/folders/tr/p8fgs8cd4pn1v7l1rzxd4yfr0000gn/T//ccLV2jr4.ltrans0.ltrans.o
 .bss.last_led_status.11247
                0x200011da        0x1 /var/folders/tr/p8fgs8cd4pn1v7l1rzxd4yfr0000gn/T//ccLV2jr4.ltrans0.ltrans.o
 .bss.last_matrix.12832
                0x200011db        0x4 /var/folders/tr/p8fgs8cd4pn1v7l1rzxd4yfr0000gn/T//ccLV2jr4.ltrans0.ltrans.o
 .bss.last_pad.13250
                0x200011df        0x1 /var/folders/tr/p8fgs8cd4pn1v7l1rzxd4yfr0000gn/T//ccLV2jr4.ltrans0.ltrans.o
 .bss.last_report.8220
                0x200011e0        0x8 /var/folders/tr/p8fgs8cd4pn1v7l1rzxd4yfr0000gn/T//ccLV2jr4.ltrans0.ltrans.o
 .bss.last_report.8224
                0x200011e8       0x20 /var/folders/tr/p8fgs8cd4pn1v7l1rzxd4yfr0000gn/T//ccLV2jr4.ltrans0.ltrans.o
 .bss.last_row  0x20001208        0x1 /var/folders/tr/p8fgs8cd4pn1v7l1rzxd4yfr0000gn/T//ccLV2jr4.ltrans0.ltrans.o
 .bss.last_suspend_state
                0x20001209        0x1 /var/folders/tr/p8fgs8cd4pn1v7l1rzxd4yfr0000gn/T//ccLV2jr4.ltrans0.ltrans.o
 *fill*         0x2000120a        0x2 
 .bss.last_sync_timer.12859
                0x2000120c        0x4 /var/folders/tr/p8fgs8cd4pn1v7l1rzxd4yfr0000gn/T//ccLV2jr4.ltrans0.ltrans.o
 .bss.last_system_usage
                0x20001210        0x2 /var/folders/tr/p8fgs8cd4pn1v7l1rzxd4yfr0000gn/T//ccLV2jr4.ltrans0.ltrans.o
 .bss.last_tick.12742
                0x20001212        0x2 /var/folders/tr/p8fgs8cd4pn1v7l1rzxd4yfr0000gn/T//ccLV2jr4.ltrans0.ltrans.o
 .bss.last_ticks
                0x20001214        0x4 /var/folders/tr/p8fgs8cd4pn1v7l1rzxd4yfr0000gn/T//ccLV2jr4.ltrans0.ltrans.o
 .bss.last_update.12831
                0x20001218        0x4 /var/folders/tr/p8fgs8cd4pn1v7l1rzxd4yfr0000gn/T//ccLV2jr4.ltrans0.ltrans.o
 .bss.last_update.12843
                0x2000121c        0x4 /var/folders/tr/p8fgs8cd4pn1v7l1rzxd4yfr0000gn/T//ccLV2jr4.ltrans0.ltrans.o
 .bss.last_update.12852
                0x20001220        0x4 /var/folders/tr/p8fgs8cd4pn1v7l1rzxd4yfr0000gn/T//ccLV2jr4.ltrans0.ltrans.o
 .bss.last_update.12864
                0x20001224        0x4 /var/folders/tr/p8fgs8cd4pn1v7l1rzxd4yfr0000gn/T//ccLV2jr4.ltrans0.ltrans.o
 .bss.layer_state
                0x20001228        0x1 /var/folders/tr/p8fgs8cd4pn1v7l1rzxd4yfr0000gn/T//ccLV2jr4.ltrans0.ltrans.o
 .bss.led       0x20001229       0xa2 /var/folders/tr/p8fgs8cd4pn1v7l1rzxd4yfr0000gn/T//ccLV2jr4.ltrans0.ltrans.o
 .bss.low_bound.7779
                0x200012cb        0x1 /var/folders/tr/p8fgs8cd4pn1v7l1rzxd4yfr0000gn/T//ccLV2jr4.ltrans0.ltrans.o
 .bss.matrix    0x200012cc        0x8 /var/folders/tr/p8fgs8cd4pn1v7l1rzxd4yfr0000gn/T//ccLV2jr4.ltrans0.ltrans.o
 .bss.matrix_previous.12749
                0x200012d4        0x8 /var/folders/tr/p8fgs8cd4pn1v7l1rzxd4yfr0000gn/T//ccLV2jr4.ltrans0.ltrans.o
 .bss.ms_offset
                0x200012dc        0x4 /var/folders/tr/p8fgs8cd4pn1v7l1rzxd4yfr0000gn/T//ccLV2jr4.ltrans0.ltrans.o
 .bss.oled_active
                0x200012e0        0x1 /var/folders/tr/p8fgs8cd4pn1v7l1rzxd4yfr0000gn/T//ccLV2jr4.ltrans0.ltrans.o
 .bss.oled_buffer
                0x200012e1      0x200 /var/folders/tr/p8fgs8cd4pn1v7l1rzxd4yfr0000gn/T//ccLV2jr4.ltrans0.ltrans.o
 *fill*         0x200014e1        0x3 
 .bss.oled_cursor
                0x200014e4        0x4 /var/folders/tr/p8fgs8cd4pn1v7l1rzxd4yfr0000gn/T//ccLV2jr4.ltrans0.ltrans.o
 .bss.oled_dirty
                0x200014e8        0x2 /var/folders/tr/p8fgs8cd4pn1v7l1rzxd4yfr0000gn/T//ccLV2jr4.ltrans0.ltrans.o
 .bss.oled_initialized