Archive member included to satisfy reference by file (symbol)

/opt/homebrew/Cellar/avr-gcc@8/8.5.0_2/lib/avr-gcc/8/gcc/avr/8.5.0/avr5/libgcc.a(_divmodhi4.o)
                              .build/obj_foostan_cornelius_via/quantum/mousekey.o (__divmodhi4)
/opt/homebrew/Cellar/avr-gcc@8/8.5.0_2/lib/avr-gcc/8/gcc/avr/8.5.0/avr5/libgcc.a(_udivmodsi4.o)
                              .build/obj_foostan_cornelius_via/quantum/quantum.o (__udivmodsi4)
/opt/homebrew/Cellar/avr-gcc@8/8.5.0_2/lib/avr-gcc/8/gcc/avr/8.5.0/avr5/libgcc.a(_exit.o)
                              /opt/homebrew/Cellar/avr-gcc@8/8.5.0_2/lib/avr-gcc/8/gcc/avr/8.5.0/../../../../../../avr/lib/avr5/crtatmega32u4.o (exit)
/opt/homebrew/Cellar/avr-gcc@8/8.5.0_2/lib/avr-gcc/8/gcc/avr/8.5.0/avr5/libgcc.a(_tablejump2.o)
                              .build/obj_foostan_cornelius_via/quantum/action.o (__tablejump2__)
/opt/homebrew/Cellar/avr-gcc@8/8.5.0_2/lib/avr-gcc/8/gcc/avr/8.5.0/avr5/libgcc.a(_copy_data.o)
                              .build/obj_foostan_cornelius_via/quantum/quantum.o (__do_copy_data)
/opt/homebrew/Cellar/avr-gcc@8/8.5.0_2/lib/avr-gcc/8/gcc/avr/8.5.0/avr5/libgcc.a(_clear_bss.o)
                              .build/obj_foostan_cornelius_via/quantum/quantum.o (__do_clear_bss)
/opt/homebrew/Cellar/avr-gcc@8/8.5.0_2/lib/avr-gcc/8/gcc/avr/8.5.0/avr5/libgcc.a(_bswapsi2.o)
                              .build/obj_foostan_cornelius_via/quantum/via.o (__bswapsi2)
/opt/homebrew/Cellar/avr-gcc@8/8.5.0_2/lib/avr-gcc/8/gcc/avr/8.5.0/avr5/libgcc.a(_prologue.o)
                              .build/obj_foostan_cornelius_via/quantum/quantum.o (__prologue_saves__)
/opt/homebrew/Cellar/avr-gcc@8/8.5.0_2/lib/avr-gcc/8/gcc/avr/8.5.0/avr5/libgcc.a(_epilogue.o)
                              .build/obj_foostan_cornelius_via/quantum/quantum.o (__epilogue_restores__)
/opt/homebrew/Cellar/avr-gcc@8/8.5.0_2/lib/avr-gcc/8/gcc/avr/8.5.0/avr5/libgcc.a(_udivmodhi4.o)
                              /opt/homebrew/Cellar/avr-gcc@8/8.5.0_2/lib/avr-gcc/8/gcc/avr/8.5.0/avr5/libgcc.a(_divmodhi4.o) (__udivmodhi4)
/opt/homebrew/Cellar/avr-gcc@8/8.5.0_2/lib/avr-gcc/8/gcc/avr/8.5.0/../../../../../../avr/lib/avr5/libc.a(memcmp.o)
                              .build/obj_foostan_cornelius_via/quantum/action_util.o (memcmp)
/opt/homebrew/Cellar/avr-gcc@8/8.5.0_2/lib/avr-gcc/8/gcc/avr/8.5.0/../../../../../../avr/lib/avr5/libc.a(memcpy.o)
                              .build/obj_foostan_cornelius_via/quantum/debounce/sym_defer_g.o (memcpy)
/opt/homebrew/Cellar/avr-gcc@8/8.5.0_2/lib/avr-gcc/8/gcc/avr/8.5.0/../../../../../../avr/lib/avr5/libatmega32u4.a(eerd_byte.o)
                              .build/obj_foostan_cornelius_via/quantum/eeconfig.o (eeprom_read_byte)
/opt/homebrew/Cellar/avr-gcc@8/8.5.0_2/lib/avr-gcc/8/gcc/avr/8.5.0/../../../../../../avr/lib/avr5/libatmega32u4.a(eerd_dword.o)
                              .build/obj_foostan_cornelius_via/quantum/eeconfig.o (eeprom_read_dword)
/opt/homebrew/Cellar/avr-gcc@8/8.5.0_2/lib/avr-gcc/8/gcc/avr/8.5.0/../../../../../../avr/lib/avr5/libatmega32u4.a(eerd_word.o)
                              .build/obj_foostan_cornelius_via/quantum/eeconfig.o (eeprom_read_word)
/opt/homebrew/Cellar/avr-gcc@8/8.5.0_2/lib/avr-gcc/8/gcc/avr/8.5.0/../../../../../../avr/lib/avr5/libatmega32u4.a(eeupd_block.o)
                              .build/obj_foostan_cornelius_via/quantum/eeconfig.o (eeprom_update_block)
/opt/homebrew/Cellar/avr-gcc@8/8.5.0_2/lib/avr-gcc/8/gcc/avr/8.5.0/../../../../../../avr/lib/avr5/libatmega32u4.a(eeupd_byte.o)
                              .build/obj_foostan_cornelius_via/quantum/eeconfig.o (eeprom_update_byte)
/opt/homebrew/Cellar/avr-gcc@8/8.5.0_2/lib/avr-gcc/8/gcc/avr/8.5.0/../../../../../../avr/lib/avr5/libatmega32u4.a(eeupd_dword.o)
                              .build/obj_foostan_cornelius_via/quantum/eeconfig.o (eeprom_update_dword)
/opt/homebrew/Cellar/avr-gcc@8/8.5.0_2/lib/avr-gcc/8/gcc/avr/8.5.0/../../../../../../avr/lib/avr5/libatmega32u4.a(eeupd_word.o)
                              .build/obj_foostan_cornelius_via/quantum/eeconfig.o (eeprom_update_word)
/opt/homebrew/Cellar/avr-gcc@8/8.5.0_2/lib/avr-gcc/8/gcc/avr/8.5.0/../../../../../../avr/lib/avr5/libatmega32u4.a(eerd_block.o)
                              /opt/homebrew/Cellar/avr-gcc@8/8.5.0_2/lib/avr-gcc/8/gcc/avr/8.5.0/../../../../../../avr/lib/avr5/libatmega32u4.a(eerd_dword.o) (eeprom_read_blraw)

Allocating common symbols
Common symbol       size              file

USB_IsInitialized   0x1               .build/obj_foostan_cornelius_via/lib/lufa/LUFA/Drivers/USB/Core/USBTask.o
keymap_config       0x2               .build/obj_foostan_cornelius_via/quantum/keycode_config.o
USB_DeviceState     0x1               .build/obj_foostan_cornelius_via/lib/lufa/LUFA/Drivers/USB/Core/USBTask.o
USB_Device_ConfigurationNumber
                    0x1               .build/obj_foostan_cornelius_via/lib/lufa/LUFA/Drivers/USB/Core/DeviceStandardReq.o
[...]
Memory Configuration

Name             Origin             Length             Attributes
text             0x00000000         0x00020000         xr
data             0x00800060         0x0000ffa0         rw!x
eeprom           0x00810000         0x00010000         rw!x
fuse             0x00820000         0x00000003         rw!x
lock             0x00830000         0x00000400         rw!x
signature        0x00840000         0x00000400         rw!x
user_signatures  0x00850000         0x00000400         rw!x
*default*        0x00000000         0xffffffff

Linker script and memory map

Address of section .data set to 0x800100
LOAD /opt/homebrew/Cellar/avr-gcc@8/8.5.0_2/lib/avr-gcc/8/gcc/avr/8.5.0/../../../../../../avr/lib/avr5/crtatmega32u4.o
LOAD .build/obj_foostan_cornelius_via/.build/obj_foostan_cornelius_via/src/default_keyboard.o
LOAD .build/obj_foostan_cornelius_via/quantum/keymap_introspection.o
LOAD .build/obj_foostan_cornelius_via/quantum/quantum.o
LOAD .build/obj_foostan_cornelius_via/quantum/bitwise.o
LOAD .build/obj_foostan_cornelius_via/quantum/led.o
LOAD .build/obj_foostan_cornelius_via/quantum/action.o
LOAD .build/obj_foostan_cornelius_via/quantum/action_layer.o
LOAD .build/obj_foostan_cornelius_via/quantum/action_tapping.o
LOAD .build/obj_foostan_cornelius_via/quantum/action_util.o
LOAD .build/obj_foostan_cornelius_via/quantum/eeconfig.o
LOAD .build/obj_foostan_cornelius_via/quantum/keyboard.o
LOAD .build/obj_foostan_cornelius_via/quantum/keymap_common.o
LOAD .build/obj_foostan_cornelius_via/quantum/keycode_config.o
LOAD .build/obj_foostan_cornelius_via/quantum/sync_timer.o
LOAD .build/obj_foostan_cornelius_via/quantum/logging/debug.o
LOAD .build/obj_foostan_cornelius_via/quantum/logging/sendchar.o
LOAD .build/obj_foostan_cornelius_via/quantum/matrix_common.o
LOAD .build/obj_foostan_cornelius_via/quantum/matrix.o
LOAD .build/obj_foostan_cornelius_via/quantum/debounce/sym_defer_g.o
LOAD .build/obj_foostan_cornelius_via/quantum/main.o
LOAD .build/obj_foostan_cornelius_via/platforms/avr/xprintf.o
LOAD .build/obj_foostan_cornelius_via/platforms/avr/printf.o
LOAD .build/obj_foostan_cornelius_via/quantum/bootmagic/bootmagic.o
LOAD .build/obj_foostan_cornelius_via/quantum/dynamic_keymap.o
LOAD .build/obj_foostan_cornelius_via/quantum/process_keycode/process_grave_esc.o
LOAD .build/obj_foostan_cornelius_via/quantum/process_keycode/process_magic.o
LOAD .build/obj_foostan_cornelius_via/quantum/mousekey.o
LOAD .build/obj_foostan_cornelius_via/quantum/send_string/send_string.o
LOAD .build/obj_foostan_cornelius_via/quantum/process_keycode/process_space_cadet.o
LOAD .build/obj_foostan_cornelius_via/quantum/process_keycode/process_tri_layer.o
LOAD .build/obj_foostan_cornelius_via/quantum/tri_layer.o
LOAD .build/obj_foostan_cornelius_via/quantum/via.o
LOAD .build/obj_foostan_cornelius_via/protocol/host.o
LOAD .build/obj_foostan_cornelius_via/protocol/report.o
LOAD .build/obj_foostan_cornelius_via/protocol/usb_device_state.o
LOAD .build/obj_foostan_cornelius_via/protocol/usb_util.o
LOAD .build/obj_foostan_cornelius_via/platforms/suspend.o
LOAD .build/obj_foostan_cornelius_via/platforms/synchronization_util.o
LOAD .build/obj_foostan_cornelius_via/platforms/timer.o
LOAD .build/obj_foostan_cornelius_via/platforms/avr/hardware_id.o
LOAD .build/obj_foostan_cornelius_via/platforms/avr/platform.o
LOAD .build/obj_foostan_cornelius_via/platforms/avr/suspend.o
LOAD .build/obj_foostan_cornelius_via/platforms/avr/timer.o
LOAD .build/obj_foostan_cornelius_via/platforms/avr/bootloaders/dfu.o
LOAD .build/obj_foostan_cornelius_via/lufa.o
LOAD .build/obj_foostan_cornelius_via/usb_descriptor.o
LOAD .build/obj_foostan_cornelius_via/lib/lufa/LUFA/Drivers/USB/Class/Common/HIDParser.o
LOAD .build/obj_foostan_cornelius_via/lib/lufa/LUFA/Drivers/USB/Core/AVR8/Device_AVR8.o
LOAD .build/obj_foostan_cornelius_via/lib/lufa/LUFA/Drivers/USB/Core/AVR8/EndpointStream_AVR8.o
LOAD .build/obj_foostan_cornelius_via/lib/lufa/LUFA/Drivers/USB/Core/AVR8/Endpoint_AVR8.o
LOAD .build/obj_foostan_cornelius_via/lib/lufa/LUFA/Drivers/USB/Core/AVR8/Host_AVR8.o
LOAD .build/obj_foostan_cornelius_via/lib/lufa/LUFA/Drivers/USB/Core/AVR8/PipeStream_AVR8.o
LOAD .build/obj_foostan_cornelius_via/lib/lufa/LUFA/Drivers/USB/Core/AVR8/Pipe_AVR8.o
LOAD .build/obj_foostan_cornelius_via/lib/lufa/LUFA/Drivers/USB/Core/AVR8/USBController_AVR8.o
LOAD .build/obj_foostan_cornelius_via/lib/lufa/LUFA/Drivers/USB/Core/AVR8/USBInterrupt_AVR8.o
LOAD .build/obj_foostan_cornelius_via/lib/lufa/LUFA/Drivers/USB/Core/ConfigDescriptors.o
LOAD .build/obj_foostan_cornelius_via/lib/lufa/LUFA/Drivers/USB/Core/DeviceStandardReq.o
LOAD .build/obj_foostan_cornelius_via/lib/lufa/LUFA/Drivers/USB/Core/Events.o
LOAD .build/obj_foostan_cornelius_via/lib/lufa/LUFA/Drivers/USB/Core/HostStandardReq.o
LOAD .build/obj_foostan_cornelius_via/lib/lufa/LUFA/Drivers/USB/Core/USBTask.o
LOAD .build/obj_foostan_cornelius_via/protocol/lufa/usb_util.o
LOAD /opt/homebrew/Cellar/avr-gcc@8/8.5.0_2/lib/avr-gcc/8/gcc/avr/8.5.0/../../../../../../avr/lib/avr5/libm.a
START GROUP
LOAD /opt/homebrew/Cellar/avr-gcc@8/8.5.0_2/lib/avr-gcc/8/gcc/avr/8.5.0/avr5/libgcc.a
LOAD /opt/homebrew/Cellar/avr-gcc@8/8.5.0_2/lib/avr-gcc/8/gcc/avr/8.5.0/../../../../../../avr/lib/avr5/libm.a
LOAD /opt/homebrew/Cellar/avr-gcc@8/8.5.0_2/lib/avr-gcc/8/gcc/avr/8.5.0/../../../../../../avr/lib/avr5/libc.a
LOAD /opt/homebrew/Cellar/avr-gcc@8/8.5.0_2/lib/avr-gcc/8/gcc/avr/8.5.0/../../../../../../avr/lib/avr5/libatmega32u4.a
END GROUP
                0x00000000                        __TEXT_REGION_ORIGIN__ = DEFINED (__TEXT_REGION_ORIGIN__)?__TEXT_REGION_ORIGIN__:0x0
                0x00020000                        __TEXT_REGION_LENGTH__ = DEFINED (__TEXT_REGION_LENGTH__)?__TEXT_REGION_LENGTH__:0x20000
                0x00800060                        __DATA_REGION_ORIGIN__ = DEFINED (__DATA_REGION_ORIGIN__)?__DATA_REGION_ORIGIN__:0x800060
                0x0000ffa0                        __DATA_REGION_LENGTH__ = DEFINED (__DATA_REGION_LENGTH__)?__DATA_REGION_LENGTH__:0xffa0
                0x00010000                        __EEPROM_REGION_LENGTH__ = DEFINED (__EEPROM_REGION_LENGTH__)?__EEPROM_REGION_LENGTH__:0x10000
                [0x00000003]                      __FUSE_REGION_LENGTH__ = DEFINED (__FUSE_REGION_LENGTH__)?__FUSE_REGION_LENGTH__:0x400
                0x00000400                        __LOCK_REGION_LENGTH__ = DEFINED (__LOCK_REGION_LENGTH__)?__LOCK_REGION_LENGTH__:0x400
                0x00000400                        __SIGNATURE_REGION_LENGTH__ = DEFINED (__SIGNATURE_REGION_LENGTH__)?__SIGNATURE_REGION_LENGTH__:0x400
                0x00000400                        __USER_SIGNATURE_REGION_LENGTH__ = DEFINED (__USER_SIGNATURE_REGION_LENGTH__)?__USER_SIGNATURE_REGION_LENGTH__:0x400

.hash
 *(.hash)

.dynsym
 *(.dynsym)

.dynstr
 *(.dynstr)

.gnu.version
 *(.gnu.version)

.gnu.version_d
 *(.gnu.version_d)

.gnu.version_r
 *(.gnu.version_r)

.rel.init
 *(.rel.init)

.rela.init
 *(.rela.init)

.rel.text
 *(.rel.text)
 *(.rel.text.*)
 *(.rel.gnu.linkonce.t*)

.rela.text
 *(.rela.text)
 *(.rela.text.*)
 *(.rela.gnu.linkonce.t*)

.rel.fini
 *(.rel.fini)

.rela.fini
 *(.rela.fini)

.rel.rodata
 *(.rel.rodata)
 *(.rel.rodata.*)
 *(.rel.gnu.linkonce.r*)

.rela.rodata
 *(.rela.rodata)
 *(.rela.rodata.*)
 *(.rela.gnu.linkonce.r*)

.rel.data
 *(.rel.data)
 *(.rel.data.*)
 *(.rel.gnu.linkonce.d*)

.rela.data
 *(.rela.data)
 *(.rela.data.*)
 *(.rela.gnu.linkonce.d*)

.rel.ctors
 *(.rel.ctors)

.rela.ctors
 *(.rela.ctors)

.rel.dtors
 *(.rel.dtors)

.rela.dtors
 *(.rela.dtors)

.rel.got
 *(.rel.got)

.rela.got
 *(.rela.got)

.rel.bss
 *(.rel.bss)

.rela.bss
 *(.rela.bss)

.rel.plt
 *(.rel.plt)

.rela.plt
 *(.rela.plt)

.text           0x00000000     0x4a06
 *(.vectors)
 .vectors       0x00000000       0xac /opt/homebrew/Cellar/avr-gcc@8/8.5.0_2/lib/avr-gcc/8/gcc/avr/8.5.0/../../../../../../avr/lib/avr5/crtatmega32u4.o
                0x00000000                __vectors
                0x00000000                __vector_default
 *(.vectors)
 *(.progmem.gcc*)
                0x000000ac                        . = ALIGN (0x2)
                0x000000ac                        __trampolines_start = .
 *(.trampolines)
 .trampolines   0x000000ac        0x0 linker stubs
 *(.trampolines*)
                0x000000ac                        __trampolines_end = .
 *libprintf_flt.a:*(.progmem.data)
 *libc.a:*(.progmem.data)
 *(.progmem.*)
 .progmem.data.keymaps
                0x000000ac      0x180 .build/obj_foostan_cornelius_via/quantum/keymap_introspection.o
                0x000000ac                keymaps
 .progmem.data.ascii_to_keycode_lut
                0x0000022c       0x80 .build/obj_foostan_cornelius_via/quantum/send_string/send_string.o
                0x0000022c                ascii_to_keycode_lut
 .progmem.data.ascii_to_dead_lut
                0x000002ac       0x10 .build/obj_foostan_cornelius_via/quantum/send_string/send_string.o
                0x000002ac                ascii_to_dead_lut
 .progmem.data.ascii_to_altgr_lut
                0x000002bc       0x10 .build/obj_foostan_cornelius_via/quantum/send_string/send_string.o
                0x000002bc                ascii_to_altgr_lut
 .progmem.data.ascii_to_shift_lut
                0x000002cc       0x10 .build/obj_foostan_cornelius_via/quantum/send_string/send_string.o
                0x000002cc                ascii_to_shift_lut
 .progmem.data.ProductString
                0x000002dc       0x16 .build/obj_foostan_cornelius_via/usb_descriptor.o
                0x000002dc                ProductString
 .progmem.data.ManufacturerString
                0x000002f2       0x16 .build/obj_foostan_cornelius_via/usb_descriptor.o
                0x000002f2                ManufacturerString
 .progmem.data.LanguageString
                0x00000308        0x4 .build/obj_foostan_cornelius_via/usb_descriptor.o
                0x00000308                LanguageString
 .progmem.data.ConfigurationDescriptor
                0x0000030c       0x5b .build/obj_foostan_cornelius_via/usb_descriptor.o
                0x0000030c                ConfigurationDescriptor
 .progmem.data.DeviceDescriptor
                0x00000367       0x12 .build/obj_foostan_cornelius_via/usb_descriptor.o
                0x00000367                DeviceDescriptor
 .progmem.data.RawReport
                0x00000379       0x22 .build/obj_foostan_cornelius_via/usb_descriptor.o
                0x00000379                RawReport
 .progmem.data.SharedReport
                0x0000039b       0x7b .build/obj_foostan_cornelius_via/usb_descriptor.o
                0x0000039b                SharedReport
 .progmem.data.KeyboardReport
                0x00000416       0x44 .build/obj_foostan_cornelius_via/usb_descriptor.o
                0x00000416                KeyboardReport
                0x0000045a                        . = ALIGN (0x2)
 *(.lowtext)
 *(.lowtext*)
                0x0000045a                        __ctors_start = .
 *(.ctors)
                0x0000045a                        __ctors_end = .
                0x0000045a                        __dtors_start = .
 *(.dtors)
                0x0000045a                        __dtors_end = .
 SORT_BY_NAME(*)(.ctors)
 SORT_BY_NAME(*)(.dtors)
 *(.init0)
 .init0         0x0000045a        0x0 /opt/homebrew/Cellar/avr-gcc@8/8.5.0_2/lib/avr-gcc/8/gcc/avr/8.5.0/../../../../../../avr/lib/avr5/crtatmega32u4.o
                0x0000045a                __init
 *(.init0)
 *(.init1)
 *(.init1)
 *(.init2)
 .init2         0x0000045a        0xc /opt/homebrew/Cellar/avr-gcc@8/8.5.0_2/lib/avr-gcc/8/gcc/avr/8.5.0/../../../../../../avr/lib/avr5/crtatmega32u4.o
 *(.init2)
 *(.init3)
 .init3         0x00000466       0x36 .build/obj_foostan_cornelius_via/platforms/avr/bootloaders/dfu.o
                0x00000466                bootloader_jump_after_watchdog_reset
 *(.init3)
 *(.init4)
 .init4         0x0000049c       0x16 /opt/homebrew/Cellar/avr-gcc@8/8.5.0_2/lib/avr-gcc/8/gcc/avr/8.5.0/avr5/libgcc.a(_copy_data.o)
                0x0000049c                __do_copy_data
 .init4         0x000004b2       0x10 /opt/homebrew/Cellar/avr-gcc@8/8.5.0_2/lib/avr-gcc/8/gcc/avr/8.5.0/avr5/libgcc.a(_clear_bss.o)
                0x000004b2                __do_clear_bss
 *(.init4)
 *(.init5)
 *(.init5)
 *(.init6)
 *(.init6)
 *(.init7)
 *(.init7)
 *(.init8)
 *(.init8)
 *(.init9)
 .init9         0x000004c2        0x8 /opt/homebrew/Cellar/avr-gcc@8/8.5.0_2/lib/avr-gcc/8/gcc/avr/8.5.0/../../../../../../avr/lib/avr5/crtatmega32u4.o
 *(.init9)
 *(.text)
 .text          0x000004ca        0x4 /opt/homebrew/Cellar/avr-gcc@8/8.5.0_2/lib/avr-gcc/8/gcc/avr/8.5.0/../../../../../../avr/lib/avr5/crtatmega32u4.o
                0x000004ca                __vector_42
                0x000004ca                __vector_22
                0x000004ca                __vector_28
                0x000004ca                __vector_1
                0x000004ca                __vector_32
                0x000004ca                __vector_34
                0x000004ca                __vector_24
                0x000004ca                __bad_interrupt
                0x000004ca                __vector_6
                0x000004ca                __vector_31
                0x000004ca                __vector_35
                0x000004ca                __vector_39
                0x000004ca                __vector_3
                0x000004ca                __vector_23
                0x000004ca                __vector_30
                0x000004ca                __vector_25
                0x000004ca                __vector_13
                0x000004ca                __vector_17
                0x000004ca                __vector_19
                0x000004ca                __vector_7
                0x000004ca                __vector_41
                0x000004ca                __vector_27
                0x000004ca                __vector_5
                0x000004ca                __vector_33
                0x000004ca                __vector_37
                0x000004ca                __vector_4
                0x000004ca                __vector_9
                0x000004ca                __vector_2
                0x000004ca                __vector_15
                0x000004ca                __vector_36
                0x000004ca                __vector_29
                0x000004ca                __vector_40
                0x000004ca                __vector_8
                0x000004ca                __vector_26
                0x000004ca                __vector_14
                0x000004ca                __vector_16
                0x000004ca                __vector_18
                0x000004ca                __vector_20
                0x000004ca                __vector_38
                0x000004ce                        . = ALIGN (0x2)
 *(.text.*)
 .text.keycode_at_keymap_location_raw
                0x000004ce       0x38 .build/obj_foostan_cornelius_via/quantum/keymap_introspection.o
                0x000004ce                keycode_at_keymap_location_raw
 .text.pre_process_record_user
                0x00000506        0x4 .build/obj_foostan_cornelius_via/quantum/quantum.o
                0x00000506                pre_process_record_user
 .text.pre_process_record_kb
                0x0000050a        0x6 .build/obj_foostan_cornelius_via/quantum/quantum.o
                0x0000050a                pre_process_record_kb
 .text.process_action_kb
                0x00000510        0x4 .build/obj_foostan_cornelius_via/quantum/quantum.o
                0x00000510                process_action_kb
 .text.process_record_user
                0x00000514        0x6 .build/obj_foostan_cornelius_via/quantum/quantum.o
                0x00000514                process_record_user
 .text.process_record_kb
                0x0000051a        0x6 .build/obj_foostan_cornelius_via/quantum/quantum.o
                0x0000051a                process_record_kb
 .text.post_process_record_user
                0x00000520        0x2 .build/obj_foostan_cornelius_via/quantum/quantum.o
                0x00000520                post_process_record_user
 .text.post_process_record_kb
                0x00000522        0x6 .build/obj_foostan_cornelius_via/quantum/quantum.o
                0x00000522                post_process_record_kb
 .text.get_event_keycode
                0x00000528       0x5c .build/obj_foostan_cornelius_via/quantum/quantum.o
                0x00000528                get_event_keycode
 .text.get_record_keycode
                0x00000584       0x16 .build/obj_foostan_cornelius_via/quantum/quantum.o
                0x00000584                get_record_keycode
 .text.pre_process_record_quantum
                0x0000059a       0x18 .build/obj_foostan_cornelius_via/quantum/quantum.o
                0x0000059a                pre_process_record_quantum
 .text.post_process_record_quantum
                0x000005b2       0x18 .build/obj_foostan_cornelius_via/quantum/quantum.o
                0x000005b2                post_process_record_quantum
 .text.shutdown_user
                0x000005ca        0x4 .build/obj_foostan_cornelius_via/quantum/quantum.o
                0x000005ca                shutdown_user
 .text.shutdown_kb
                0x000005ce        0x6 .build/obj_foostan_cornelius_via/quantum/quantum.o
                0x000005ce                shutdown_kb
 .text.shutdown_quantum
                0x000005d4       0x24 .build/obj_foostan_cornelius_via/quantum/quantum.o
                0x000005d4                shutdown_quantum
 .text.reset_keyboard
                0x000005f8        0xc .build/obj_foostan_cornelius_via/quantum/quantum.o
                0x000005f8                reset_keyboard
 .text.soft_reset_keyboard
                0x00000604        0xc .build/obj_foostan_cornelius_via/quantum/quantum.o
                0x00000604                soft_reset_keyboard
 .text.process_record_quantum
                0x00000610       0xc4 .build/obj_foostan_cornelius_via/quantum/quantum.o
                0x00000610                process_record_quantum
 .text.suspend_power_down_quantum
                0x000006d4        0xa .build/obj_foostan_cornelius_via/quantum/quantum.o
                0x000006d4                suspend_power_down_quantum
 .text.suspend_wakeup_init_quantum
                0x000006de        0xa .build/obj_foostan_cornelius_via/quantum/quantum.o
                0x000006de                suspend_wakeup_init_quantum
 .text.led_set_user
                0x000006e8        0x2 .build/obj_foostan_cornelius_via/quantum/led.o
                0x000006e8                led_set_user
 .text.led_update_user
                0x000006ea        0x4 .build/obj_foostan_cornelius_via/quantum/led.o
                0x000006ea                led_update_user
 .text.led_update_ports
                0x000006ee        0x2 .build/obj_foostan_cornelius_via/quantum/led.o
                0x000006ee                led_update_ports
 .text.led_update_kb
                0x000006f0       0x1e .build/obj_foostan_cornelius_via/quantum/led.o
                0x000006f0                led_update_kb
 .text.led_init_ports
                0x0000070e        0x2 .build/obj_foostan_cornelius_via/quantum/led.o
                0x0000070e                led_init_ports
 .text.led_set  0x00000710       0x12 .build/obj_foostan_cornelius_via/quantum/led.o
                0x00000710                led_set
 .text.led_suspend
                0x00000722        0x8 .build/obj_foostan_cornelius_via/quantum/led.o
                0x00000722                led_suspend
 .text.led_wakeup
                0x0000072a        0xa .build/obj_foostan_cornelius_via/quantum/led.o
                0x0000072a                led_wakeup
 .text.led_task
                0x00000734       0x32 .build/obj_foostan_cornelius_via/quantum/led.o
                0x00000734                led_task
 .text.action_exec
                0x00000766       0x60 .build/obj_foostan_cornelius_via/quantum/action.o
                0x00000766                action_exec
 .text.process_record_tap_hint
                0x000007c6       0x12 .build/obj_foostan_cornelius_via/quantum/action.o
                0x000007c6                process_record_tap_hint
 .text.register_mouse
                0x000007d8       0x14 .build/obj_foostan_cornelius_via/quantum/action.o
                0x000007d8                register_mouse
 .text.register_code
                0x000007ec      0x11c .build/obj_foostan_cornelius_via/quantum/action.o
                0x000007ec                register_code
 .text.unregister_code
                0x00000908       0xb4 .build/obj_foostan_cornelius_via/quantum/action.o
                0x00000908                unregister_code
 .text.tap_code_delay
                0x000009bc       0x30 .build/obj_foostan_cornelius_via/quantum/action.o
                0x000009bc                tap_code_delay
 .text.tap_code
                0x000009ec       0x12 .build/obj_foostan_cornelius_via/quantum/action.o
                0x000009ec                tap_code
 .text.register_mods
                0x000009fe        0xe .build/obj_foostan_cornelius_via/quantum/action.o
                0x000009fe                register_mods
 .text.unregister_mods
                0x00000a0c        0xe .build/obj_foostan_cornelius_via/quantum/action.o
                0x00000a0c                unregister_mods
 .text.process_action
                0x00000a1a      0x3da .build/obj_foostan_cornelius_via/quantum/action.o
                0x00000a1a                process_action
 .text.process_record_handler
                0x00000df4       0x30 .build/obj_foostan_cornelius_via/quantum/action.o
                0x00000df4                process_record_handler
 .text.process_record
                0x00000e24       0x46 .build/obj_foostan_cornelius_via/quantum/action.o
                0x00000e24                process_record
 .text.clear_keyboard_but_mods_and_keys
                0x00000e6a       0x22 .build/obj_foostan_cornelius_via/quantum/action.o
                0x00000e6a                clear_keyboard_but_mods_and_keys
 .text.clear_keyboard_but_mods
                0x00000e8c        0xa .build/obj_foostan_cornelius_via/quantum/action.o
                0x00000e8c                clear_keyboard_but_mods
 .text.clear_keyboard
                0x00000e96        0xa .build/obj_foostan_cornelius_via/quantum/action.o
                0x00000e96                clear_keyboard
 .text.is_tap_action
                0x00000ea0       0x36 .build/obj_foostan_cornelius_via/quantum/action.o
                0x00000ea0                is_tap_action
 .text.is_tap_record
                0x00000ed6       0x1a .build/obj_foostan_cornelius_via/quantum/action.o
                0x00000ed6                is_tap_record
 .text.debug_event
                0x00000ef0       0x14 .build/obj_foostan_cornelius_via/quantum/action.o
                0x00000ef0                debug_event
 .text.debug_record
                0x00000f04       0x14 .build/obj_foostan_cornelius_via/quantum/action.o
                0x00000f04                debug_record
 .text.default_layer_state_set_user
                0x00000f18        0x2 .build/obj_foostan_cornelius_via/quantum/action_layer.o
                0x00000f18                default_layer_state_set_user
 .text.default_layer_state_set_kb
                0x00000f1a        0x6 .build/obj_foostan_cornelius_via/quantum/action_layer.o
                0x00000f1a                default_layer_state_set_kb
 .text.default_layer_state_set
                0x00000f20        0xa .build/obj_foostan_cornelius_via/quantum/action_layer.o
 .text.default_layer_debug
                0x00000f2a        0x2 .build/obj_foostan_cornelius_via/quantum/action_layer.o
                0x00000f2a                default_layer_debug
 .text.default_layer_set
                0x00000f2c        0x6 .build/obj_foostan_cornelius_via/quantum/action_layer.o
                0x00000f2c                default_layer_set
 .text.default_layer_or
                0x00000f32        0xc .build/obj_foostan_cornelius_via/quantum/action_layer.o
                0x00000f32                default_layer_or
 .text.default_layer_and
                0x00000f3e        0xc .build/obj_foostan_cornelius_via/quantum/action_layer.o
                0x00000f3e                default_layer_and
 .text.default_layer_xor
                0x00000f4a        0xc .build/obj_foostan_cornelius_via/quantum/action_layer.o
                0x00000f4a                default_layer_xor
 .text.layer_state_set_user
                0x00000f56        0x6 .build/obj_foostan_cornelius_via/quantum/action_layer.o
                0x00000f56                layer_state_set_user
 .text.layer_state_set_kb
                0x00000f5c        0x6 .build/obj_foostan_cornelius_via/quantum/action_layer.o
                0x00000f5c                layer_state_set_kb
 .text.layer_state_set
                0x00000f62        0xa .build/obj_foostan_cornelius_via/quantum/action_layer.o
                0x00000f62                layer_state_set
 .text.layer_clear
                0x00000f6c        0x8 .build/obj_foostan_cornelius_via/quantum/action_layer.o
                0x00000f6c                layer_clear
 .text.layer_move
                0x00000f74       0x12 .build/obj_foostan_cornelius_via/quantum/action_layer.o
                0x00000f74                layer_move
 .text.layer_on
                0x00000f86       0x18 .build/obj_foostan_cornelius_via/quantum/action_layer.o
                0x00000f86                layer_on
 .text.layer_off
                0x00000f9e       0x1a .build/obj_foostan_cornelius_via/quantum/action_layer.o
                0x00000f9e                layer_off
 .text.layer_invert
                0x00000fb8       0x18 .build/obj_foostan_cornelius_via/quantum/action_layer.o
                0x00000fb8                layer_invert
 .text.layer_or
                0x00000fd0        0xc .build/obj_foostan_cornelius_via/quantum/action_layer.o
                0x00000fd0                layer_or
 .text.layer_and
                0x00000fdc        0xc .build/obj_foostan_cornelius_via/quantum/action_layer.o
                0x00000fdc                layer_and
 .text.layer_xor
                0x00000fe8        0xc .build/obj_foostan_cornelius_via/quantum/action_layer.o
                0x00000fe8                layer_xor
 .text.layer_debug
                0x00000ff4        0x2 .build/obj_foostan_cornelius_via/quantum/action_layer.o
                0x00000ff4                layer_debug
 .text.update_source_layers_cache_impl
                0x00000ff6       0x5a .build/obj_foostan_cornelius_via/quantum/action_layer.o
                0x00000ff6                update_source_layers_cache_impl
 .text.read_source_layers_cache_impl
                0x00001050       0x4e .build/obj_foostan_cornelius_via/quantum/action_layer.o
                0x00001050                read_source_layers_cache_impl
 .text.update_source_layers_cache
                0x0000109e       0x24 .build/obj_foostan_cornelius_via/quantum/action_layer.o
                0x0000109e                update_source_layers_cache
 .text.read_source_layers_cache
                0x000010c2       0x24 .build/obj_foostan_cornelius_via/quantum/action_layer.o
                0x000010c2                read_source_layers_cache
 .text.layer_switch_get_layer
                0x000010e6       0x5a .build/obj_foostan_cornelius_via/quantum/action_layer.o
                0x000010e6                layer_switch_get_layer
 .text.layer_switch_get_action
                0x00001140       0x16 .build/obj_foostan_cornelius_via/quantum/action_layer.o
                0x00001140                layer_switch_get_action
 .text.store_or_get_action
                0x00001156       0x46 .build/obj_foostan_cornelius_via/quantum/action_layer.o
                0x00001156                store_or_get_action
 .text.update_tri_layer_state
                0x0000119c       0x3a .build/obj_foostan_cornelius_via/quantum/action_layer.o
                0x0000119c                update_tri_layer_state
 .text.update_tri_layer
                0x000011d6       0x14 .build/obj_foostan_cornelius_via/quantum/action_layer.o
                0x000011d6                update_tri_layer
 .text.debug_waiting_buffer
                0x000011ea       0x44 .build/obj_foostan_cornelius_via/quantum/action_tapping.o
 .text.debug_tapping_key
                0x0000122e       0x22 .build/obj_foostan_cornelius_via/quantum/action_tapping.o
 .text.waiting_buffer_scan_tap
                0x00001250       0xb6 .build/obj_foostan_cornelius_via/quantum/action_tapping.o
 .text.waiting_buffer_typed.isra.2.constprop.3
                0x00001306       0x3e .build/obj_foostan_cornelius_via/quantum/action_tapping.o
 .text.process_tapping
                0x00001344      0x314 .build/obj_foostan_cornelius_via/quantum/action_tapping.o
 .text.action_tapping_process
                0x00001658      0x10a .build/obj_foostan_cornelius_via/quantum/action_tapping.o
                0x00001658                action_tapping_process
 .text.get_oneshot_layer
                0x00001762        0xc .build/obj_foostan_cornelius_via/quantum/action_util.o
                0x00001762                get_oneshot_layer
 .text.get_oneshot_layer_state
                0x0000176e        0x8 .build/obj_foostan_cornelius_via/quantum/action_util.o
                0x0000176e                get_oneshot_layer_state
 .text.is_oneshot_layer_active
                0x00001776        0xe .build/obj_foostan_cornelius_via/quantum/action_util.o
                0x00001776                is_oneshot_layer_active
 .text.get_mods
                0x00001784        0x6 .build/obj_foostan_cornelius_via/quantum/action_util.o
                0x00001784                get_mods
 .text.add_mods
                0x0000178a        0xc .build/obj_foostan_cornelius_via/quantum/action_util.o
                0x0000178a                add_mods
 .text.del_mods
                0x00001796        0xe .build/obj_foostan_cornelius_via/quantum/action_util.o
                0x00001796                del_mods
 .text.clear_mods
                0x000017a4        0x6 .build/obj_foostan_cornelius_via/quantum/action_util.o
                0x000017a4                clear_mods
 .text.add_weak_mods
                0x000017aa        0xc .build/obj_foostan_cornelius_via/quantum/action_util.o
                0x000017aa                add_weak_mods
 .text.del_weak_mods
                0x000017b6        0xe .build/obj_foostan_cornelius_via/quantum/action_util.o
                0x000017b6                del_weak_mods
 .text.clear_weak_mods
                0x000017c4        0x6 .build/obj_foostan_cornelius_via/quantum/action_util.o
                0x000017c4                clear_weak_mods
 .text.oneshot_locked_mods_changed_user
                0x000017ca        0x2 .build/obj_foostan_cornelius_via/quantum/action_util.o
                0x000017ca                oneshot_locked_mods_changed_user
 .text.oneshot_locked_mods_changed_kb
                0x000017cc        0x6 .build/obj_foostan_cornelius_via/quantum/action_util.o
                0x000017cc                oneshot_locked_mods_changed_kb
 .text.del_oneshot_locked_mods
                0x000017d2       0x18 .build/obj_foostan_cornelius_via/quantum/action_util.o
                0x000017d2                del_oneshot_locked_mods
 .text.oneshot_mods_changed_user
                0x000017ea        0x2 .build/obj_foostan_cornelius_via/quantum/action_util.o
                0x000017ea                oneshot_mods_changed_user
 .text.oneshot_mods_changed_kb
                0x000017ec        0x6 .build/obj_foostan_cornelius_via/quantum/action_util.o
                0x000017ec                oneshot_mods_changed_kb
 .text.add_oneshot_mods
                0x000017f2       0x18 .build/obj_foostan_cornelius_via/quantum/action_util.o
                0x000017f2                add_oneshot_mods
 .text.del_oneshot_mods
                0x0000180a       0x18 .build/obj_foostan_cornelius_via/quantum/action_util.o
                0x0000180a                del_oneshot_mods
 .text.clear_oneshot_mods
                0x00001822       0x14 .build/obj_foostan_cornelius_via/quantum/action_util.o
                0x00001822                clear_oneshot_mods
 .text.send_6kro_report
                0x00001836       0x6c .build/obj_foostan_cornelius_via/quantum/action_util.o
                0x00001836                send_6kro_report
 .text.send_keyboard_report
                0x000018a2        0x6 .build/obj_foostan_cornelius_via/quantum/action_util.o
                0x000018a2                send_keyboard_report
 .text.oneshot_layer_changed_user
                0x000018a8        0x2 .build/obj_foostan_cornelius_via/quantum/action_util.o
                0x000018a8                oneshot_layer_changed_user
 .text.oneshot_layer_changed_kb
                0x000018aa        0x6 .build/obj_foostan_cornelius_via/quantum/action_util.o
                0x000018aa                oneshot_layer_changed_kb
 .text.set_oneshot_layer
                0x000018b0       0x30 .build/obj_foostan_cornelius_via/quantum/action_util.o
                0x000018b0                set_oneshot_layer
 .text.reset_oneshot_layer
                0x000018e0        0xc .build/obj_foostan_cornelius_via/quantum/action_util.o
                0x000018e0                reset_oneshot_layer
 .text.clear_oneshot_layer_state
                0x000018ec       0x2e .build/obj_foostan_cornelius_via/quantum/action_util.o
                0x000018ec                clear_oneshot_layer_state
 .text.oneshot_set
                0x0000191a       0x2a .build/obj_foostan_cornelius_via/quantum/action_util.o
                0x0000191a                oneshot_set
 .text.oneshot_toggle
                0x00001944       0x14 .build/obj_foostan_cornelius_via/quantum/action_util.o
                0x00001944                oneshot_toggle
 .text.oneshot_enable
                0x00001958        0x8 .build/obj_foostan_cornelius_via/quantum/action_util.o
                0x00001958                oneshot_enable
 .text.oneshot_disable
                0x00001960        0x8 .build/obj_foostan_cornelius_via/quantum/action_util.o
                0x00001960                oneshot_disable
 .text.eeconfig_disable
                0x00001968        0xe .build/obj_foostan_cornelius_via/quantum/eeconfig.o
                0x00001968                eeconfig_disable
 .text.eeconfig_is_enabled
                0x00001976       0x18 .build/obj_foostan_cornelius_via/quantum/eeconfig.o
                0x00001976                eeconfig_is_enabled
 .text.eeconfig_read_debug
                0x0000198e        0xa .build/obj_foostan_cornelius_via/quantum/eeconfig.o
                0x0000198e                eeconfig_read_debug
 .text.eeconfig_read_default_layer
                0x00001998        0xa .build/obj_foostan_cornelius_via/quantum/eeconfig.o
                0x00001998                eeconfig_read_default_layer
 .text.eeconfig_read_keymap
                0x000019a2        0xa .build/obj_foostan_cornelius_via/quantum/eeconfig.o
                0x000019a2                eeconfig_read_keymap
 .text.eeconfig_update_keymap
                0x000019ac        0xc .build/obj_foostan_cornelius_via/quantum/eeconfig.o
                0x000019ac                eeconfig_update_keymap
 .text.eeconfig_update_kb
                0x000019b8        0xe .build/obj_foostan_cornelius_via/quantum/eeconfig.o
                0x000019b8                eeconfig_update_kb
 .text.eeconfig_update_user
                0x000019c6        0xe .build/obj_foostan_cornelius_via/quantum/eeconfig.o
                0x000019c6                eeconfig_update_user
 .text.eeconfig_init_user
                0x000019d4        0xc .build/obj_foostan_cornelius_via/quantum/eeconfig.o
                0x000019d4                eeconfig_init_user
 .text.eeconfig_init_kb
                0x000019e0       0x10 .build/obj_foostan_cornelius_via/quantum/eeconfig.o
                0x000019e0                eeconfig_init_kb
 .text.eeconfig_init_quantum
                0x000019f0       0xcc .build/obj_foostan_cornelius_via/quantum/eeconfig.o
                0x000019f0                eeconfig_init_quantum
 .text.eeconfig_init
                0x00001abc        0x6 .build/obj_foostan_cornelius_via/quantum/eeconfig.o
                0x00001abc                eeconfig_init
 .text.eeconfig_update_handedness
                0x00001ac2        0xc .build/obj_foostan_cornelius_via/quantum/eeconfig.o
                0x00001ac2                eeconfig_update_handedness
 .text.generate_tick_event
                0x00001ace       0x48 .build/obj_foostan_cornelius_via/quantum/keyboard.o
 .text.last_matrix_activity_trigger
                0x00001b16       0x26 .build/obj_foostan_cornelius_via/quantum/keyboard.o
                0x00001b16                last_matrix_activity_trigger
 .text.keyboard_pre_init_user
                0x00001b3c        0x2 .build/obj_foostan_cornelius_via/quantum/keyboard.o
                0x00001b3c                keyboard_pre_init_user
 .text.matrix_setup
                0x00001b3e        0x2 .build/obj_foostan_cornelius_via/quantum/keyboard.o
                0x00001b3e                matrix_setup
 .text.keyboard_pre_init_kb
                0x00001b40        0x6 .build/obj_foostan_cornelius_via/quantum/keyboard.o
                0x00001b40                keyboard_pre_init_kb
 .text.keyboard_post_init_user
                0x00001b46        0x2 .build/obj_foostan_cornelius_via/quantum/keyboard.o
                0x00001b46                keyboard_post_init_user
 .text.keyboard_post_init_kb
                0x00001b48        0x6 .build/obj_foostan_cornelius_via/quantum/keyboard.o
                0x00001b48                keyboard_post_init_kb
 .text.keyboard_setup
                0x00001b4e       0x12 .build/obj_foostan_cornelius_via/quantum/keyboard.o
                0x00001b4e                keyboard_setup
 .text.is_keyboard_master
                0x00001b60        0x4 .build/obj_foostan_cornelius_via/quantum/keyboard.o
                0x00001b60                is_keyboard_master
 .text.matrix_can_read
                0x00001b64        0x6 .build/obj_foostan_cornelius_via/quantum/keyboard.o
                0x00001b64                matrix_can_read
 .text.should_process_keypress
                0x00001b6a        0x6 .build/obj_foostan_cornelius_via/quantum/keyboard.o
                0x00001b6a                should_process_keypress
 .text.housekeeping_task_kb
                0x00001b70        0x2 .build/obj_foostan_cornelius_via/quantum/keyboard.o
                0x00001b70                housekeeping_task_kb
 .text.housekeeping_task_user
                0x00001b72        0x2 .build/obj_foostan_cornelius_via/quantum/keyboard.o
                0x00001b72                housekeeping_task_user
 .text.housekeeping_task
                0x00001b74        0xa .build/obj_foostan_cornelius_via/quantum/keyboard.o
                0x00001b74                housekeeping_task
 .text.quantum_init
                0x00001b7e       0x36 .build/obj_foostan_cornelius_via/quantum/keyboard.o
                0x00001b7e                quantum_init
 .text.keyboard_init
                0x00001bb4       0x1a .build/obj_foostan_cornelius_via/quantum/keyboard.o
                0x00001bb4                keyboard_init
 .text.keyboard_task
                0x00001bce       0xee .build/obj_foostan_cornelius_via/quantum/keyboard.o
                0x00001bce                keyboard_task
 .text.action_for_keycode
                0x00001cbc      0x23c .build/obj_foostan_cornelius_via/quantum/keymap_common.o
                0x00001cbc                action_for_keycode
 .text.keymap_key_to_keycode
                0x00001ef8       0x18 .build/obj_foostan_cornelius_via/quantum/keymap_common.o
                0x00001ef8                keymap_key_to_keycode
 .text.action_for_key
                0x00001f10        0xa .build/obj_foostan_cornelius_via/quantum/keymap_common.o
                0x00001f10                action_for_key
 .text.keycode_config
                0x00001f1a      0x144 .build/obj_foostan_cornelius_via/quantum/keycode_config.o
                0x00001f1a                keycode_config
 .text.mod_config
                0x0000205e       0x9e .build/obj_foostan_cornelius_via/quantum/keycode_config.o
                0x0000205e                mod_config
 .text.sendchar
                0x000020fc        0x4 .build/obj_foostan_cornelius_via/quantum/logging/sendchar.o
                0x000020fc                sendchar
 .text.matrix_init_user
                0x00002100        0x2 .build/obj_foostan_cornelius_via/quantum/matrix_common.o
                0x00002100                matrix_init_user
 .text.matrix_init_kb
                0x00002102        0x6 .build/obj_foostan_cornelius_via/quantum/matrix_common.o
                0x00002102                matrix_init_kb
 .text.matrix_scan_user
                0x00002108        0x2 .build/obj_foostan_cornelius_via/quantum/matrix_common.o
                0x00002108                matrix_scan_user
 .text.matrix_scan_kb
                0x0000210a        0x6 .build/obj_foostan_cornelius_via/quantum/matrix_common.o
                0x0000210a                matrix_scan_kb
 .text.matrix_get_row
                0x00002110       0x12 .build/obj_foostan_cornelius_via/quantum/matrix_common.o
                0x00002110                matrix_get_row
 .text.matrix_print
                0x00002122        0x2 .build/obj_foostan_cornelius_via/quantum/matrix_common.o
                0x00002122                matrix_print
 .text.matrix_io_delay
                0x00002124        0x8 .build/obj_foostan_cornelius_via/quantum/matrix_common.o
                0x00002124                matrix_io_delay
 .text.matrix_output_select_delay
                0x0000212c        0x4 .build/obj_foostan_cornelius_via/quantum/matrix_common.o
                0x0000212c                matrix_output_select_delay
 .text.matrix_output_unselect_delay
                0x00002130        0x6 .build/obj_foostan_cornelius_via/quantum/matrix_common.o
                0x00002130                matrix_output_unselect_delay
 .text.setPinInputHigh_atomic
                0x00002136       0x2e .build/obj_foostan_cornelius_via/quantum/matrix.o
 .text.matrix_init_pins
                0x00002164       0x38 .build/obj_foostan_cornelius_via/quantum/matrix.o
                0x00002164                matrix_init_pins
 .text.matrix_read_cols_on_row
                0x0000219c       0xe0 .build/obj_foostan_cornelius_via/quantum/matrix.o
                0x0000219c                matrix_read_cols_on_row
 .text.matrix_init
                0x0000227c       0x2c .build/obj_foostan_cornelius_via/quantum/matrix.o
                0x0000227c                matrix_init
 .text.matrix_scan
                0x000022a8       0x76 .build/obj_foostan_cornelius_via/quantum/matrix.o
                0x000022a8                matrix_scan
 .text.debounce_init
                0x0000231e        0x2 .build/obj_foostan_cornelius_via/quantum/debounce/sym_defer_g.o
                0x0000231e                debounce_init
 .text.debounce
                0x00002320       0x76 .build/obj_foostan_cornelius_via/quantum/debounce/sym_defer_g.o
                0x00002320                debounce
 .text.protocol_init
                0x00002396        0xe .build/obj_foostan_cornelius_via/quantum/main.o
                0x00002396                protocol_init
 .text.protocol_task
                0x000023a4        0xe .build/obj_foostan_cornelius_via/quantum/main.o
                0x000023a4                protocol_task
 .text.startup.main
                0x000023b2       0x1a .build/obj_foostan_cornelius_via/quantum/main.o
                0x000023b2                main
 .text.print_set_sendchar
                0x000023cc        0xa .build/obj_foostan_cornelius_via/platforms/avr/printf.o
                0x000023cc                print_set_sendchar
 .text.bootmagic_reset_eeprom
                0x000023d6        0x6 .build/obj_foostan_cornelius_via/quantum/bootmagic/bootmagic.o
                0x000023d6                bootmagic_reset_eeprom
 .text.bootmagic_should_reset
                0x000023dc        0xa .build/obj_foostan_cornelius_via/quantum/bootmagic/bootmagic.o
                0x000023dc                bootmagic_should_reset
 .text.bootmagic_scan
                0x000023e6       0x2c .build/obj_foostan_cornelius_via/quantum/bootmagic/bootmagic.o
                0x000023e6                bootmagic_scan
 .text.bootmagic
                0x00002412        0x6 .build/obj_foostan_cornelius_via/quantum/bootmagic/bootmagic.o
                0x00002412                bootmagic
 .text.dynamic_keymap_get_layer_count
                0x00002418        0x4 .build/obj_foostan_cornelius_via/quantum/dynamic_keymap.o
                0x00002418                dynamic_keymap_get_layer_count
 .text.dynamic_keymap_key_to_eeprom_address
                0x0000241c       0x20 .build/obj_foostan_cornelius_via/quantum/dynamic_keymap.o
                0x0000241c                dynamic_keymap_key_to_eeprom_address
 .text.dynamic_keymap_get_keycode
                0x0000243c       0x44 .build/obj_foostan_cornelius_via/quantum/dynamic_keymap.o
                0x0000243c                dynamic_keymap_get_keycode
 .text.dynamic_keymap_set_keycode
                0x00002480       0x38 .build/obj_foostan_cornelius_via/quantum/dynamic_keymap.o
                0x00002480                dynamic_keymap_set_keycode
 .text.dynamic_keymap_reset
                0x000024b8       0x40 .build/obj_foostan_cornelius_via/quantum/dynamic_keymap.o
                0x000024b8                dynamic_keymap_reset
 .text.dynamic_keymap_get_buffer
                0x000024f8       0x48 .build/obj_foostan_cornelius_via/quantum/dynamic_keymap.o
                0x000024f8                dynamic_keymap_get_buffer
 .text.dynamic_keymap_set_buffer
                0x00002540       0x48 .build/obj_foostan_cornelius_via/quantum/dynamic_keymap.o
                0x00002540                dynamic_keymap_set_buffer
 .text.keycode_at_keymap_location
                0x00002588       0x18 .build/obj_foostan_cornelius_via/quantum/dynamic_keymap.o
                0x00002588                keycode_at_keymap_location
 .text.dynamic_keymap_macro_get_count
                0x000025a0        0x4 .build/obj_foostan_cornelius_via/quantum/dynamic_keymap.o
                0x000025a0                dynamic_keymap_macro_get_count
 .text.dynamic_keymap_macro_get_buffer_size
                0x000025a4        0x6 .build/obj_foostan_cornelius_via/quantum/dynamic_keymap.o
                0x000025a4                dynamic_keymap_macro_get_buffer_size
 .text.dynamic_keymap_macro_get_buffer
                0x000025aa       0x4a .build/obj_foostan_cornelius_via/quantum/dynamic_keymap.o
                0x000025aa                dynamic_keymap_macro_get_buffer
 .text.dynamic_keymap_macro_set_buffer
                0x000025f4       0x4a .build/obj_foostan_cornelius_via/quantum/dynamic_keymap.o
                0x000025f4                dynamic_keymap_macro_set_buffer
 .text.dynamic_keymap_macro_reset
                0x0000263e       0x20 .build/obj_foostan_cornelius_via/quantum/dynamic_keymap.o
                0x0000263e                dynamic_keymap_macro_reset
 .text.dynamic_keymap_macro_send
                0x0000265e       0xfa .build/obj_foostan_cornelius_via/quantum/dynamic_keymap.o
                0x0000265e                dynamic_keymap_macro_send
 .text.process_grave_esc
                0x00002758       0x54 .build/obj_foostan_cornelius_via/quantum/process_keycode/process_grave_esc.o
                0x00002758                process_grave_esc
 .text.process_magic
                0x000027ac      0x1b8 .build/obj_foostan_cornelius_via/quantum/process_keycode/process_magic.o
                0x000027ac                process_magic
 .text.times_inv_sqrt2
                0x00002964       0x1c .build/obj_foostan_cornelius_via/quantum/mousekey.o
 .text.move_unit
                0x00002980       0x7c .build/obj_foostan_cornelius_via/quantum/mousekey.o
 .text.wheel_unit
                0x000029fc       0x72 .build/obj_foostan_cornelius_via/quantum/mousekey.o
 .text.mousekey_on
                0x00002a6e       0xd8 .build/obj_foostan_cornelius_via/quantum/mousekey.o
                0x00002a6e                mousekey_on
 .text.mousekey_off
                0x00002b46       0xf2 .build/obj_foostan_cornelius_via/quantum/mousekey.o
                0x00002b46                mousekey_off
 .text.mousekey_send
                0x00002c38       0x38 .build/obj_foostan_cornelius_via/quantum/mousekey.o
                0x00002c38                mousekey_send
 .text.mousekey_clear
                0x00002c70       0x1c .build/obj_foostan_cornelius_via/quantum/mousekey.o
                0x00002c70                mousekey_clear
 .text.should_mousekey_report_send
                0x00002c8c       0x28 .build/obj_foostan_cornelius_via/quantum/mousekey.o
                0x00002c8c                should_mousekey_report_send
 .text.mousekey_task
                0x00002cb4      0x1dc .build/obj_foostan_cornelius_via/quantum/mousekey.o
                0x00002cb4                mousekey_task
 .text.send_char_with_delay
                0x00002e90      0x148 .build/obj_foostan_cornelius_via/quantum/send_string/send_string.o
                0x00002e90                send_char_with_delay
 .text.send_string_with_delay
                0x00002fd8       0xd6 .build/obj_foostan_cornelius_via/quantum/send_string/send_string.o
                0x00002fd8                send_string_with_delay
 .text.perform_space_cadet
                0x000030ae       0xc8 .build/obj_foostan_cornelius_via/quantum/process_keycode/process_space_cadet.o
                0x000030ae                perform_space_cadet
 .text.process_space_cadet
                0x00003176       0x88 .build/obj_foostan_cornelius_via/quantum/process_keycode/process_space_cadet.o
                0x00003176                process_space_cadet
 .text.process_tri_layer
                0x000031fe       0x80 .build/obj_foostan_cornelius_via/quantum/process_keycode/process_tri_layer.o
                0x000031fe                process_tri_layer
 .text.get_tri_layer_lower_layer
                0x0000327e        0x6 .build/obj_foostan_cornelius_via/quantum/tri_layer.o
                0x0000327e                get_tri_layer_lower_layer
 .text.get_tri_layer_upper_layer
                0x00003284        0x6 .build/obj_foostan_cornelius_via/quantum/tri_layer.o
                0x00003284                get_tri_layer_upper_layer
 .text.get_tri_layer_adjust_layer
                0x0000328a        0x6 .build/obj_foostan_cornelius_via/quantum/tri_layer.o
                0x0000328a                get_tri_layer_adjust_layer
 .text.via_eeprom_is_valid
                0x00003290       0x32 .build/obj_foostan_cornelius_via/quantum/via.o
                0x00003290                via_eeprom_is_valid
 .text.via_eeprom_set_valid
                0x000032c2       0x32 .build/obj_foostan_cornelius_via/quantum/via.o
                0x000032c2                via_eeprom_set_valid
 .text.via_init_kb
                0x000032f4        0x2 .build/obj_foostan_cornelius_via/quantum/via.o
                0x000032f4                via_init_kb
 .text.via_get_layout_options
                0x000032f6       0x12 .build/obj_foostan_cornelius_via/quantum/via.o
                0x000032f6                via_get_layout_options
 .text.via_set_layout_options_kb
                0x00003308        0x2 .build/obj_foostan_cornelius_via/quantum/via.o
                0x00003308                via_set_layout_options_kb
 .text.via_set_layout_options
                0x0000330a       0x16 .build/obj_foostan_cornelius_via/quantum/via.o
                0x0000330a                via_set_layout_options
 .text.eeconfig_init_via
                0x00003320       0x20 .build/obj_foostan_cornelius_via/quantum/via.o
                0x00003320                eeconfig_init_via
 .text.via_init
                0x00003340       0x1a .build/obj_foostan_cornelius_via/quantum/via.o
                0x00003340                via_init
 .text.via_set_device_indication
                0x0000335a        0x2 .build/obj_foostan_cornelius_via/quantum/via.o
                0x0000335a                via_set_device_indication
 .text.process_record_via
                0x0000335c       0x22 .build/obj_foostan_cornelius_via/quantum/via.o
                0x0000335c                process_record_via
 .text.via_custom_value_command_kb
                0x0000337e        0x8 .build/obj_foostan_cornelius_via/quantum/via.o
                0x0000337e                via_custom_value_command_kb
 .text.via_custom_value_command
                0x00003386        0x6 .build/obj_foostan_cornelius_via/quantum/via.o
                0x00003386                via_custom_value_command
 .text.via_command_kb
                0x0000338c        0x4 .build/obj_foostan_cornelius_via/quantum/via.o
                0x0000338c                via_command_kb
 .text.raw_hid_receive
                0x00003390      0x19a .build/obj_foostan_cornelius_via/quantum/via.o
                0x00003390                raw_hid_receive
 .text.host_set_driver
                0x0000352a        0xa .build/obj_foostan_cornelius_via/protocol/host.o
                0x0000352a                host_set_driver
 .text.host_keyboard_leds
                0x00003534       0x1a .build/obj_foostan_cornelius_via/protocol/host.o
                0x00003534                host_keyboard_leds
 .text.host_keyboard_led_state
                0x0000354e        0x6 .build/obj_foostan_cornelius_via/protocol/host.o
                0x0000354e                host_keyboard_led_state
 .text.host_keyboard_send
                0x00003554       0x16 .build/obj_foostan_cornelius_via/protocol/host.o
                0x00003554                host_keyboard_send
 .text.host_mouse_send
                0x0000356a       0x1c .build/obj_foostan_cornelius_via/protocol/host.o
                0x0000356a                host_mouse_send
 .text.host_system_send
                0x00003586       0x4a .build/obj_foostan_cornelius_via/protocol/host.o
                0x00003586                host_system_send
 .text.host_consumer_send
                0x000035d0       0x4a .build/obj_foostan_cornelius_via/protocol/host.o
                0x000035d0                host_consumer_send
 .text.has_anykey
                0x0000361a       0x2a .build/obj_foostan_cornelius_via/protocol/report.o
                0x0000361a                has_anykey
 .text.is_key_pressed
                0x00003644       0x28 .build/obj_foostan_cornelius_via/protocol/report.o
                0x00003644                is_key_pressed
 .text.add_key_byte
                0x0000366c       0x34 .build/obj_foostan_cornelius_via/protocol/report.o
                0x0000366c                add_key_byte
 .text.del_key_byte
                0x000036a0       0x1a .build/obj_foostan_cornelius_via/protocol/report.o
                0x000036a0                del_key_byte
 .text.add_key_to_report
                0x000036ba       0x10 .build/obj_foostan_cornelius_via/protocol/report.o
                0x000036ba                add_key_to_report
 .text.del_key_from_report
                0x000036ca       0x10 .build/obj_foostan_cornelius_via/protocol/report.o
                0x000036ca                del_key_from_report
 .text.clear_keys_from_report
                0x000036da       0x16 .build/obj_foostan_cornelius_via/protocol/report.o
                0x000036da                clear_keys_from_report
 .text.has_mouse_report_changed
                0x000036f0       0x5a .build/obj_foostan_cornelius_via/protocol/report.o
                0x000036f0                has_mouse_report_changed
 .text.notify_usb_device_state_change_user
                0x0000374a        0x2 .build/obj_foostan_cornelius_via/protocol/usb_device_state.o
                0x0000374a                notify_usb_device_state_change_user
 .text.notify_usb_device_state_change_kb
                0x0000374c        0x6 .build/obj_foostan_cornelius_via/protocol/usb_device_state.o
                0x0000374c                notify_usb_device_state_change_kb
 .text.usb_device_state_set_configuration
                0x00003752       0x14 .build/obj_foostan_cornelius_via/protocol/usb_device_state.o
                0x00003752                usb_device_state_set_configuration
 .text.usb_device_state_set_suspend
                0x00003766        0xc .build/obj_foostan_cornelius_via/protocol/usb_device_state.o
                0x00003766                usb_device_state_set_suspend
 .text.usb_device_state_set_resume
                0x00003772        0x6 .build/obj_foostan_cornelius_via/protocol/usb_device_state.o
                0x00003772                usb_device_state_set_resume
 .text.usb_device_state_set_reset
                0x00003778        0xc .build/obj_foostan_cornelius_via/protocol/usb_device_state.o
                0x00003778                usb_device_state_set_reset
 .text.usb_device_state_init
                0x00003784        0x6 .build/obj_foostan_cornelius_via/protocol/usb_device_state.o
                0x00003784                usb_device_state_init
 .text.suspend_wakeup_init_user
                0x0000378a        0x2 .build/obj_foostan_cornelius_via/platforms/suspend.o
                0x0000378a                suspend_wakeup_init_user
 .text.suspend_power_down_user
                0x0000378c        0x2 .build/obj_foostan_cornelius_via/platforms/suspend.o
                0x0000378c                suspend_power_down_user
 .text.suspend_power_down_kb
                0x0000378e        0x6 .build/obj_foostan_cornelius_via/platforms/suspend.o
                0x0000378e                suspend_power_down_kb
 .text.matrix_power_up
                0x00003794        0x2 .build/obj_foostan_cornelius_via/platforms/suspend.o
                0x00003794                matrix_power_up
 .text.matrix_power_down
                0x00003796        0x2 .build/obj_foostan_cornelius_via/platforms/suspend.o
                0x00003796                matrix_power_down
 .text.suspend_wakeup_init_kb
                0x00003798        0x6 .build/obj_foostan_cornelius_via/platforms/suspend.o
                0x00003798                suspend_wakeup_init_kb
 .text.suspend_wakeup_condition
                0x0000379e       0x2a .build/obj_foostan_cornelius_via/platforms/suspend.o
                0x0000379e                suspend_wakeup_condition
 .text.platform_setup
                0x000037c8        0xe .build/obj_foostan_cornelius_via/platforms/avr/platform.o
                0x000037c8                platform_setup
 .text.__vector_12
                0x000037d6       0x4e .build/obj_foostan_cornelius_via/platforms/avr/suspend.o
                0x000037d6                __vector_12
 .text.suspend_power_down
                0x00003824       0x56 .build/obj_foostan_cornelius_via/platforms/avr/suspend.o
                0x00003824                suspend_power_down
 .text.suspend_wakeup_init
                0x0000387a        0xa .build/obj_foostan_cornelius_via/platforms/avr/suspend.o
                0x0000387a                suspend_wakeup_init
 .text.timer_init
                0x00003884       0x12 .build/obj_foostan_cornelius_via/platforms/avr/timer.o
                0x00003884                timer_init
 .text.timer_read
                0x00003896       0x18 .build/obj_foostan_cornelius_via/platforms/avr/timer.o
                0x00003896                timer_read
 .text.timer_read32
                0x000038ae       0x18 .build/obj_foostan_cornelius_via/platforms/avr/timer.o
                0x000038ae                timer_read32
 .text.timer_elapsed
                0x000038c6       0x1e .build/obj_foostan_cornelius_via/platforms/avr/timer.o
                0x000038c6                timer_elapsed
 .text.__vector_21
                0x000038e4       0x48 .build/obj_foostan_cornelius_via/platforms/avr/timer.o
                0x000038e4                __vector_21
 .text.bootloader_jump
                0x0000392c       0x48 .build/obj_foostan_cornelius_via/platforms/avr/bootloaders/dfu.o
                0x0000392c                bootloader_jump
 .text.mcu_reset
                0x00003974       0x16 .build/obj_foostan_cornelius_via/platforms/avr/bootloaders/dfu.o
                0x00003974                mcu_reset
 .text.keyboard_leds
                0x0000398a        0x6 .build/obj_foostan_cornelius_via/lufa.o
 .text.send_nkro
                0x00003990        0x2 .build/obj_foostan_cornelius_via/lufa.o
 .text.send_report
                0x00003992       0x48 .build/obj_foostan_cornelius_via/lufa.o
                0x00003992                send_report
 .text.send_extra
                0x000039da        0xe .build/obj_foostan_cornelius_via/lufa.o
 .text.send_mouse
                0x000039e8        0xe .build/obj_foostan_cornelius_via/lufa.o
 .text.send_keyboard
                0x000039f6       0x28 .build/obj_foostan_cornelius_via/lufa.o
 .text.raw_hid_send
                0x00003a1e       0x12 .build/obj_foostan_cornelius_via/lufa.o
                0x00003a1e                raw_hid_send
 .text.EVENT_USB_Device_Connect
                0x00003a30       0x1c .build/obj_foostan_cornelius_via/lufa.o
                0x00003a30                EVENT_USB_Device_Connect
 .text.EVENT_USB_Device_Disconnect
                0x00003a4c        0x6 .build/obj_foostan_cornelius_via/lufa.o
                0x00003a4c                EVENT_USB_Device_Disconnect
 .text.EVENT_USB_Device_Reset
                0x00003a52        0x6 .build/obj_foostan_cornelius_via/lufa.o
                0x00003a52                EVENT_USB_Device_Reset
 .text.EVENT_USB_Device_Suspend
                0x00003a58       0x12 .build/obj_foostan_cornelius_via/lufa.o
                0x00003a58                EVENT_USB_Device_Suspend
 .text.EVENT_USB_Device_WakeUp
                0x00003a6a       0x16 .build/obj_foostan_cornelius_via/lufa.o
                0x00003a6a                EVENT_USB_Device_WakeUp
 .text.EVENT_USB_Device_ConfigurationChanged
                0x00003a80       0x3e .build/obj_foostan_cornelius_via/lufa.o
                0x00003a80                EVENT_USB_Device_ConfigurationChanged
 .text.EVENT_USB_Device_ControlRequest
                0x00003abe      0x178 .build/obj_foostan_cornelius_via/lufa.o
                0x00003abe                EVENT_USB_Device_ControlRequest
 .text.protocol_setup
                0x00003c36       0x34 .build/obj_foostan_cornelius_via/lufa.o
                0x00003c36                protocol_setup
 .text.protocol_pre_init
                0x00003c6a       0x1a .build/obj_foostan_cornelius_via/lufa.o
                0x00003c6a                protocol_pre_init
 .text.protocol_post_init
                0x00003c84        0xa .build/obj_foostan_cornelius_via/lufa.o
                0x00003c84                protocol_post_init
 .text.protocol_pre_task
                0x00003c8e       0x34 .build/obj_foostan_cornelius_via/lufa.o
                0x00003c8e                protocol_pre_task
 .text.protocol_post_task
                0x00003cc2       0x5e .build/obj_foostan_cornelius_via/lufa.o
                0x00003cc2                protocol_post_task
 .text.CALLBACK_USB_GetDescriptor
                0x00003d20       0x10 .build/obj_foostan_cornelius_via/lufa.o
                0x00003d20                CALLBACK_USB_GetDescriptor
 .text.get_usb_descriptor
                0x00003d30       0xae .build/obj_foostan_cornelius_via/usb_descriptor.o
                0x00003d30                get_usb_descriptor
 .text.USB_Device_SendRemoteWakeup
                0x00003dde       0x2c .build/obj_foostan_cornelius_via/lib/lufa/LUFA/Drivers/USB/Core/AVR8/Device_AVR8.o
                0x00003dde                USB_Device_SendRemoteWakeup
 .text.Endpoint_Write_Stream_LE
                0x00003e0a       0x9e .build/obj_foostan_cornelius_via/lib/lufa/LUFA/Drivers/USB/Core/AVR8/EndpointStream_AVR8.o
                0x00003e0a                Endpoint_Write_Stream_LE
 .text.Endpoint_Read_Stream_LE
                0x00003ea8       0x9e .build/obj_foostan_cornelius_via/lib/lufa/LUFA/Drivers/USB/Core/AVR8/EndpointStream_AVR8.o
                0x00003ea8                Endpoint_Read_Stream_LE
 .text.Endpoint_Write_Control_Stream_LE
                0x00003f46       0xbc .build/obj_foostan_cornelius_via/lib/lufa/LUFA/Drivers/USB/Core/AVR8/EndpointStream_AVR8.o
                0x00003f46                Endpoint_Write_Control_Stream_LE
 .text.Endpoint_Write_Control_PStream_LE
                0x00004002       0xbe .build/obj_foostan_cornelius_via/lib/lufa/LUFA/Drivers/USB/Core/AVR8/EndpointStream_AVR8.o
                0x00004002                Endpoint_Write_Control_PStream_LE
 .text.Endpoint_ConfigureEndpoint_Prv
                0x000040c0       0x68 .build/obj_foostan_cornelius_via/lib/lufa/LUFA/Drivers/USB/Core/AVR8/Endpoint_AVR8.o
                0x000040c0                Endpoint_ConfigureEndpoint_Prv
 .text.Endpoint_ClearStatusStage
                0x00004128       0x3e .build/obj_foostan_cornelius_via/lib/lufa/LUFA/Drivers/USB/Core/AVR8/Endpoint_AVR8.o
                0x00004128                Endpoint_ClearStatusStage
 .text.Endpoint_WaitUntilReady
                0x00004166       0x62 .build/obj_foostan_cornelius_via/lib/lufa/LUFA/Drivers/USB/Core/AVR8/Endpoint_AVR8.o
                0x00004166                Endpoint_WaitUntilReady
 .text.USB_Disable
                0x000041c8       0x34 .build/obj_foostan_cornelius_via/lib/lufa/LUFA/Drivers/USB/Core/AVR8/USBController_AVR8.o
                0x000041c8                USB_Disable
 .text.USB_ResetInterface
                0x000041fc       0x86 .build/obj_foostan_cornelius_via/lib/lufa/LUFA/Drivers/USB/Core/AVR8/USBController_AVR8.o
                0x000041fc                USB_ResetInterface
 .text.USB_Init
                0x00004282       0x24 .build/obj_foostan_cornelius_via/lib/lufa/LUFA/Drivers/USB/Core/AVR8/USBController_AVR8.o
                0x00004282                USB_Init
 .text.USB_INT_DisableAllInterrupts
                0x000042a6       0x10 .build/obj_foostan_cornelius_via/lib/lufa/LUFA/Drivers/USB/Core/AVR8/USBInterrupt_AVR8.o
                0x000042a6                USB_INT_DisableAllInterrupts
 .text.USB_INT_ClearAllInterrupts
                0x000042b6        0xa .build/obj_foostan_cornelius_via/lib/lufa/LUFA/Drivers/USB/Core/AVR8/USBInterrupt_AVR8.o
                0x000042b6                USB_INT_ClearAllInterrupts
 .text.__vector_10
                0x000042c0      0x1a8 .build/obj_foostan_cornelius_via/lib/lufa/LUFA/Drivers/USB/Core/AVR8/USBInterrupt_AVR8.o
                0x000042c0                __vector_10
 .text.__vector_11
                0x00004468       0x88 .build/obj_foostan_cornelius_via/lib/lufa/LUFA/Drivers/USB/Core/AVR8/USBInterrupt_AVR8.o
                0x00004468                __vector_11
 .text.USB_Device_ProcessControlRequest
                0x000044f0      0x28e .build/obj_foostan_cornelius_via/lib/lufa/LUFA/Drivers/USB/Core/DeviceStandardReq.o
                0x000044f0                USB_Device_ProcessControlRequest
 .text.USB_Event_Stub
                0x0000477e        0x2 .build/obj_foostan_cornelius_via/lib/lufa/LUFA/Drivers/USB/Core/Events.o
                0x0000477e                USB_Event_Stub
                0x0000477e                EVENT_USB_Device_StartOfFrame
 .text.USB_USBTask
                0x00004780       0x36 .build/obj_foostan_cornelius_via/lib/lufa/LUFA/Drivers/USB/Core/USBTask.o
                0x00004780                USB_USBTask
 .text.libgcc.div
                0x000047b6       0x28 /opt/homebrew/Cellar/avr-gcc@8/8.5.0_2/lib/avr-gcc/8/gcc/avr/8.5.0/avr5/libgcc.a(_divmodhi4.o)
                0x000047b6                __divmodhi4
                0x000047b6                _div
 .text.libgcc   0x000047de        0xc /opt/homebrew/Cellar/avr-gcc@8/8.5.0_2/lib/avr-gcc/8/gcc/avr/8.5.0/avr5/libgcc.a(_tablejump2.o)
                0x000047de                __tablejump2__
 .text.libgcc.builtins
                0x000047ea        0xe /opt/homebrew/Cellar/avr-gcc@8/8.5.0_2/lib/avr-gcc/8/gcc/avr/8.5.0/avr5/libgcc.a(_bswapsi2.o)
                0x000047ea                __bswapsi2
 .text.libgcc.prologue
                0x000047f8       0x38 /opt/homebrew/Cellar/avr-gcc@8/8.5.0_2/lib/avr-gcc/8/gcc/avr/8.5.0/avr5/libgcc.a(_prologue.o)
                0x000047f8                __prologue_saves__
 .text.libgcc.prologue
                0x00004830       0x36 /opt/homebrew/Cellar/avr-gcc@8/8.5.0_2/lib/avr-gcc/8/gcc/avr/8.5.0/avr5/libgcc.a(_epilogue.o)
                0x00004830                __epilogue_restores__
 .text.libgcc.div
                0x00004866       0x28 /opt/homebrew/Cellar/avr-gcc@8/8.5.0_2/lib/avr-gcc/8/gcc/avr/8.5.0/avr5/libgcc.a(_udivmodhi4.o)
                0x00004866                __udivmodhi4
 .text.avr-libc
                0x0000488e       0x1a /opt/homebrew/Cellar/avr-gcc@8/8.5.0_2/lib/avr-gcc/8/gcc/avr/8.5.0/../../../../../../avr/lib/avr5/libc.a(memcmp.o)
                0x0000488e                memcmp
 .text.avr-libc
                0x000048a8       0x12 /opt/homebrew/Cellar/avr-gcc@8/8.5.0_2/lib/avr-gcc/8/gcc/avr/8.5.0/../../../../../../avr/lib/avr5/libc.a(memcpy.o)
                0x000048a8                memcpy
 .text.avr-libc
                0x000048ba       0x10 /opt/homebrew/Cellar/avr-gcc@8/8.5.0_2/lib/avr-gcc/8/gcc/avr/8.5.0/../../../../../../avr/lib/avr5/libatmega32u4.a(eerd_byte.o)
                0x000048ba                eeprom_read_byte
 .text.avr-libc
                0x000048ca        0xc /opt/homebrew/Cellar/avr-gcc@8/8.5.0_2/lib/avr-gcc/8/gcc/avr/8.5.0/../../../../../../avr/lib/avr5/libatmega32u4.a(eerd_word.o)
                0x000048ca                eeprom_read_word
 .text.avr-libc
                0x000048d6       0x20 /opt/homebrew/Cellar/avr-gcc@8/8.5.0_2/lib/avr-gcc/8/gcc/avr/8.5.0/../../../../../../avr/lib/avr5/libatmega32u4.a(eeupd_block.o)
                0x000048d6                eeprom_update_block
 .text.avr-libc
                0x000048f6       0x24 /opt/homebrew/Cellar/avr-gcc@8/8.5.0_2/lib/avr-gcc/8/gcc/avr/8.5.0/../../../../../../avr/lib/avr5/libatmega32u4.a(eeupd_byte.o)
                0x000048f6                eeprom_update_byte
                0x000048f8                eeprom_update_r18
 .text.avr-libc
                0x0000491a       0x18 /opt/homebrew/Cellar/avr-gcc@8/8.5.0_2/lib/avr-gcc/8/gcc/avr/8.5.0/../../../../../../avr/lib/avr5/libatmega32u4.a(eeupd_dword.o)
                0x0000491a                eeprom_update_dword
                0x0000491a                eeprom_update_float
 .text.avr-libc
                0x00004932        0xc /opt/homebrew/Cellar/avr-gcc@8/8.5.0_2/lib/avr-gcc/8/gcc/avr/8.5.0/../../../../../../avr/lib/avr5/libatmega32u4.a(eeupd_word.o)
                0x00004932                eeprom_update_word
 .text.avr-libc
                0x0000493e       0x20 /opt/homebrew/Cellar/avr-gcc@8/8.5.0_2/lib/avr-gcc/8/gcc/avr/8.5.0/../../../../../../avr/lib/avr5/libatmega32u4.a(eerd_block.o)
                0x0000493e                eeprom_read_block
                0x00004942                eeprom_read_blraw
                0x0000495e                        . = ALIGN (0x2)
 *(.fini9)
 .fini9         0x0000495e        0x0 /opt/homebrew/Cellar/avr-gcc@8/8.5.0_2/lib/avr-gcc/8/gcc/avr/8.5.0/avr5/libgcc.a(_exit.o)
                0x0000495e                exit
                0x0000495e                _exit
 *(.fini9)
 *(.fini8)
 *(.fini8)
 *(.fini7)
 *(.fini7)
 *(.fini6)
 *(.fini6)
 *(.fini5)
 *(.fini5)
 *(.fini4)
 *(.fini4)
 *(.fini3)
 *(.fini3)
 *(.fini2)
 *(.fini2)
 *(.fini1)
 *(.fini1)
 *(.fini0)
 .fini0         0x0000495e        0x4 /opt/homebrew/Cellar/avr-gcc@8/8.5.0_2/lib/avr-gcc/8/gcc/avr/8.5.0/avr5/libgcc.a(_exit.o)
 *(.fini0)
 *(.hightext)
 *(.hightext*)
 *(.progmemx.*)
                0x00004962                        . = ALIGN (0x2)
 *(.jumptables)
 *(.jumptables*)
 .jumptables.gcc.process_action
                0x00004962       0x18 .build/obj_foostan_cornelius_via/quantum/action.o
 .jumptables.gcc.process_magic
                0x0000497a       0x44 .build/obj_foostan_cornelius_via/quantum/process_keycode/process_magic.o
 .jumptables.gcc.process_space_cadet
                0x000049be        0xe .build/obj_foostan_cornelius_via/quantum/process_keycode/process_space_cadet.o
 .jumptables.gcc.raw_hid_receive
                0x000049cc       0x26 .build/obj_foostan_cornelius_via/quantum/via.o
 .jumptables.gcc.USB_Device_ProcessControlRequest
                0x000049f2       0x14 .build/obj_foostan_cornelius_via/lib/lufa/LUFA/Drivers/USB/Core/DeviceStandardReq.o
                0x00004a06                        _etext = .

.data           0x00800100       0xaa load address 0x00004a06
                0x00800100                        PROVIDE (__data_start = .)
 *(.data)
 *(.data*)
 .data.keyboard_report
                0x00800100        0x2 .build/obj_foostan_cornelius_via/quantum/action_util.o
                0x00800100                keyboard_report
 .data.mk_wheel_time_to_max
                0x00800102        0x1 .build/obj_foostan_cornelius_via/quantum/mousekey.o
                0x00800102                mk_wheel_time_to_max
 .data.mk_wheel_max_speed
                0x00800103        0x1 .build/obj_foostan_cornelius_via/quantum/mousekey.o
                0x00800103                mk_wheel_max_speed
 .data.mk_wheel_interval
                0x00800104        0x1 .build/obj_foostan_cornelius_via/quantum/mousekey.o
                0x00800104                mk_wheel_interval
 .data.mk_wheel_delay
                0x00800105        0x1 .build/obj_foostan_cornelius_via/quantum/mousekey.o
                0x00800105                mk_wheel_delay
 .data.mk_time_to_max
                0x00800106        0x1 .build/obj_foostan_cornelius_via/quantum/mousekey.o
                0x00800106                mk_time_to_max
 .data.mk_max_speed
                0x00800107        0x1 .build/obj_foostan_cornelius_via/quantum/mousekey.o
                0x00800107                mk_max_speed
 .data.mk_interval
                0x00800108        0x1 .build/obj_foostan_cornelius_via/quantum/mousekey.o
                0x00800108                mk_interval
 .data.mk_delay
                0x00800109        0x1 .build/obj_foostan_cornelius_via/quantum/mousekey.o
                0x00800109                mk_delay
 .data.tri_layer_adjust_layer
                0x0080010a        0x1 .build/obj_foostan_cornelius_via/quantum/tri_layer.o
 .data.tri_layer_upper_layer
                0x0080010b        0x1 .build/obj_foostan_cornelius_via/quantum/tri_layer.o
 .data.tri_layer_lower_layer
                0x0080010c        0x1 .build/obj_foostan_cornelius_via/quantum/tri_layer.o
 .data.lufa_driver
                0x0080010d        0xa .build/obj_foostan_cornelius_via/lufa.o
                0x0080010d                lufa_driver
 .data.keyboard_protocol
                0x00800117        0x1 .build/obj_foostan_cornelius_via/lufa.o
                0x00800117                keyboard_protocol
 *(.gnu.linkonce.d*)
 *(.rodata)
 *(.rodata*)
 .rodata.CSWTCH.9
                0x00800118       0x36 .build/obj_foostan_cornelius_via/quantum/action.o
 .rodata.CSWTCH.8
                0x0080014e        0x3 .build/obj_foostan_cornelius_via/quantum/action.o
 .rodata.CSWTCH.2
                0x00800151       0x36 .build/obj_foostan_cornelius_via/quantum/keymap_common.o
 .rodata.CSWTCH.1
                0x00800187        0x3 .build/obj_foostan_cornelius_via/quantum/keymap_common.o
 .rodata.col_pins
                0x0080018a        0xc .build/obj_foostan_cornelius_via/quantum/matrix.o
 .rodata.row_pins
                0x00800196        0x4 .build/obj_foostan_cornelius_via/quantum/matrix.o
 .rodata.CSWTCH.2
                0x0080019a        0x3 .build/obj_foostan_cornelius_via/usb_descriptor.o
 .rodata.CSWTCH.1
                0x0080019d        0x6 .build/obj_foostan_cornelius_via/usb_descriptor.o
 .rodata.CSWTCH.0
                0x008001a3        0x6 .build/obj_foostan_cornelius_via/usb_descriptor.o
 *(.gnu.linkonce.r*)
                0x008001aa                        . = ALIGN (0x2)
 *fill*         0x008001a9        0x1 
                0x008001aa                        _edata = .
                0x008001aa                        PROVIDE (__data_end = .)

.bss            0x008001aa       0xce
                0x008001aa                        PROVIDE (__bss_start = .)
 *(.bss)
 .bss           0x008001aa        0x2 .build/obj_foostan_cornelius_via/platforms/avr/xprintf.o
                0x008001aa                xfunc_out
 *(.bss*)
 .bss.last_led_status.3598
                0x008001ac        0x1 .build/obj_foostan_cornelius_via/quantum/led.o
 .bss.last_led_modification_time
                0x008001ad        0x4 .build/obj_foostan_cornelius_via/quantum/led.o
 .bss.disable_action_cache
                0x008001b1        0x1 .build/obj_foostan_cornelius_via/quantum/action.o
                0x008001b1                disable_action_cache
 .bss.source_layers_cache
                0x008001b2       0x12 .build/obj_foostan_cornelius_via/quantum/action_layer.o
                0x008001b2                source_layers_cache
 .bss.layer_state
                0x008001c4        0x1 .build/obj_foostan_cornelius_via/quantum/action_layer.o
                0x008001c4                layer_state
 .bss.default_layer_state
                0x008001c5        0x1 .build/obj_foostan_cornelius_via/quantum/action_layer.o
                0x008001c5                default_layer_state
 .bss.waiting_buffer_tail
                0x008001c6        0x1 .build/obj_foostan_cornelius_via/quantum/action_tapping.o
 .bss.waiting_buffer_head
                0x008001c7        0x1 .build/obj_foostan_cornelius_via/quantum/action_tapping.o
 .bss.waiting_buffer
                0x008001c8       0x38 .build/obj_foostan_cornelius_via/quantum/action_tapping.o
 .bss.tapping_key
                0x00800200        0x7 .build/obj_foostan_cornelius_via/quantum/action_tapping.o
 .bss.last_report.4292
                0x00800207        0x8 .build/obj_foostan_cornelius_via/quantum/action_util.o
 .bss.oneshot_layer_data
                0x0080020f        0x1 .build/obj_foostan_cornelius_via/quantum/action_util.o
 .bss.oneshot_locked_mods
                0x00800210        0x1 .build/obj_foostan_cornelius_via/quantum/action_util.o
 .bss.oneshot_mods
                0x00800211        0x1 .build/obj_foostan_cornelius_via/quantum/action_util.o
 .bss.__compound_literal.0
                0x00800212        0x8 .build/obj_foostan_cornelius_via/quantum/action_util.o
 .bss.weak_mods
                0x0080021a        0x1 .build/obj_foostan_cornelius_via/quantum/action_util.o
 .bss.real_mods
                0x0080021b        0x1 .build/obj_foostan_cornelius_via/quantum/action_util.o
 .bss.last_tick.4244
                0x0080021c        0x2 .build/obj_foostan_cornelius_via/quantum/keyboard.o
 .bss.matrix_previous.4251
                0x0080021e        0x8 .build/obj_foostan_cornelius_via/quantum/keyboard.o
 .bss.last_matrix_modification_time
                0x00800226        0x4 .build/obj_foostan_cornelius_via/quantum/keyboard.o
 .bss.last_input_modification_time
                0x0080022a        0x4 .build/obj_foostan_cornelius_via/quantum/keyboard.o
 .bss.debug_config
                0x0080022e        0x1 .build/obj_foostan_cornelius_via/quantum/logging/debug.o
                0x0080022e                debug_config
 .bss.debouncing_time
                0x0080022f        0x2 .build/obj_foostan_cornelius_via/quantum/debounce/sym_defer_g.o
 .bss.debouncing
                0x00800231        0x1 .build/obj_foostan_cornelius_via/quantum/debounce/sym_defer_g.o
 .bss.grave_esc_was_shifted
                0x00800232        0x1 .build/obj_foostan_cornelius_via/quantum/process_keycode/process_grave_esc.o
 .bss.last_timer_w
                0x00800233        0x2 .build/obj_foostan_cornelius_via/quantum/mousekey.o
 .bss.last_timer_c
                0x00800235        0x2 .build/obj_foostan_cornelius_via/quantum/mousekey.o
 .bss.mousekey_wheel_repeat
                0x00800237        0x1 .build/obj_foostan_cornelius_via/quantum/mousekey.o
 .bss.mousekey_repeat
                0x00800238        0x1 .build/obj_foostan_cornelius_via/quantum/mousekey.o
 .bss.mousekey_accel
                0x00800239        0x1 .build/obj_foostan_cornelius_via/quantum/mousekey.o
 .bss.mouse_report
                0x0080023a        0x6 .build/obj_foostan_cornelius_via/quantum/mousekey.o
 .bss.sc_timer  0x00800240        0x2 .build/obj_foostan_cornelius_via/quantum/process_keycode/process_space_cadet.o
 .bss.sc_last   0x00800242        0x1 .build/obj_foostan_cornelius_via/quantum/process_keycode/process_space_cadet.o
 .bss.last_consumer_usage
                0x00800243        0x2 .build/obj_foostan_cornelius_via/protocol/host.o
 .bss.last_system_usage
                0x00800245        0x2 .build/obj_foostan_cornelius_via/protocol/host.o
 .bss.driver    0x00800247        0x2 .build/obj_foostan_cornelius_via/protocol/host.o
 .bss.usb_device_state
                0x00800249        0x1 .build/obj_foostan_cornelius_via/protocol/usb_device_state.o
                0x00800249                usb_device_state
 .bss.wdt_timeout
                0x0080024a        0x1 .build/obj_foostan_cornelius_via/platforms/avr/suspend.o
 .bss.keyboard_report_sent
                0x0080024b        0x8 .build/obj_foostan_cornelius_via/lufa.o
 .bss.keyboard_led_state
                0x00800253        0x1 .build/obj_foostan_cornelius_via/lufa.o
 .bss.keyboard_idle
                0x00800254        0x1 .build/obj_foostan_cornelius_via/lufa.o
                0x00800254                keyboard_idle
 *(COMMON)
 COMMON         0x00800255        0x2 .build/obj_foostan_cornelius_via/quantum/keycode_config.o
                0x00800255                keymap_config
 COMMON         0x00800257       0x10 .build/obj_foostan_cornelius_via/quantum/matrix_common.o
                0x00800257                raw_matrix
                0x0080025f                matrix
 COMMON         0x00800267        0x4 .build/obj_foostan_cornelius_via/platforms/avr/timer.o
                0x00800267                timer_count
 COMMON         0x0080026b        0x3 .build/obj_foostan_cornelius_via/lib/lufa/LUFA/Drivers/USB/Core/DeviceStandardReq.o
                0x0080026b                USB_Device_ConfigurationNumber
                0x0080026c                USB_Device_CurrentlySelfPowered
                0x0080026d                USB_Device_RemoteWakeupEnabled
 COMMON         0x0080026e        0xa .build/obj_foostan_cornelius_via/lib/lufa/LUFA/Drivers/USB/Core/USBTask.o
                0x0080026e                USB_IsInitialized
                0x0080026f                USB_DeviceState
                0x00800270                USB_ControlRequest
                0x00800278                        PROVIDE (__bss_end = .)
                0x00004a06                        __data_load_start = LOADADDR (.data)
                0x00004ab0                        __data_load_end = (__data_load_start + SIZEOF (.data))

.noinit         0x00800278        0x4
                [!provide]                        PROVIDE (__noinit_start = .)
 *(.noinit .noinit.* .gnu.linkonce.n.*)
 .noinit        0x00800278        0x4 .build/obj_foostan_cornelius_via/platforms/avr/bootloaders/dfu.o
                0x00800278                reset_key
                [!provide]                        PROVIDE (__noinit_end = .)
                0x0080027c                        _end = .
                [!provide]                        PROVIDE (__heap_start = .)
                [!provide]                        PROVIDE (__flmap_init_label = DEFINED (__flmap_noinit_start)?__flmap_noinit_start:0x0)
                [!provide]                        PROVIDE (__flmap = DEFINED (__flmap)?__flmap:0x0)

.eeprom         0x00810000        0x0
 *(.eeprom*)
                0x00810000                        __eeprom_end = .

.fuse
 *(.fuse)
 *(.lfuse)
 *(.hfuse)
 *(.efuse)

.lock
 *(.lock*)

.signature
 *(.signature*)

.stab
 *(.stab)

.stabstr
 *(.stabstr)

.stab.excl
 *(.stab.excl)

.stab.exclstr
 *(.stab.exclstr)

.stab.index
 *(.stab.index)

.stab.indexstr
 *(.stab.indexstr)

.comment        0x00000000       0x26
 *(.comment)
 .comment       0x00000000       0x26 .build/obj_foostan_cornelius_via/quantum/keymap_introspection.o
                                 0x27 (size before relaxing)
 .comment       0x00000026       0x27 .build/obj_foostan_cornelius_via/quantum/quantum.o
 .comment       0x00000026       0x27 .build/obj_foostan_cornelius_via/quantum/led.o
 .comment       0x00000026       0x27 .build/obj_foostan_cornelius_via/quantum/action.o
 .comment       0x00000026       0x27 .build/obj_foostan_cornelius_via/quantum/action_layer.o
 .comment       0x00000026       0x27 .build/obj_foostan_cornelius_via/quantum/action_tapping.o
 .comment       0x00000026       0x27 .build/obj_foostan_cornelius_via/quantum/action_util.o
 .comment       0x00000026       0x27 .build/obj_foostan_cornelius_via/quantum/eeconfig.o
 .comment       0x00000026       0x27 .build/obj_foostan_cornelius_via/quantum/keyboard.o
 .comment       0x00000026       0x27 .build/obj_foostan_cornelius_via/quantum/keymap_common.o
 .comment       0x00000026       0x27 .build/obj_foostan_cornelius_via/quantum/keycode_config.o
 .comment       0x00000026       0x27 .build/obj_foostan_cornelius_via/quantum/logging/debug.o
 .comment       0x00000026       0x27 .build/obj_foostan_cornelius_via/quantum/logging/sendchar.o
 .comment       0x00000026       0x27 .build/obj_foostan_cornelius_via/quantum/matrix_common.o
 .comment       0x00000026       0x27 .build/obj_foostan_cornelius_via/quantum/matrix.o
 .comment       0x00000026       0x27 .build/obj_foostan_cornelius_via/quantum/debounce/sym_defer_g.o
 .comment       0x00000026       0x27 .build/obj_foostan_cornelius_via/quantum/main.o
 .comment       0x00000026       0x27 .build/obj_foostan_cornelius_via/platforms/avr/printf.o
 .comment       0x00000026       0x27 .build/obj_foostan_cornelius_via/quantum/bootmagic/bootmagic.o
 .comment       0x00000026       0x27 .build/obj_foostan_cornelius_via/quantum/dynamic_keymap.o
 .comment       0x00000026       0x27 .build/obj_foostan_cornelius_via/quantum/process_keycode/process_grave_esc.o
 .comment       0x00000026       0x27 .build/obj_foostan_cornelius_via/quantum/process_keycode/process_magic.o
 .comment       0x00000026       0x27 .build/obj_foostan_cornelius_via/quantum/mousekey.o
 .comment       0x00000026       0x27 .build/obj_foostan_cornelius_via/quantum/send_string/send_string.o
 .comment       0x00000026       0x27 .build/obj_foostan_cornelius_via/quantum/process_keycode/process_space_cadet.o
 .comment       0x00000026       0x27 .build/obj_foostan_cornelius_via/quantum/process_keycode/process_tri_layer.o
 .comment       0x00000026       0x27 .build/obj_foostan_cornelius_via/quantum/tri_layer.o
 .comment       0x00000026       0x27 .build/obj_foostan_cornelius_via/quantum/via.o
 .comment       0x00000026       0x27 .build/obj_foostan_cornelius_via/protocol/host.o
 .comment       0x00000026       0x27 .build/obj_foostan_cornelius_via/protocol/report.o
 .comment       0x00000026       0x27 .build/obj_foostan_cornelius_via/protocol/usb_device_state.o
 .comment       0x00000026       0x27 .build/obj_foostan_cornelius_via/platforms/suspend.o
 .comment       0x00000026       0x27 .build/obj_foostan_cornelius_via/platforms/avr/platform.o
 .comment       0x00000026       0x27 .build/obj_foostan_cornelius_via/platforms/avr/suspend.o
 .comment       0x00000026       0x27 .build/obj_foostan_cornelius_via/platforms/avr/timer.o
 .comment       0x00000026       0x27 .build/obj_foostan_cornelius_via/platforms/avr/bootloaders/dfu.o
 .comment       0x00000026       0x27 .build/obj_foostan_cornelius_via/lufa.o
 .comment       0x00000026       0x27 .build/obj_foostan_cornelius_via/usb_descriptor.o
 .comment       0x00000026       0x27 .build/obj_foostan_cornelius_via/lib/lufa/LUFA/Drivers/USB/Core/AVR8/Device_AVR8.o
 .comment       0x00000026       0x27 .build/obj_foostan_cornelius_via/lib/lufa/LUFA/Drivers/USB/Core/AVR8/EndpointStream_AVR8.o
 .comment       0x00000026       0x27 .build/obj_foostan_cornelius_via/lib/lufa/LUFA/Drivers/USB/Core/AVR8/Endpoint_AVR8.o
 .comment       0x00000026       0x27 .build/obj_foostan_cornelius_via/lib/lufa/LUFA/Drivers/USB/Core/AVR8/USBController_AVR8.o
 .comment       0x00000026       0x27 .build/obj_foostan_cornelius_via/lib/lufa/LUFA/Drivers/USB/Core/AVR8/USBInterrupt_AVR8.o
 .comment       0x00000026       0x27 .build/obj_foostan_cornelius_via/lib/lufa/LUFA/Drivers/USB/Core/DeviceStandardReq.o
 .comment       0x00000026       0x27 .build/obj_foostan_cornelius_via/lib/lufa/LUFA/Drivers/USB/Core/Events.o
 .comment       0x00000026       0x27 .build/obj_foostan_cornelius_via/lib/lufa/LUFA/Drivers/USB/Core/USBTask.o

.note.gnu.avr.deviceinfo
                0x00000000       0x40
 .note.gnu.avr.deviceinfo
                0x00000000       0x40 /opt/homebrew/Cellar/avr-gcc@8/8.5.0_2/lib/avr-gcc/8/gcc/avr/8.5.0/../../../../../../avr/lib/avr5/crtatmega32u4.o

.gnu.build.attributes
 *(.gnu.build.attributes .gnu.build.attributes.*)

.note.gnu.build-id
 *(.note.gnu.build-id)

.debug
 *(.debug)

.line
 *(.line)

.debug_srcinfo
 *(.debug_srcinfo)

.debug_sfnames
 *(.debug_sfnames)

.debug_aranges  0x00000000     0x11e8
 *(.debug_aranges)
 .debug_aranges
                0x00000000       0x38 .build/obj_foostan_cornelius_via/quantum/keymap_introspection.o
 .debug_aranges
                0x00000038       0xf8 .build/obj_foostan_cornelius_via/quantum/quantum.o
 .debug_aranges
                0x00000130       0x70 .build/obj_foostan_cornelius_via/quantum/led.o
 .debug_aranges
                0x000001a0       0xe0 .build/obj_foostan_cornelius_via/quantum/action.o
 .debug_aranges
                0x00000280      0x100 .build/obj_foostan_cornelius_via/quantum/action_layer.o
 .debug_aranges
                0x00000380       0x48 .build/obj_foostan_cornelius_via/quantum/action_tapping.o
 .debug_aranges
                0x000003c8      0x168 .build/obj_foostan_cornelius_via/quantum/action_util.o
 .debug_aranges
                0x00000530       0xd8 .build/obj_foostan_cornelius_via/quantum/eeconfig.o
 .debug_aranges
                0x00000608       0xe0 .build/obj_foostan_cornelius_via/quantum/keyboard.o
 .debug_aranges
                0x000006e8       0x30 .build/obj_foostan_cornelius_via/quantum/keymap_common.o
 .debug_aranges
                0x00000718       0x28 .build/obj_foostan_cornelius_via/quantum/keycode_config.o
 .debug_aranges
                0x00000740       0x18 .build/obj_foostan_cornelius_via/quantum/logging/debug.o
 .debug_aranges
                0x00000758       0x20 .build/obj_foostan_cornelius_via/quantum/logging/sendchar.o
 .debug_aranges
                0x00000778       0x90 .build/obj_foostan_cornelius_via/quantum/matrix_common.o
 .debug_aranges
                0x00000808       0x40 .build/obj_foostan_cornelius_via/quantum/matrix.o
 .debug_aranges
                0x00000848       0x30 .build/obj_foostan_cornelius_via/quantum/debounce/sym_defer_g.o
 .debug_aranges
                0x00000878       0x30 .build/obj_foostan_cornelius_via/quantum/main.o
 .debug_aranges
                0x000008a8       0x20 .build/obj_foostan_cornelius_via/platforms/avr/printf.o
 .debug_aranges
                0x000008c8       0x38 .build/obj_foostan_cornelius_via/quantum/bootmagic/bootmagic.o
 .debug_aranges
                0x00000900       0x88 .build/obj_foostan_cornelius_via/quantum/dynamic_keymap.o
 .debug_aranges
                0x00000988       0x20 .build/obj_foostan_cornelius_via/quantum/process_keycode/process_grave_esc.o
 .debug_aranges
                0x000009a8       0x20 .build/obj_foostan_cornelius_via/quantum/process_keycode/process_magic.o
 .debug_aranges
                0x000009c8       0x68 .build/obj_foostan_cornelius_via/quantum/mousekey.o
 .debug_aranges
                0x00000a30       0x70 .build/obj_foostan_cornelius_via/quantum/send_string/send_string.o
 .debug_aranges
                0x00000aa0       0x30 .build/obj_foostan_cornelius_via/quantum/process_keycode/process_space_cadet.o
 .debug_aranges
                0x00000ad0       0x20 .build/obj_foostan_cornelius_via/quantum/process_keycode/process_tri_layer.o
 .debug_aranges
                0x00000af0       0x50 .build/obj_foostan_cornelius_via/quantum/tri_layer.o
 .debug_aranges
                0x00000b40       0x88 .build/obj_foostan_cornelius_via/quantum/via.o
 .debug_aranges
                0x00000bc8       0x78 .build/obj_foostan_cornelius_via/protocol/host.o
 .debug_aranges
                0x00000c40       0x60 .build/obj_foostan_cornelius_via/protocol/report.o
 .debug_aranges
                0x00000ca0       0x40 .build/obj_foostan_cornelius_via/protocol/usb_device_state.o
 .debug_aranges
                0x00000ce0       0x38 .build/obj_foostan_cornelius_via/platforms/suspend.o
 .debug_aranges
                0x00000d18       0x20 .build/obj_foostan_cornelius_via/platforms/avr/platform.o
 .debug_aranges
                0x00000d38       0x30 .build/obj_foostan_cornelius_via/platforms/avr/suspend.o
 .debug_aranges
                0x00000d68       0x50 .build/obj_foostan_cornelius_via/platforms/avr/timer.o
 .debug_aranges
                0x00000db8       0x30 .build/obj_foostan_cornelius_via/platforms/avr/bootloaders/dfu.o
 .debug_aranges
                0x00000de8       0xc0 .build/obj_foostan_cornelius_via/lufa.o
 .debug_aranges
                0x00000ea8       0x20 .build/obj_foostan_cornelius_via/usb_descriptor.o
 .debug_aranges
                0x00000ec8       0x20 .build/obj_foostan_cornelius_via/lib/lufa/LUFA/Drivers/USB/Core/AVR8/Device_AVR8.o
 .debug_aranges
                0x00000ee8       0xc8 .build/obj_foostan_cornelius_via/lib/lufa/LUFA/Drivers/USB/Core/AVR8/EndpointStream_AVR8.o
 .debug_aranges
                0x00000fb0       0x40 .build/obj_foostan_cornelius_via/lib/lufa/LUFA/Drivers/USB/Core/AVR8/Endpoint_AVR8.o
 .debug_aranges
                0x00000ff0       0x30 .build/obj_foostan_cornelius_via/lib/lufa/LUFA/Drivers/USB/Core/AVR8/USBController_AVR8.o
 .debug_aranges
                0x00001020       0x38 .build/obj_foostan_cornelius_via/lib/lufa/LUFA/Drivers/USB/Core/AVR8/USBInterrupt_AVR8.o
 .debug_aranges